<!doctype html public "-//w3c//dtd html 4.0 transitional//en">
<html><head>
<title>Static Call Graph - [.\Objects\arm1.axf]</title></head>
<body><HR>
<H1>Static Call Graph for image .\Objects\arm1.axf</H1><HR>
<BR><P>#&#060CALLGRAPH&#062# ARM Linker, 5060750: Last Updated: Fri Jul 08 17:52:08 2022
<BR><P>
<H3>Maximum Stack Usage =       1344 bytes + Unknown(Cycles, Untraceable Function Pointers)</H3><H3>
Call chain for Maximum Stack Depth:</H3>
main &rArr; nav_task &rArr; Kalman_smooth &rArr; InterfaceKalman &rArr; InsUpdate &rArr; inav_log &rArr; rtc_update &rArr; str2time &rArr; __0sscanf &rArr; __vfscanf_char &rArr; __vfscanf &rArr; _scanf_real
<P>
<H3>
Mutually Recursive functions
</H3> <LI><a href="#[1f]">ADC_IRQHandler</a>&nbsp;&nbsp;&nbsp;&rArr;&nbsp;&nbsp;&nbsp;<a href="#[1f]">ADC_IRQHandler</a><BR>
</UL>
<P>
<H3>
Function Pointers
</H3><UL>
 <LI><a href="#[1f]">ADC_IRQHandler</a> from startup_gd32f450_470.o(.text) referenced from startup_gd32f450_470.o(RESET)
 <LI><a href="#[7]">BusFault_Handler</a> from gd32f4xx_it.o(i.BusFault_Handler) referenced from startup_gd32f450_470.o(RESET)
 <LI><a href="#[23]">CAN0_EWMC_IRQHandler</a> from startup_gd32f450_470.o(.text) referenced from startup_gd32f450_470.o(RESET)
 <LI><a href="#[21]">CAN0_RX0_IRQHandler</a> from drv_can.o(i.CAN0_RX0_IRQHandler) referenced from startup_gd32f450_470.o(RESET)
 <LI><a href="#[22]">CAN0_RX1_IRQHandler</a> from startup_gd32f450_470.o(.text) referenced from startup_gd32f450_470.o(RESET)
 <LI><a href="#[20]">CAN0_TX_IRQHandler</a> from drv_can.o(i.CAN0_TX_IRQHandler) referenced from startup_gd32f450_470.o(RESET)
 <LI><a href="#[4f]">CAN1_EWMC_IRQHandler</a> from startup_gd32f450_470.o(.text) referenced from startup_gd32f450_470.o(RESET)
 <LI><a href="#[4d]">CAN1_RX0_IRQHandler</a> from drv_can.o(i.CAN1_RX0_IRQHandler) referenced from startup_gd32f450_470.o(RESET)
 <LI><a href="#[4e]">CAN1_RX1_IRQHandler</a> from startup_gd32f450_470.o(.text) referenced from startup_gd32f450_470.o(RESET)
 <LI><a href="#[4c]">CAN1_TX_IRQHandler</a> from startup_gd32f450_470.o(.text) referenced from startup_gd32f450_470.o(RESET)
 <LI><a href="#[5b]">DCI_IRQHandler</a> from startup_gd32f450_470.o(.text) referenced from startup_gd32f450_470.o(RESET)
 <LI><a href="#[18]">DMA0_Channel0_IRQHandler</a> from startup_gd32f450_470.o(.text) referenced from startup_gd32f450_470.o(RESET)
 <LI><a href="#[19]">DMA0_Channel1_IRQHandler</a> from startup_gd32f450_470.o(.text) referenced from startup_gd32f450_470.o(RESET)
 <LI><a href="#[1a]">DMA0_Channel2_IRQHandler</a> from startup_gd32f450_470.o(.text) referenced from startup_gd32f450_470.o(RESET)
 <LI><a href="#[1b]">DMA0_Channel3_IRQHandler</a> from startup_gd32f450_470.o(.text) referenced from startup_gd32f450_470.o(RESET)
 <LI><a href="#[1c]">DMA0_Channel4_IRQHandler</a> from startup_gd32f450_470.o(.text) referenced from startup_gd32f450_470.o(RESET)
 <LI><a href="#[1d]">DMA0_Channel5_IRQHandler</a> from startup_gd32f450_470.o(.text) referenced from startup_gd32f450_470.o(RESET)
 <LI><a href="#[1e]">DMA0_Channel6_IRQHandler</a> from startup_gd32f450_470.o(.text) referenced from startup_gd32f450_470.o(RESET)
 <LI><a href="#[3c]">DMA0_Channel7_IRQHandler</a> from drv_usart.o(i.DMA0_Channel7_IRQHandler) referenced from startup_gd32f450_470.o(RESET)
 <LI><a href="#[45]">DMA1_Channel0_IRQHandler</a> from startup_gd32f450_470.o(.text) referenced from startup_gd32f450_470.o(RESET)
 <LI><a href="#[46]">DMA1_Channel1_IRQHandler</a> from startup_gd32f450_470.o(.text) referenced from startup_gd32f450_470.o(RESET)
 <LI><a href="#[47]">DMA1_Channel2_IRQHandler</a> from startup_gd32f450_470.o(.text) referenced from startup_gd32f450_470.o(RESET)
 <LI><a href="#[48]">DMA1_Channel3_IRQHandler</a> from startup_gd32f450_470.o(.text) referenced from startup_gd32f450_470.o(RESET)
 <LI><a href="#[49]">DMA1_Channel4_IRQHandler</a> from startup_gd32f450_470.o(.text) referenced from startup_gd32f450_470.o(RESET)
 <LI><a href="#[51]">DMA1_Channel5_IRQHandler</a> from startup_gd32f450_470.o(.text) referenced from startup_gd32f450_470.o(RESET)
 <LI><a href="#[52]">DMA1_Channel6_IRQHandler</a> from startup_gd32f450_470.o(.text) referenced from startup_gd32f450_470.o(RESET)
 <LI><a href="#[53]">DMA1_Channel7_IRQHandler</a> from startup_gd32f450_470.o(.text) referenced from startup_gd32f450_470.o(RESET)
 <LI><a href="#[a]">DebugMon_Handler</a> from gd32f4xx_it.o(i.DebugMon_Handler) referenced from startup_gd32f450_470.o(RESET)
 <LI><a href="#[4a]">ENET_IRQHandler</a> from startup_gd32f450_470.o(.text) referenced from startup_gd32f450_470.o(RESET)
 <LI><a href="#[4b]">ENET_WKUP_IRQHandler</a> from startup_gd32f450_470.o(.text) referenced from startup_gd32f450_470.o(RESET)
 <LI><a href="#[3d]">EXMC_IRQHandler</a> from startup_gd32f450_470.o(.text) referenced from startup_gd32f450_470.o(RESET)
 <LI><a href="#[13]">EXTI0_IRQHandler</a> from drv_gpio.o(i.EXTI0_IRQHandler) referenced from startup_gd32f450_470.o(RESET)
 <LI><a href="#[35]">EXTI10_15_IRQHandler</a> from drv_gpio.o(i.EXTI10_15_IRQHandler) referenced from startup_gd32f450_470.o(RESET)
 <LI><a href="#[14]">EXTI1_IRQHandler</a> from drv_gpio.o(i.EXTI1_IRQHandler) referenced from startup_gd32f450_470.o(RESET)
 <LI><a href="#[15]">EXTI2_IRQHandler</a> from drv_gpio.o(i.EXTI2_IRQHandler) referenced from startup_gd32f450_470.o(RESET)
 <LI><a href="#[16]">EXTI3_IRQHandler</a> from drv_gpio.o(i.EXTI3_IRQHandler) referenced from startup_gd32f450_470.o(RESET)
 <LI><a href="#[17]">EXTI4_IRQHandler</a> from drv_gpio.o(i.EXTI4_IRQHandler) referenced from startup_gd32f450_470.o(RESET)
 <LI><a href="#[24]">EXTI5_9_IRQHandler</a> from drv_gpio.o(i.EXTI5_9_IRQHandler) referenced from startup_gd32f450_470.o(RESET)
 <LI><a href="#[11]">FMC_IRQHandler</a> from startup_gd32f450_470.o(.text) referenced from startup_gd32f450_470.o(RESET)
 <LI><a href="#[5d]">FPU_IRQHandler</a> from startup_gd32f450_470.o(.text) referenced from startup_gd32f450_470.o(RESET)
 <LI><a href="#[5]">HardFault_Handler</a> from gd32f4xx_it.o(i.HardFault_Handler) referenced from startup_gd32f450_470.o(RESET)
 <LI><a href="#[2d]">I2C0_ER_IRQHandler</a> from startup_gd32f450_470.o(.text) referenced from startup_gd32f450_470.o(RESET)
 <LI><a href="#[2c]">I2C0_EV_IRQHandler</a> from startup_gd32f450_470.o(.text) referenced from startup_gd32f450_470.o(RESET)
 <LI><a href="#[2f]">I2C1_ER_IRQHandler</a> from startup_gd32f450_470.o(.text) referenced from startup_gd32f450_470.o(RESET)
 <LI><a href="#[2e]">I2C1_EV_IRQHandler</a> from startup_gd32f450_470.o(.text) referenced from startup_gd32f450_470.o(RESET)
 <LI><a href="#[56]">I2C2_ER_IRQHandler</a> from startup_gd32f450_470.o(.text) referenced from startup_gd32f450_470.o(RESET)
 <LI><a href="#[55]">I2C2_EV_IRQHandler</a> from startup_gd32f450_470.o(.text) referenced from startup_gd32f450_470.o(RESET)
 <LI><a href="#[65]">IPA_IRQHandler</a> from startup_gd32f450_470.o(.text) referenced from startup_gd32f450_470.o(RESET)
 <LI><a href="#[e]">LVD_IRQHandler</a> from startup_gd32f450_470.o(.text) referenced from startup_gd32f450_470.o(RESET)
 <LI><a href="#[6]">MemManage_Handler</a> from gd32f4xx_it.o(i.MemManage_Handler) referenced from startup_gd32f450_470.o(RESET)
 <LI><a href="#[4]">NMI_Handler</a> from gd32f4xx_it.o(i.NMI_Handler) referenced from startup_gd32f450_470.o(RESET)
 <LI><a href="#[b]">PendSV_Handler</a> from gd32f4xx_it.o(i.PendSV_Handler) referenced from startup_gd32f450_470.o(RESET)
 <LI><a href="#[2]">PublicTimerTask</a> from public.o(i.PublicTimerTask) referenced 2 times from taskschedule.o(.data)
 <LI><a href="#[12]">RCU_CTC_IRQHandler</a> from startup_gd32f450_470.o(.text) referenced from startup_gd32f450_470.o(RESET)
 <LI><a href="#[36]">RTC_Alarm_IRQHandler</a> from startup_gd32f450_470.o(.text) referenced from startup_gd32f450_470.o(RESET)
 <LI><a href="#[10]">RTC_WKUP_IRQHandler</a> from startup_gd32f450_470.o(.text) referenced from startup_gd32f450_470.o(RESET)
 <LI><a href="#[3]">Reset_Handler</a> from startup_gd32f450_470.o(.text) referenced from startup_gd32f450_470.o(RESET)
 <LI><a href="#[3e]">SDIO_IRQHandler</a> from startup_gd32f450_470.o(.text) referenced from startup_gd32f450_470.o(RESET)
 <LI><a href="#[30]">SPI0_IRQHandler</a> from startup_gd32f450_470.o(.text) referenced from startup_gd32f450_470.o(RESET)
 <LI><a href="#[31]">SPI1_IRQHandler</a> from startup_gd32f450_470.o(.text) referenced from startup_gd32f450_470.o(RESET)
 <LI><a href="#[40]">SPI2_IRQHandler</a> from startup_gd32f450_470.o(.text) referenced from startup_gd32f450_470.o(RESET)
 <LI><a href="#[60]">SPI3_IRQHandler</a> from startup_gd32f450_470.o(.text) referenced from startup_gd32f450_470.o(RESET)
 <LI><a href="#[61]">SPI4_IRQHandler</a> from startup_gd32f450_470.o(.text) referenced from startup_gd32f450_470.o(RESET)
 <LI><a href="#[62]">SPI5_IRQHandler</a> from startup_gd32f450_470.o(.text) referenced from startup_gd32f450_470.o(RESET)
 <LI><a href="#[9]">SVC_Handler</a> from gd32f4xx_it.o(i.SVC_Handler) referenced from startup_gd32f450_470.o(RESET)
 <LI><a href="#[c]">SysTick_Handler</a> from gd32f4xx_it.o(i.SysTick_Handler) referenced from startup_gd32f450_470.o(RESET)
 <LI><a href="#[67]">SystemInit</a> from system_gd32f4xx.o(i.SystemInit) referenced from startup_gd32f450_470.o(.text)
 <LI><a href="#[f]">TAMPER_STAMP_IRQHandler</a> from startup_gd32f450_470.o(.text) referenced from startup_gd32f450_470.o(RESET)
 <LI><a href="#[25]">TIMER0_BRK_TIMER8_IRQHandler</a> from startup_gd32f450_470.o(.text) referenced from startup_gd32f450_470.o(RESET)
 <LI><a href="#[28]">TIMER0_Channel_IRQHandler</a> from startup_gd32f450_470.o(.text) referenced from startup_gd32f450_470.o(RESET)
 <LI><a href="#[27]">TIMER0_TRG_CMT_TIMER10_IRQHandler</a> from startup_gd32f450_470.o(.text) referenced from startup_gd32f450_470.o(RESET)
 <LI><a href="#[26]">TIMER0_UP_TIMER9_IRQHandler</a> from startup_gd32f450_470.o(.text) referenced from startup_gd32f450_470.o(RESET)
 <LI><a href="#[29]">TIMER1_IRQHandler</a> from drv_timer.o(i.TIMER1_IRQHandler) referenced from startup_gd32f450_470.o(RESET)
 <LI><a href="#[2a]">TIMER2_IRQHandler</a> from startup_gd32f450_470.o(.text) referenced from startup_gd32f450_470.o(RESET)
 <LI><a href="#[2b]">TIMER3_IRQHandler</a> from drv_timer.o(i.TIMER3_IRQHandler) referenced from startup_gd32f450_470.o(RESET)
 <LI><a href="#[3f]">TIMER4_IRQHandler</a> from startup_gd32f450_470.o(.text) referenced from startup_gd32f450_470.o(RESET)
 <LI><a href="#[43]">TIMER5_DAC_IRQHandler</a> from startup_gd32f450_470.o(.text) referenced from startup_gd32f450_470.o(RESET)
 <LI><a href="#[44]">TIMER6_IRQHandler</a> from startup_gd32f450_470.o(.text) referenced from startup_gd32f450_470.o(RESET)
 <LI><a href="#[38]">TIMER7_BRK_TIMER11_IRQHandler</a> from startup_gd32f450_470.o(.text) referenced from startup_gd32f450_470.o(RESET)
 <LI><a href="#[3b]">TIMER7_Channel_IRQHandler</a> from startup_gd32f450_470.o(.text) referenced from startup_gd32f450_470.o(RESET)
 <LI><a href="#[3a]">TIMER7_TRG_CMT_TIMER13_IRQHandler</a> from startup_gd32f450_470.o(.text) referenced from startup_gd32f450_470.o(RESET)
 <LI><a href="#[39]">TIMER7_UP_TIMER12_IRQHandler</a> from startup_gd32f450_470.o(.text) referenced from startup_gd32f450_470.o(RESET)
 <LI><a href="#[64]">TLI_ER_IRQHandler</a> from startup_gd32f450_470.o(.text) referenced from startup_gd32f450_470.o(RESET)
 <LI><a href="#[63]">TLI_IRQHandler</a> from startup_gd32f450_470.o(.text) referenced from startup_gd32f450_470.o(RESET)
 <LI><a href="#[5c]">TRNG_IRQHandler</a> from startup_gd32f450_470.o(.text) referenced from startup_gd32f450_470.o(RESET)
 <LI><a href="#[41]">UART3_IRQHandler</a> from startup_gd32f450_470.o(.text) referenced from startup_gd32f450_470.o(RESET)
 <LI><a href="#[42]">UART4_IRQHandler</a> from drv_usart.o(i.UART4_IRQHandler) referenced from startup_gd32f450_470.o(RESET)
 <LI><a href="#[5e]">UART6_IRQHandler</a> from startup_gd32f450_470.o(.text) referenced from startup_gd32f450_470.o(RESET)
 <LI><a href="#[5f]">UART7_IRQHandler</a> from startup_gd32f450_470.o(.text) referenced from startup_gd32f450_470.o(RESET)
 <LI><a href="#[32]">USART0_IRQHandler</a> from startup_gd32f450_470.o(.text) referenced from startup_gd32f450_470.o(RESET)
 <LI><a href="#[33]">USART1_IRQHandler</a> from startup_gd32f450_470.o(.text) referenced from startup_gd32f450_470.o(RESET)
 <LI><a href="#[34]">USART2_IRQHandler</a> from startup_gd32f450_470.o(.text) referenced from startup_gd32f450_470.o(RESET)
 <LI><a href="#[54]">USART5_IRQHandler</a> from startup_gd32f450_470.o(.text) referenced from startup_gd32f450_470.o(RESET)
 <LI><a href="#[50]">USBFS_IRQHandler</a> from startup_gd32f450_470.o(.text) referenced from startup_gd32f450_470.o(RESET)
 <LI><a href="#[37]">USBFS_WKUP_IRQHandler</a> from startup_gd32f450_470.o(.text) referenced from startup_gd32f450_470.o(RESET)
 <LI><a href="#[58]">USBHS_EP1_In_IRQHandler</a> from startup_gd32f450_470.o(.text) referenced from startup_gd32f450_470.o(RESET)
 <LI><a href="#[57]">USBHS_EP1_Out_IRQHandler</a> from startup_gd32f450_470.o(.text) referenced from startup_gd32f450_470.o(RESET)
 <LI><a href="#[5a]">USBHS_IRQHandler</a> from startup_gd32f450_470.o(.text) referenced from startup_gd32f450_470.o(RESET)
 <LI><a href="#[59]">USBHS_WKUP_IRQHandler</a> from startup_gd32f450_470.o(.text) referenced from startup_gd32f450_470.o(RESET)
 <LI><a href="#[8]">UsageFault_Handler</a> from gd32f4xx_it.o(i.UsageFault_Handler) referenced from startup_gd32f450_470.o(RESET)
 <LI><a href="#[d]">WWDGT_IRQHandler</a> from startup_gd32f450_470.o(.text) referenced from startup_gd32f450_470.o(RESET)
 <LI><a href="#[68]">__main</a> from entry.o(.ARM.Collect$$$$00000000) referenced from startup_gd32f450_470.o(.text)
 <LI><a href="#[6a]">_sbackspace</a> from _sgetc.o(.text) referenced 2 times from __0sscanf.o(.text)
 <LI><a href="#[6b]">_scanf_char_input</a> from scanf_char.o(.text) referenced from scanf_char.o(.text)
 <LI><a href="#[69]">_sgetc</a> from _sgetc.o(.text) referenced 2 times from __0sscanf.o(.text)
 <LI><a href="#[6f]">_snputc</a> from printfa.o(i._snputc) referenced from printfa.o(i.__0vsnprintf)
 <LI><a href="#[6e]">_sputc</a> from printfa.o(i._sputc) referenced from printfa.o(i.__0sprintf)
 <LI><a href="#[71]">arm_syn_int_hdr</a> from main.o(i.arm_syn_int_hdr) referenced from main.o(i.gpio_init)
 <LI><a href="#[72]">comm_handle</a> from computerframeparse.o(i.comm_handle) referenced from main.o(i.main)
 <LI><a href="#[70]">fpga_int_hdr</a> from main.o(i.fpga_int_hdr) referenced from main.o(i.gpio_init)
 <LI><a href="#[6d]">fputc</a> from main.o(i.fputc) referenced from printfa.o(i.__0printf)
 <LI><a href="#[73]">gd32_usart_configure</a> from drv_usart.o(i.gd32_usart_configure) referenced from drv_usart.o(.constdata)
 <LI><a href="#[74]">gd32_usart_control</a> from drv_usart.o(i.gd32_usart_control) referenced from drv_usart.o(.constdata)
 <LI><a href="#[76]">gd32_usart_getc</a> from drv_usart.o(i.gd32_usart_getc) referenced from drv_usart.o(.constdata)
 <LI><a href="#[75]">gd32_usart_putc</a> from drv_usart.o(i.gd32_usart_putc) referenced from drv_usart.o(.constdata)
 <LI><a href="#[6c]">isspace</a> from isspace_o.o(.text) referenced 2 times from scanf_char.o(.text)
 <LI><a href="#[66]">main</a> from main.o(i.main) referenced from entry9a.o(.ARM.Collect$$$$0000000B)
 <LI><a href="#[1]">system_1s_task</a> from main.o(i.system_1s_task) referenced 2 times from taskschedule.o(.data)
</UL>
<P>
<H3>
Global Symbols
</H3>
<P><STRONG><a name="[68]"></a>__main</STRONG> (Thumb, 0 bytes, Stack size unknown bytes, entry.o(.ARM.Collect$$$$00000000))
<BR>[Address Reference Count : 1]<UL><LI> startup_gd32f450_470.o(.text)
</UL>
<P><STRONG><a name="[1b9]"></a>_main_stk</STRONG> (Thumb, 0 bytes, Stack size unknown bytes, entry2.o(.ARM.Collect$$$$00000001))

<P><STRONG><a name="[77]"></a>_main_scatterload</STRONG> (Thumb, 0 bytes, Stack size unknown bytes, entry5.o(.ARM.Collect$$$$00000004))
<BR><BR>[Calls]<UL><LI><a href="#[78]">&gt;&gt;</a>&nbsp;&nbsp;&nbsp;__scatterload
</UL>

<P><STRONG><a name="[9f]"></a>__main_after_scatterload</STRONG> (Thumb, 0 bytes, Stack size unknown bytes, entry5.o(.ARM.Collect$$$$00000004))
<BR><BR>[Called By]<UL><LI><a href="#[78]">&gt;&gt;</a>&nbsp;&nbsp;&nbsp;__scatterload
</UL>

<P><STRONG><a name="[1ba]"></a>_main_clock</STRONG> (Thumb, 0 bytes, Stack size unknown bytes, entry7b.o(.ARM.Collect$$$$00000008))

<P><STRONG><a name="[1bb]"></a>_main_cpp_init</STRONG> (Thumb, 0 bytes, Stack size unknown bytes, entry8b.o(.ARM.Collect$$$$0000000A))

<P><STRONG><a name="[1bc]"></a>_main_init</STRONG> (Thumb, 0 bytes, Stack size unknown bytes, entry9a.o(.ARM.Collect$$$$0000000B))

<P><STRONG><a name="[1bd]"></a>__rt_final_cpp</STRONG> (Thumb, 0 bytes, Stack size unknown bytes, entry10a.o(.ARM.Collect$$$$0000000D))

<P><STRONG><a name="[1be]"></a>__rt_final_exit</STRONG> (Thumb, 0 bytes, Stack size unknown bytes, entry11a.o(.ARM.Collect$$$$0000000F))

<P><STRONG><a name="[3]"></a>Reset_Handler</STRONG> (Thumb, 8 bytes, Stack size 0 bytes, startup_gd32f450_470.o(.text))
<BR>[Address Reference Count : 1]<UL><LI> startup_gd32f450_470.o(RESET)
</UL>
<P><STRONG><a name="[1f]"></a>ADC_IRQHandler</STRONG> (Thumb, 0 bytes, Stack size 0 bytes, startup_gd32f450_470.o(.text))
<BR><BR>[Calls]<UL><LI><a href="#[1f]">&gt;&gt;</a>&nbsp;&nbsp;&nbsp;ADC_IRQHandler
</UL>
<BR>[Called By]<UL><LI><a href="#[1f]">&gt;&gt;</a>&nbsp;&nbsp;&nbsp;ADC_IRQHandler
</UL>
<BR>[Address Reference Count : 1]<UL><LI> startup_gd32f450_470.o(RESET)
</UL>
<P><STRONG><a name="[23]"></a>CAN0_EWMC_IRQHandler</STRONG> (Thumb, 0 bytes, Stack size 0 bytes, startup_gd32f450_470.o(.text))
<BR>[Address Reference Count : 1]<UL><LI> startup_gd32f450_470.o(RESET)
</UL>
<P><STRONG><a name="[22]"></a>CAN0_RX1_IRQHandler</STRONG> (Thumb, 0 bytes, Stack size 0 bytes, startup_gd32f450_470.o(.text))
<BR>[Address Reference Count : 1]<UL><LI> startup_gd32f450_470.o(RESET)
</UL>
<P><STRONG><a name="[4f]"></a>CAN1_EWMC_IRQHandler</STRONG> (Thumb, 0 bytes, Stack size 0 bytes, startup_gd32f450_470.o(.text))
<BR>[Address Reference Count : 1]<UL><LI> startup_gd32f450_470.o(RESET)
</UL>
<P><STRONG><a name="[4e]"></a>CAN1_RX1_IRQHandler</STRONG> (Thumb, 0 bytes, Stack size 0 bytes, startup_gd32f450_470.o(.text))
<BR>[Address Reference Count : 1]<UL><LI> startup_gd32f450_470.o(RESET)
</UL>
<P><STRONG><a name="[4c]"></a>CAN1_TX_IRQHandler</STRONG> (Thumb, 0 bytes, Stack size 0 bytes, startup_gd32f450_470.o(.text))
<BR>[Address Reference Count : 1]<UL><LI> startup_gd32f450_470.o(RESET)
</UL>
<P><STRONG><a name="[5b]"></a>DCI_IRQHandler</STRONG> (Thumb, 0 bytes, Stack size 0 bytes, startup_gd32f450_470.o(.text))
<BR>[Address Reference Count : 1]<UL><LI> startup_gd32f450_470.o(RESET)
</UL>
<P><STRONG><a name="[18]"></a>DMA0_Channel0_IRQHandler</STRONG> (Thumb, 0 bytes, Stack size 0 bytes, startup_gd32f450_470.o(.text))
<BR>[Address Reference Count : 1]<UL><LI> startup_gd32f450_470.o(RESET)
</UL>
<P><STRONG><a name="[19]"></a>DMA0_Channel1_IRQHandler</STRONG> (Thumb, 0 bytes, Stack size 0 bytes, startup_gd32f450_470.o(.text))
<BR>[Address Reference Count : 1]<UL><LI> startup_gd32f450_470.o(RESET)
</UL>
<P><STRONG><a name="[1a]"></a>DMA0_Channel2_IRQHandler</STRONG> (Thumb, 0 bytes, Stack size 0 bytes, startup_gd32f450_470.o(.text))
<BR>[Address Reference Count : 1]<UL><LI> startup_gd32f450_470.o(RESET)
</UL>
<P><STRONG><a name="[1b]"></a>DMA0_Channel3_IRQHandler</STRONG> (Thumb, 0 bytes, Stack size 0 bytes, startup_gd32f450_470.o(.text))
<BR>[Address Reference Count : 1]<UL><LI> startup_gd32f450_470.o(RESET)
</UL>
<P><STRONG><a name="[1c]"></a>DMA0_Channel4_IRQHandler</STRONG> (Thumb, 0 bytes, Stack size 0 bytes, startup_gd32f450_470.o(.text))
<BR>[Address Reference Count : 1]<UL><LI> startup_gd32f450_470.o(RESET)
</UL>
<P><STRONG><a name="[1d]"></a>DMA0_Channel5_IRQHandler</STRONG> (Thumb, 0 bytes, Stack size 0 bytes, startup_gd32f450_470.o(.text))
<BR>[Address Reference Count : 1]<UL><LI> startup_gd32f450_470.o(RESET)
</UL>
<P><STRONG><a name="[1e]"></a>DMA0_Channel6_IRQHandler</STRONG> (Thumb, 0 bytes, Stack size 0 bytes, startup_gd32f450_470.o(.text))
<BR>[Address Reference Count : 1]<UL><LI> startup_gd32f450_470.o(RESET)
</UL>
<P><STRONG><a name="[45]"></a>DMA1_Channel0_IRQHandler</STRONG> (Thumb, 0 bytes, Stack size 0 bytes, startup_gd32f450_470.o(.text))
<BR>[Address Reference Count : 1]<UL><LI> startup_gd32f450_470.o(RESET)
</UL>
<P><STRONG><a name="[46]"></a>DMA1_Channel1_IRQHandler</STRONG> (Thumb, 0 bytes, Stack size 0 bytes, startup_gd32f450_470.o(.text))
<BR>[Address Reference Count : 1]<UL><LI> startup_gd32f450_470.o(RESET)
</UL>
<P><STRONG><a name="[47]"></a>DMA1_Channel2_IRQHandler</STRONG> (Thumb, 0 bytes, Stack size 0 bytes, startup_gd32f450_470.o(.text))
<BR>[Address Reference Count : 1]<UL><LI> startup_gd32f450_470.o(RESET)
</UL>
<P><STRONG><a name="[48]"></a>DMA1_Channel3_IRQHandler</STRONG> (Thumb, 0 bytes, Stack size 0 bytes, startup_gd32f450_470.o(.text))
<BR>[Address Reference Count : 1]<UL><LI> startup_gd32f450_470.o(RESET)
</UL>
<P><STRONG><a name="[49]"></a>DMA1_Channel4_IRQHandler</STRONG> (Thumb, 0 bytes, Stack size 0 bytes, startup_gd32f450_470.o(.text))
<BR>[Address Reference Count : 1]<UL><LI> startup_gd32f450_470.o(RESET)
</UL>
<P><STRONG><a name="[51]"></a>DMA1_Channel5_IRQHandler</STRONG> (Thumb, 0 bytes, Stack size 0 bytes, startup_gd32f450_470.o(.text))
<BR>[Address Reference Count : 1]<UL><LI> startup_gd32f450_470.o(RESET)
</UL>
<P><STRONG><a name="[52]"></a>DMA1_Channel6_IRQHandler</STRONG> (Thumb, 0 bytes, Stack size 0 bytes, startup_gd32f450_470.o(.text))
<BR>[Address Reference Count : 1]<UL><LI> startup_gd32f450_470.o(RESET)
</UL>
<P><STRONG><a name="[53]"></a>DMA1_Channel7_IRQHandler</STRONG> (Thumb, 0 bytes, Stack size 0 bytes, startup_gd32f450_470.o(.text))
<BR>[Address Reference Count : 1]<UL><LI> startup_gd32f450_470.o(RESET)
</UL>
<P><STRONG><a name="[4a]"></a>ENET_IRQHandler</STRONG> (Thumb, 0 bytes, Stack size 0 bytes, startup_gd32f450_470.o(.text))
<BR>[Address Reference Count : 1]<UL><LI> startup_gd32f450_470.o(RESET)
</UL>
<P><STRONG><a name="[4b]"></a>ENET_WKUP_IRQHandler</STRONG> (Thumb, 0 bytes, Stack size 0 bytes, startup_gd32f450_470.o(.text))
<BR>[Address Reference Count : 1]<UL><LI> startup_gd32f450_470.o(RESET)
</UL>
<P><STRONG><a name="[3d]"></a>EXMC_IRQHandler</STRONG> (Thumb, 0 bytes, Stack size 0 bytes, startup_gd32f450_470.o(.text))
<BR>[Address Reference Count : 1]<UL><LI> startup_gd32f450_470.o(RESET)
</UL>
<P><STRONG><a name="[11]"></a>FMC_IRQHandler</STRONG> (Thumb, 0 bytes, Stack size 0 bytes, startup_gd32f450_470.o(.text))
<BR>[Address Reference Count : 1]<UL><LI> startup_gd32f450_470.o(RESET)
</UL>
<P><STRONG><a name="[5d]"></a>FPU_IRQHandler</STRONG> (Thumb, 0 bytes, Stack size 0 bytes, startup_gd32f450_470.o(.text))
<BR>[Address Reference Count : 1]<UL><LI> startup_gd32f450_470.o(RESET)
</UL>
<P><STRONG><a name="[2d]"></a>I2C0_ER_IRQHandler</STRONG> (Thumb, 0 bytes, Stack size 0 bytes, startup_gd32f450_470.o(.text))
<BR>[Address Reference Count : 1]<UL><LI> startup_gd32f450_470.o(RESET)
</UL>
<P><STRONG><a name="[2c]"></a>I2C0_EV_IRQHandler</STRONG> (Thumb, 0 bytes, Stack size 0 bytes, startup_gd32f450_470.o(.text))
<BR>[Address Reference Count : 1]<UL><LI> startup_gd32f450_470.o(RESET)
</UL>
<P><STRONG><a name="[2f]"></a>I2C1_ER_IRQHandler</STRONG> (Thumb, 0 bytes, Stack size 0 bytes, startup_gd32f450_470.o(.text))
<BR>[Address Reference Count : 1]<UL><LI> startup_gd32f450_470.o(RESET)
</UL>
<P><STRONG><a name="[2e]"></a>I2C1_EV_IRQHandler</STRONG> (Thumb, 0 bytes, Stack size 0 bytes, startup_gd32f450_470.o(.text))
<BR>[Address Reference Count : 1]<UL><LI> startup_gd32f450_470.o(RESET)
</UL>
<P><STRONG><a name="[56]"></a>I2C2_ER_IRQHandler</STRONG> (Thumb, 0 bytes, Stack size 0 bytes, startup_gd32f450_470.o(.text))
<BR>[Address Reference Count : 1]<UL><LI> startup_gd32f450_470.o(RESET)
</UL>
<P><STRONG><a name="[55]"></a>I2C2_EV_IRQHandler</STRONG> (Thumb, 0 bytes, Stack size 0 bytes, startup_gd32f450_470.o(.text))
<BR>[Address Reference Count : 1]<UL><LI> startup_gd32f450_470.o(RESET)
</UL>
<P><STRONG><a name="[65]"></a>IPA_IRQHandler</STRONG> (Thumb, 0 bytes, Stack size 0 bytes, startup_gd32f450_470.o(.text))
<BR>[Address Reference Count : 1]<UL><LI> startup_gd32f450_470.o(RESET)
</UL>
<P><STRONG><a name="[e]"></a>LVD_IRQHandler</STRONG> (Thumb, 0 bytes, Stack size 0 bytes, startup_gd32f450_470.o(.text))
<BR>[Address Reference Count : 1]<UL><LI> startup_gd32f450_470.o(RESET)
</UL>
<P><STRONG><a name="[12]"></a>RCU_CTC_IRQHandler</STRONG> (Thumb, 0 bytes, Stack size 0 bytes, startup_gd32f450_470.o(.text))
<BR>[Address Reference Count : 1]<UL><LI> startup_gd32f450_470.o(RESET)
</UL>
<P><STRONG><a name="[36]"></a>RTC_Alarm_IRQHandler</STRONG> (Thumb, 0 bytes, Stack size 0 bytes, startup_gd32f450_470.o(.text))
<BR>[Address Reference Count : 1]<UL><LI> startup_gd32f450_470.o(RESET)
</UL>
<P><STRONG><a name="[10]"></a>RTC_WKUP_IRQHandler</STRONG> (Thumb, 0 bytes, Stack size 0 bytes, startup_gd32f450_470.o(.text))
<BR>[Address Reference Count : 1]<UL><LI> startup_gd32f450_470.o(RESET)
</UL>
<P><STRONG><a name="[3e]"></a>SDIO_IRQHandler</STRONG> (Thumb, 0 bytes, Stack size 0 bytes, startup_gd32f450_470.o(.text))
<BR>[Address Reference Count : 1]<UL><LI> startup_gd32f450_470.o(RESET)
</UL>
<P><STRONG><a name="[30]"></a>SPI0_IRQHandler</STRONG> (Thumb, 0 bytes, Stack size 0 bytes, startup_gd32f450_470.o(.text))
<BR>[Address Reference Count : 1]<UL><LI> startup_gd32f450_470.o(RESET)
</UL>
<P><STRONG><a name="[31]"></a>SPI1_IRQHandler</STRONG> (Thumb, 0 bytes, Stack size 0 bytes, startup_gd32f450_470.o(.text))
<BR>[Address Reference Count : 1]<UL><LI> startup_gd32f450_470.o(RESET)
</UL>
<P><STRONG><a name="[40]"></a>SPI2_IRQHandler</STRONG> (Thumb, 0 bytes, Stack size 0 bytes, startup_gd32f450_470.o(.text))
<BR>[Address Reference Count : 1]<UL><LI> startup_gd32f450_470.o(RESET)
</UL>
<P><STRONG><a name="[60]"></a>SPI3_IRQHandler</STRONG> (Thumb, 0 bytes, Stack size 0 bytes, startup_gd32f450_470.o(.text))
<BR>[Address Reference Count : 1]<UL><LI> startup_gd32f450_470.o(RESET)
</UL>
<P><STRONG><a name="[61]"></a>SPI4_IRQHandler</STRONG> (Thumb, 0 bytes, Stack size 0 bytes, startup_gd32f450_470.o(.text))
<BR>[Address Reference Count : 1]<UL><LI> startup_gd32f450_470.o(RESET)
</UL>
<P><STRONG><a name="[62]"></a>SPI5_IRQHandler</STRONG> (Thumb, 0 bytes, Stack size 0 bytes, startup_gd32f450_470.o(.text))
<BR>[Address Reference Count : 1]<UL><LI> startup_gd32f450_470.o(RESET)
</UL>
<P><STRONG><a name="[f]"></a>TAMPER_STAMP_IRQHandler</STRONG> (Thumb, 0 bytes, Stack size 0 bytes, startup_gd32f450_470.o(.text))
<BR>[Address Reference Count : 1]<UL><LI> startup_gd32f450_470.o(RESET)
</UL>
<P><STRONG><a name="[25]"></a>TIMER0_BRK_TIMER8_IRQHandler</STRONG> (Thumb, 0 bytes, Stack size 0 bytes, startup_gd32f450_470.o(.text))
<BR>[Address Reference Count : 1]<UL><LI> startup_gd32f450_470.o(RESET)
</UL>
<P><STRONG><a name="[28]"></a>TIMER0_Channel_IRQHandler</STRONG> (Thumb, 0 bytes, Stack size 0 bytes, startup_gd32f450_470.o(.text))
<BR>[Address Reference Count : 1]<UL><LI> startup_gd32f450_470.o(RESET)
</UL>
<P><STRONG><a name="[27]"></a>TIMER0_TRG_CMT_TIMER10_IRQHandler</STRONG> (Thumb, 0 bytes, Stack size 0 bytes, startup_gd32f450_470.o(.text))
<BR>[Address Reference Count : 1]<UL><LI> startup_gd32f450_470.o(RESET)
</UL>
<P><STRONG><a name="[26]"></a>TIMER0_UP_TIMER9_IRQHandler</STRONG> (Thumb, 0 bytes, Stack size 0 bytes, startup_gd32f450_470.o(.text))
<BR>[Address Reference Count : 1]<UL><LI> startup_gd32f450_470.o(RESET)
</UL>
<P><STRONG><a name="[2a]"></a>TIMER2_IRQHandler</STRONG> (Thumb, 0 bytes, Stack size 0 bytes, startup_gd32f450_470.o(.text))
<BR>[Address Reference Count : 1]<UL><LI> startup_gd32f450_470.o(RESET)
</UL>
<P><STRONG><a name="[3f]"></a>TIMER4_IRQHandler</STRONG> (Thumb, 0 bytes, Stack size 0 bytes, startup_gd32f450_470.o(.text))
<BR>[Address Reference Count : 1]<UL><LI> startup_gd32f450_470.o(RESET)
</UL>
<P><STRONG><a name="[43]"></a>TIMER5_DAC_IRQHandler</STRONG> (Thumb, 0 bytes, Stack size 0 bytes, startup_gd32f450_470.o(.text))
<BR>[Address Reference Count : 1]<UL><LI> startup_gd32f450_470.o(RESET)
</UL>
<P><STRONG><a name="[44]"></a>TIMER6_IRQHandler</STRONG> (Thumb, 0 bytes, Stack size 0 bytes, startup_gd32f450_470.o(.text))
<BR>[Address Reference Count : 1]<UL><LI> startup_gd32f450_470.o(RESET)
</UL>
<P><STRONG><a name="[38]"></a>TIMER7_BRK_TIMER11_IRQHandler</STRONG> (Thumb, 0 bytes, Stack size 0 bytes, startup_gd32f450_470.o(.text))
<BR>[Address Reference Count : 1]<UL><LI> startup_gd32f450_470.o(RESET)
</UL>
<P><STRONG><a name="[3b]"></a>TIMER7_Channel_IRQHandler</STRONG> (Thumb, 0 bytes, Stack size 0 bytes, startup_gd32f450_470.o(.text))
<BR>[Address Reference Count : 1]<UL><LI> startup_gd32f450_470.o(RESET)
</UL>
<P><STRONG><a name="[3a]"></a>TIMER7_TRG_CMT_TIMER13_IRQHandler</STRONG> (Thumb, 0 bytes, Stack size 0 bytes, startup_gd32f450_470.o(.text))
<BR>[Address Reference Count : 1]<UL><LI> startup_gd32f450_470.o(RESET)
</UL>
<P><STRONG><a name="[39]"></a>TIMER7_UP_TIMER12_IRQHandler</STRONG> (Thumb, 0 bytes, Stack size 0 bytes, startup_gd32f450_470.o(.text))
<BR>[Address Reference Count : 1]<UL><LI> startup_gd32f450_470.o(RESET)
</UL>
<P><STRONG><a name="[64]"></a>TLI_ER_IRQHandler</STRONG> (Thumb, 0 bytes, Stack size 0 bytes, startup_gd32f450_470.o(.text))
<BR>[Address Reference Count : 1]<UL><LI> startup_gd32f450_470.o(RESET)
</UL>
<P><STRONG><a name="[63]"></a>TLI_IRQHandler</STRONG> (Thumb, 0 bytes, Stack size 0 bytes, startup_gd32f450_470.o(.text))
<BR>[Address Reference Count : 1]<UL><LI> startup_gd32f450_470.o(RESET)
</UL>
<P><STRONG><a name="[5c]"></a>TRNG_IRQHandler</STRONG> (Thumb, 0 bytes, Stack size 0 bytes, startup_gd32f450_470.o(.text))
<BR>[Address Reference Count : 1]<UL><LI> startup_gd32f450_470.o(RESET)
</UL>
<P><STRONG><a name="[41]"></a>UART3_IRQHandler</STRONG> (Thumb, 0 bytes, Stack size 0 bytes, startup_gd32f450_470.o(.text))
<BR>[Address Reference Count : 1]<UL><LI> startup_gd32f450_470.o(RESET)
</UL>
<P><STRONG><a name="[5e]"></a>UART6_IRQHandler</STRONG> (Thumb, 0 bytes, Stack size 0 bytes, startup_gd32f450_470.o(.text))
<BR>[Address Reference Count : 1]<UL><LI> startup_gd32f450_470.o(RESET)
</UL>
<P><STRONG><a name="[5f]"></a>UART7_IRQHandler</STRONG> (Thumb, 0 bytes, Stack size 0 bytes, startup_gd32f450_470.o(.text))
<BR>[Address Reference Count : 1]<UL><LI> startup_gd32f450_470.o(RESET)
</UL>
<P><STRONG><a name="[32]"></a>USART0_IRQHandler</STRONG> (Thumb, 0 bytes, Stack size 0 bytes, startup_gd32f450_470.o(.text))
<BR>[Address Reference Count : 1]<UL><LI> startup_gd32f450_470.o(RESET)
</UL>
<P><STRONG><a name="[33]"></a>USART1_IRQHandler</STRONG> (Thumb, 0 bytes, Stack size 0 bytes, startup_gd32f450_470.o(.text))
<BR>[Address Reference Count : 1]<UL><LI> startup_gd32f450_470.o(RESET)
</UL>
<P><STRONG><a name="[34]"></a>USART2_IRQHandler</STRONG> (Thumb, 0 bytes, Stack size 0 bytes, startup_gd32f450_470.o(.text))
<BR>[Address Reference Count : 1]<UL><LI> startup_gd32f450_470.o(RESET)
</UL>
<P><STRONG><a name="[54]"></a>USART5_IRQHandler</STRONG> (Thumb, 0 bytes, Stack size 0 bytes, startup_gd32f450_470.o(.text))
<BR>[Address Reference Count : 1]<UL><LI> startup_gd32f450_470.o(RESET)
</UL>
<P><STRONG><a name="[50]"></a>USBFS_IRQHandler</STRONG> (Thumb, 0 bytes, Stack size 0 bytes, startup_gd32f450_470.o(.text))
<BR>[Address Reference Count : 1]<UL><LI> startup_gd32f450_470.o(RESET)
</UL>
<P><STRONG><a name="[37]"></a>USBFS_WKUP_IRQHandler</STRONG> (Thumb, 0 bytes, Stack size 0 bytes, startup_gd32f450_470.o(.text))
<BR>[Address Reference Count : 1]<UL><LI> startup_gd32f450_470.o(RESET)
</UL>
<P><STRONG><a name="[58]"></a>USBHS_EP1_In_IRQHandler</STRONG> (Thumb, 0 bytes, Stack size 0 bytes, startup_gd32f450_470.o(.text))
<BR>[Address Reference Count : 1]<UL><LI> startup_gd32f450_470.o(RESET)
</UL>
<P><STRONG><a name="[57]"></a>USBHS_EP1_Out_IRQHandler</STRONG> (Thumb, 0 bytes, Stack size 0 bytes, startup_gd32f450_470.o(.text))
<BR>[Address Reference Count : 1]<UL><LI> startup_gd32f450_470.o(RESET)
</UL>
<P><STRONG><a name="[5a]"></a>USBHS_IRQHandler</STRONG> (Thumb, 0 bytes, Stack size 0 bytes, startup_gd32f450_470.o(.text))
<BR>[Address Reference Count : 1]<UL><LI> startup_gd32f450_470.o(RESET)
</UL>
<P><STRONG><a name="[59]"></a>USBHS_WKUP_IRQHandler</STRONG> (Thumb, 0 bytes, Stack size 0 bytes, startup_gd32f450_470.o(.text))
<BR>[Address Reference Count : 1]<UL><LI> startup_gd32f450_470.o(RESET)
</UL>
<P><STRONG><a name="[d]"></a>WWDGT_IRQHandler</STRONG> (Thumb, 0 bytes, Stack size 0 bytes, startup_gd32f450_470.o(.text))
<BR>[Address Reference Count : 1]<UL><LI> startup_gd32f450_470.o(RESET)
</UL>
<P><STRONG><a name="[aa]"></a>__aeabi_memcpy</STRONG> (Thumb, 36 bytes, Stack size 0 bytes, memcpya.o(.text))
<BR><BR>[Called By]<UL><LI><a href="#[14c]">&gt;&gt;</a>&nbsp;&nbsp;&nbsp;frame_fill_imu
<LI><a href="#[105]">&gt;&gt;</a>&nbsp;&nbsp;&nbsp;uart4_rx_finish_irq
<LI><a href="#[172]">&gt;&gt;</a>&nbsp;&nbsp;&nbsp;uart4_dma_send_data
<LI><a href="#[171]">&gt;&gt;</a>&nbsp;&nbsp;&nbsp;uart4_dma_recv_data
<LI><a href="#[3c]">&gt;&gt;</a>&nbsp;&nbsp;&nbsp;DMA0_Channel7_IRQHandler
</UL>

<P><STRONG><a name="[13e]"></a>__aeabi_memcpy4</STRONG> (Thumb, 0 bytes, Stack size 0 bytes, memcpya.o(.text))
<BR><BR>[Called By]<UL><LI><a href="#[194]">&gt;&gt;</a>&nbsp;&nbsp;&nbsp;nav_task
<LI><a href="#[73]">&gt;&gt;</a>&nbsp;&nbsp;&nbsp;gd32_usart_configure
<LI><a href="#[13d]">&gt;&gt;</a>&nbsp;&nbsp;&nbsp;epoch2time
<LI><a href="#[f0]">&gt;&gt;</a>&nbsp;&nbsp;&nbsp;matcpy
</UL>

<P><STRONG><a name="[1bf]"></a>__aeabi_memcpy8</STRONG> (Thumb, 0 bytes, Stack size 0 bytes, memcpya.o(.text), UNUSED)

<P><STRONG><a name="[7a]"></a>__aeabi_memset</STRONG> (Thumb, 14 bytes, Stack size 0 bytes, memseta.o(.text))
<BR><BR>[Called By]<UL><LI><a href="#[7b]">&gt;&gt;</a>&nbsp;&nbsp;&nbsp;_memset$wrapper
<LI><a href="#[79]">&gt;&gt;</a>&nbsp;&nbsp;&nbsp;__aeabi_memclr
</UL>

<P><STRONG><a name="[1c0]"></a>__aeabi_memset4</STRONG> (Thumb, 0 bytes, Stack size 0 bytes, memseta.o(.text), UNUSED)

<P><STRONG><a name="[1c1]"></a>__aeabi_memset8</STRONG> (Thumb, 0 bytes, Stack size 0 bytes, memseta.o(.text), UNUSED)

<P><STRONG><a name="[79]"></a>__aeabi_memclr</STRONG> (Thumb, 4 bytes, Stack size 0 bytes, memseta.o(.text))
<BR><BR>[Calls]<UL><LI><a href="#[7a]">&gt;&gt;</a>&nbsp;&nbsp;&nbsp;__aeabi_memset
</UL>
<BR>[Called By]<UL><LI><a href="#[186]">&gt;&gt;</a>&nbsp;&nbsp;&nbsp;ins_serial_open
<LI><a href="#[134]">&gt;&gt;</a>&nbsp;&nbsp;&nbsp;dma_config
<LI><a href="#[bf]">&gt;&gt;</a>&nbsp;&nbsp;&nbsp;inav_log
<LI><a href="#[c5]">&gt;&gt;</a>&nbsp;&nbsp;&nbsp;PrintOutMatrixMsg
</UL>

<P><STRONG><a name="[c8]"></a>__aeabi_memclr4</STRONG> (Thumb, 0 bytes, Stack size 0 bytes, memseta.o(.text))
<BR><BR>[Called By]<UL><LI><a href="#[14e]">&gt;&gt;</a>&nbsp;&nbsp;&nbsp;frame_init
<LI><a href="#[ca]">&gt;&gt;</a>&nbsp;&nbsp;&nbsp;InitialStaticDetectParm
<LI><a href="#[c9]">&gt;&gt;</a>&nbsp;&nbsp;&nbsp;InitialNavIncParm
<LI><a href="#[c7]">&gt;&gt;</a>&nbsp;&nbsp;&nbsp;InitialCompensateParm
<LI><a href="#[b4]">&gt;&gt;</a>&nbsp;&nbsp;&nbsp;gnss_ZDA_Buff_Parser
<LI><a href="#[18f]">&gt;&gt;</a>&nbsp;&nbsp;&nbsp;ludcmp
<LI><a href="#[f1]">&gt;&gt;</a>&nbsp;&nbsp;&nbsp;matinv
<LI><a href="#[e0]">&gt;&gt;</a>&nbsp;&nbsp;&nbsp;UpdateKfR
<LI><a href="#[c5]">&gt;&gt;</a>&nbsp;&nbsp;&nbsp;PrintOutMatrixMsg
</UL>

<P><STRONG><a name="[1c2]"></a>__aeabi_memclr8</STRONG> (Thumb, 0 bytes, Stack size 0 bytes, memseta.o(.text), UNUSED)

<P><STRONG><a name="[7b]"></a>_memset$wrapper</STRONG> (Thumb, 18 bytes, Stack size 8 bytes, memseta.o(.text), UNUSED)
<BR><BR>[Calls]<UL><LI><a href="#[7a]">&gt;&gt;</a>&nbsp;&nbsp;&nbsp;__aeabi_memset
</UL>

<P><STRONG><a name="[f7]"></a>strcat</STRONG> (Thumb, 24 bytes, Stack size 0 bytes, strcat.o(.text))
<BR><BR>[Called By]<UL><LI><a href="#[c5]">&gt;&gt;</a>&nbsp;&nbsp;&nbsp;PrintOutMatrixMsg
</UL>

<P><STRONG><a name="[173]"></a>strstr</STRONG> (Thumb, 36 bytes, Stack size 12 bytes, strstr.o(.text))
<BR><BR>[Stack]<UL><LI>Max Depth = 12<LI>Call Chain = strstr
</UL>
<BR>[Called By]<UL><LI><a href="#[b4]">&gt;&gt;</a>&nbsp;&nbsp;&nbsp;gnss_ZDA_Buff_Parser
<LI><a href="#[b3]">&gt;&gt;</a>&nbsp;&nbsp;&nbsp;gnss_VTG_Buff_Parser
<LI><a href="#[b1]">&gt;&gt;</a>&nbsp;&nbsp;&nbsp;gnss_RMC_Buff_Parser
<LI><a href="#[b5]">&gt;&gt;</a>&nbsp;&nbsp;&nbsp;gnss_Heading_Buff_Parser
<LI><a href="#[b2]">&gt;&gt;</a>&nbsp;&nbsp;&nbsp;gnss_GGA_Buff_Parser
<LI><a href="#[b7]">&gt;&gt;</a>&nbsp;&nbsp;&nbsp;gnss_BESTVEL_Buff_Parser
<LI><a href="#[b6]">&gt;&gt;</a>&nbsp;&nbsp;&nbsp;gnss_BESTPOS_Buff_Parser
<LI><a href="#[b9]">&gt;&gt;</a>&nbsp;&nbsp;&nbsp;gnss_AGRIC_Buff_Parser
</UL>

<P><STRONG><a name="[176]"></a>strncpy</STRONG> (Thumb, 24 bytes, Stack size 8 bytes, strncpy.o(.text))
<BR><BR>[Stack]<UL><LI>Max Depth = 8<LI>Call Chain = strncpy
</UL>
<BR>[Called By]<UL><LI><a href="#[b4]">&gt;&gt;</a>&nbsp;&nbsp;&nbsp;gnss_ZDA_Buff_Parser
</UL>

<P><STRONG><a name="[174]"></a>strchr</STRONG> (Thumb, 20 bytes, Stack size 0 bytes, strchr.o(.text))
<BR><BR>[Called By]<UL><LI><a href="#[b5]">&gt;&gt;</a>&nbsp;&nbsp;&nbsp;gnss_Heading_Buff_Parser
<LI><a href="#[b7]">&gt;&gt;</a>&nbsp;&nbsp;&nbsp;gnss_BESTVEL_Buff_Parser
<LI><a href="#[b6]">&gt;&gt;</a>&nbsp;&nbsp;&nbsp;gnss_BESTPOS_Buff_Parser
</UL>

<P><STRONG><a name="[177]"></a>strlen</STRONG> (Thumb, 14 bytes, Stack size 0 bytes, strlen.o(.text))
<BR><BR>[Called By]<UL><LI><a href="#[189]">&gt;&gt;</a>&nbsp;&nbsp;&nbsp;rtc_update
<LI><a href="#[178]">&gt;&gt;</a>&nbsp;&nbsp;&nbsp;str2time
<LI><a href="#[b4]">&gt;&gt;</a>&nbsp;&nbsp;&nbsp;gnss_ZDA_Buff_Parser
<LI><a href="#[bf]">&gt;&gt;</a>&nbsp;&nbsp;&nbsp;inav_log
</UL>

<P><STRONG><a name="[bb]"></a>strncmp</STRONG> (Thumb, 30 bytes, Stack size 12 bytes, strncmp.o(.text))
<BR><BR>[Stack]<UL><LI>Max Depth = 12<LI>Call Chain = strncmp
</UL>
<BR>[Called By]<UL><LI><a href="#[17e]">&gt;&gt;</a>&nbsp;&nbsp;&nbsp;gnss_comm3_parse
<LI><a href="#[17a]">&gt;&gt;</a>&nbsp;&nbsp;&nbsp;gnss_comm2_parse
<LI><a href="#[b8]">&gt;&gt;</a>&nbsp;&nbsp;&nbsp;gnss_TRA_Buff_Parser
<LI><a href="#[b5]">&gt;&gt;</a>&nbsp;&nbsp;&nbsp;gnss_Heading_Buff_Parser
<LI><a href="#[b7]">&gt;&gt;</a>&nbsp;&nbsp;&nbsp;gnss_BESTVEL_Buff_Parser
<LI><a href="#[b6]">&gt;&gt;</a>&nbsp;&nbsp;&nbsp;gnss_BESTPOS_Buff_Parser
<LI><a href="#[ba]">&gt;&gt;</a>&nbsp;&nbsp;&nbsp;GNSS_Cmd_Parser
</UL>

<P><STRONG><a name="[183]"></a>strtok</STRONG> (Thumb, 62 bytes, Stack size 16 bytes, strtok.o(.text))
<BR><BR>[Stack]<UL><LI>Max Depth = 16<LI>Call Chain = strtok
</UL>
<BR>[Called By]<UL><LI><a href="#[180]">&gt;&gt;</a>&nbsp;&nbsp;&nbsp;gnss_parse
</UL>

<P><STRONG><a name="[188]"></a>strrchr</STRONG> (Thumb, 32 bytes, Stack size 0 bytes, strrchr.o(.text))
<BR><BR>[Called By]<UL><LI><a href="#[bf]">&gt;&gt;</a>&nbsp;&nbsp;&nbsp;inav_log
</UL>

<P><STRONG><a name="[7c]"></a>__0sscanf</STRONG> (Thumb, 48 bytes, Stack size 72 bytes, __0sscanf.o(.text))
<BR><BR>[Stack]<UL><LI>Max Depth = 264<LI>Call Chain = __0sscanf &rArr; __vfscanf_char &rArr; __vfscanf &rArr; _scanf_real
</UL>
<BR>[Calls]<UL><LI><a href="#[7d]">&gt;&gt;</a>&nbsp;&nbsp;&nbsp;__vfscanf_char
</UL>
<BR>[Called By]<UL><LI><a href="#[178]">&gt;&gt;</a>&nbsp;&nbsp;&nbsp;str2time
</UL>

<P><STRONG><a name="[99]"></a>_scanf_real</STRONG> (Thumb, 0 bytes, Stack size 104 bytes, scanf_fp.o(.text))
<BR><BR>[Stack]<UL><LI>Max Depth = 104<LI>Call Chain = _scanf_real
</UL>
<BR>[Called By]<UL><LI><a href="#[97]">&gt;&gt;</a>&nbsp;&nbsp;&nbsp;__vfscanf
<LI><a href="#[98]">&gt;&gt;</a>&nbsp;&nbsp;&nbsp;_local_sscanf
</UL>

<P><STRONG><a name="[82]"></a>_scanf_really_real</STRONG> (Thumb, 556 bytes, Stack size 104 bytes, scanf_fp.o(.text), UNUSED)
<BR><BR>[Calls]<UL><LI><a href="#[84]">&gt;&gt;</a>&nbsp;&nbsp;&nbsp;__aeabi_d2f
<LI><a href="#[83]">&gt;&gt;</a>&nbsp;&nbsp;&nbsp;_is_digit
<LI><a href="#[7e]">&gt;&gt;</a>&nbsp;&nbsp;&nbsp;_fp_value
</UL>

<P><STRONG><a name="[85]"></a>atoi</STRONG> (Thumb, 26 bytes, Stack size 16 bytes, atoi.o(.text))
<BR><BR>[Stack]<UL><LI>Max Depth = 88<LI>Call Chain = atoi &rArr; strtol &rArr; _strtoul
</UL>
<BR>[Calls]<UL><LI><a href="#[87]">&gt;&gt;</a>&nbsp;&nbsp;&nbsp;strtol
<LI><a href="#[86]">&gt;&gt;</a>&nbsp;&nbsp;&nbsp;__aeabi_errno_addr
</UL>
<BR>[Called By]<UL><LI><a href="#[b4]">&gt;&gt;</a>&nbsp;&nbsp;&nbsp;gnss_ZDA_Buff_Parser
<LI><a href="#[b8]">&gt;&gt;</a>&nbsp;&nbsp;&nbsp;gnss_TRA_Buff_Parser
<LI><a href="#[b5]">&gt;&gt;</a>&nbsp;&nbsp;&nbsp;gnss_Heading_Buff_Parser
<LI><a href="#[b2]">&gt;&gt;</a>&nbsp;&nbsp;&nbsp;gnss_GGA_Buff_Parser
<LI><a href="#[b6]">&gt;&gt;</a>&nbsp;&nbsp;&nbsp;gnss_BESTPOS_Buff_Parser
<LI><a href="#[b9]">&gt;&gt;</a>&nbsp;&nbsp;&nbsp;gnss_AGRIC_Buff_Parser
</UL>

<P><STRONG><a name="[88]"></a>atol</STRONG> (Thumb, 26 bytes, Stack size 16 bytes, atol.o(.text))
<BR><BR>[Stack]<UL><LI>Max Depth = 88<LI>Call Chain = atol &rArr; strtol &rArr; _strtoul
</UL>
<BR>[Calls]<UL><LI><a href="#[87]">&gt;&gt;</a>&nbsp;&nbsp;&nbsp;strtol
<LI><a href="#[86]">&gt;&gt;</a>&nbsp;&nbsp;&nbsp;__aeabi_errno_addr
</UL>
<BR>[Called By]<UL><LI><a href="#[b1]">&gt;&gt;</a>&nbsp;&nbsp;&nbsp;gnss_RMC_Buff_Parser
<LI><a href="#[b5]">&gt;&gt;</a>&nbsp;&nbsp;&nbsp;gnss_Heading_Buff_Parser
<LI><a href="#[b7]">&gt;&gt;</a>&nbsp;&nbsp;&nbsp;gnss_BESTVEL_Buff_Parser
<LI><a href="#[b6]">&gt;&gt;</a>&nbsp;&nbsp;&nbsp;gnss_BESTPOS_Buff_Parser
<LI><a href="#[b9]">&gt;&gt;</a>&nbsp;&nbsp;&nbsp;gnss_AGRIC_Buff_Parser
</UL>

<P><STRONG><a name="[89]"></a>__aeabi_dadd</STRONG> (Thumb, 322 bytes, Stack size 48 bytes, dadd.o(.text))
<BR><BR>[Stack]<UL><LI>Max Depth = 88<LI>Call Chain = __aeabi_dadd &rArr; _double_epilogue &rArr; _double_round
</UL>
<BR>[Calls]<UL><LI><a href="#[8b]">&gt;&gt;</a>&nbsp;&nbsp;&nbsp;__aeabi_lasr
<LI><a href="#[8a]">&gt;&gt;</a>&nbsp;&nbsp;&nbsp;__aeabi_llsl
<LI><a href="#[8d]">&gt;&gt;</a>&nbsp;&nbsp;&nbsp;_double_round
<LI><a href="#[8c]">&gt;&gt;</a>&nbsp;&nbsp;&nbsp;_double_epilogue
</UL>
<BR>[Called By]<UL><LI><a href="#[179]">&gt;&gt;</a>&nbsp;&nbsp;&nbsp;time2gpst
<LI><a href="#[178]">&gt;&gt;</a>&nbsp;&nbsp;&nbsp;str2time
<LI><a href="#[8e]">&gt;&gt;</a>&nbsp;&nbsp;&nbsp;__aeabi_dsub
<LI><a href="#[8f]">&gt;&gt;</a>&nbsp;&nbsp;&nbsp;__aeabi_drsub
<LI><a href="#[124]">&gt;&gt;</a>&nbsp;&nbsp;&nbsp;__hardfp_log
<LI><a href="#[123]">&gt;&gt;</a>&nbsp;&nbsp;&nbsp;__hardfp_floor
<LI><a href="#[121]">&gt;&gt;</a>&nbsp;&nbsp;&nbsp;__hardfp_exp
<LI><a href="#[10f]">&gt;&gt;</a>&nbsp;&nbsp;&nbsp;__hardfp_asin
<LI><a href="#[19b]">&gt;&gt;</a>&nbsp;&nbsp;&nbsp;rv2q
<LI><a href="#[109]">&gt;&gt;</a>&nbsp;&nbsp;&nbsp;qnbmul
<LI><a href="#[cb]">&gt;&gt;</a>&nbsp;&nbsp;&nbsp;InnerDot
<LI><a href="#[f2]">&gt;&gt;</a>&nbsp;&nbsp;&nbsp;symmetry
<LI><a href="#[d5]">&gt;&gt;</a>&nbsp;&nbsp;&nbsp;rotv
<LI><a href="#[d7]">&gt;&gt;</a>&nbsp;&nbsp;&nbsp;qnb2att
<LI><a href="#[d4]">&gt;&gt;</a>&nbsp;&nbsp;&nbsp;qmulv
<LI><a href="#[d3]">&gt;&gt;</a>&nbsp;&nbsp;&nbsp;q2mat
<LI><a href="#[d2]">&gt;&gt;</a>&nbsp;&nbsp;&nbsp;matrixSum
<LI><a href="#[d1]">&gt;&gt;</a>&nbsp;&nbsp;&nbsp;matmul
<LI><a href="#[dd]">&gt;&gt;</a>&nbsp;&nbsp;&nbsp;att2qnb
<LI><a href="#[d6]">&gt;&gt;</a>&nbsp;&nbsp;&nbsp;UpdateQnb
<LI><a href="#[df]">&gt;&gt;</a>&nbsp;&nbsp;&nbsp;difftimeInc2gnss
<LI><a href="#[12c]">&gt;&gt;</a>&nbsp;&nbsp;&nbsp;average
<LI><a href="#[ce]">&gt;&gt;</a>&nbsp;&nbsp;&nbsp;UpdateEarth
<LI><a href="#[db]">&gt;&gt;</a>&nbsp;&nbsp;&nbsp;KfFk
<LI><a href="#[e2]">&gt;&gt;</a>&nbsp;&nbsp;&nbsp;KfFeedback
<LI><a href="#[d0]">&gt;&gt;</a>&nbsp;&nbsp;&nbsp;InsUpdate
<LI><a href="#[11f]">&gt;&gt;</a>&nbsp;&nbsp;&nbsp;__kernel_sin
<LI><a href="#[11e]">&gt;&gt;</a>&nbsp;&nbsp;&nbsp;__ieee754_rem_pio2
<LI><a href="#[115]">&gt;&gt;</a>&nbsp;&nbsp;&nbsp;__kernel_poly
<LI><a href="#[11a]">&gt;&gt;</a>&nbsp;&nbsp;&nbsp;__mathlib_dbl_infnan2
<LI><a href="#[110]">&gt;&gt;</a>&nbsp;&nbsp;&nbsp;__mathlib_dbl_infnan
<LI><a href="#[118]">&gt;&gt;</a>&nbsp;&nbsp;&nbsp;__hardfp_atan
<LI><a href="#[128]">&gt;&gt;</a>&nbsp;&nbsp;&nbsp;_fp_digits
</UL>

<P><STRONG><a name="[8e]"></a>__aeabi_dsub</STRONG> (Thumb, 6 bytes, Stack size 0 bytes, dadd.o(.text))
<BR><BR>[Stack]<UL><LI>Max Depth = 88<LI>Call Chain = __aeabi_dsub &rArr; __aeabi_dadd &rArr; _double_epilogue &rArr; _double_round
</UL>
<BR>[Calls]<UL><LI><a href="#[89]">&gt;&gt;</a>&nbsp;&nbsp;&nbsp;__aeabi_dadd
</UL>
<BR>[Called By]<UL><LI><a href="#[124]">&gt;&gt;</a>&nbsp;&nbsp;&nbsp;__hardfp_log
<LI><a href="#[121]">&gt;&gt;</a>&nbsp;&nbsp;&nbsp;__hardfp_exp
<LI><a href="#[119]">&gt;&gt;</a>&nbsp;&nbsp;&nbsp;__hardfp_atan2
<LI><a href="#[10f]">&gt;&gt;</a>&nbsp;&nbsp;&nbsp;__hardfp_asin
<LI><a href="#[109]">&gt;&gt;</a>&nbsp;&nbsp;&nbsp;qnbmul
<LI><a href="#[d5]">&gt;&gt;</a>&nbsp;&nbsp;&nbsp;rotv
<LI><a href="#[d7]">&gt;&gt;</a>&nbsp;&nbsp;&nbsp;qnb2att
<LI><a href="#[d4]">&gt;&gt;</a>&nbsp;&nbsp;&nbsp;qmulv
<LI><a href="#[d3]">&gt;&gt;</a>&nbsp;&nbsp;&nbsp;q2mat
<LI><a href="#[106]">&gt;&gt;</a>&nbsp;&nbsp;&nbsp;cross3
<LI><a href="#[dd]">&gt;&gt;</a>&nbsp;&nbsp;&nbsp;att2qnb
<LI><a href="#[d6]">&gt;&gt;</a>&nbsp;&nbsp;&nbsp;UpdateQnb
<LI><a href="#[df]">&gt;&gt;</a>&nbsp;&nbsp;&nbsp;difftimeInc2gnss
<LI><a href="#[133]">&gt;&gt;</a>&nbsp;&nbsp;&nbsp;compute_var
<LI><a href="#[ce]">&gt;&gt;</a>&nbsp;&nbsp;&nbsp;UpdateEarth
<LI><a href="#[c2]">&gt;&gt;</a>&nbsp;&nbsp;&nbsp;LeverarmTimeCorr
<LI><a href="#[e2]">&gt;&gt;</a>&nbsp;&nbsp;&nbsp;KfFeedback
<LI><a href="#[11f]">&gt;&gt;</a>&nbsp;&nbsp;&nbsp;__kernel_sin
<LI><a href="#[11e]">&gt;&gt;</a>&nbsp;&nbsp;&nbsp;__ieee754_rem_pio2
<LI><a href="#[120]">&gt;&gt;</a>&nbsp;&nbsp;&nbsp;__kernel_cos
<LI><a href="#[118]">&gt;&gt;</a>&nbsp;&nbsp;&nbsp;__hardfp_atan
</UL>

<P><STRONG><a name="[8f]"></a>__aeabi_drsub</STRONG> (Thumb, 6 bytes, Stack size 0 bytes, dadd.o(.text))
<BR><BR>[Stack]<UL><LI>Max Depth = 88<LI>Call Chain = __aeabi_drsub &rArr; __aeabi_dadd &rArr; _double_epilogue &rArr; _double_round
</UL>
<BR>[Calls]<UL><LI><a href="#[89]">&gt;&gt;</a>&nbsp;&nbsp;&nbsp;__aeabi_dadd
</UL>
<BR>[Called By]<UL><LI><a href="#[13d]">&gt;&gt;</a>&nbsp;&nbsp;&nbsp;epoch2time
<LI><a href="#[124]">&gt;&gt;</a>&nbsp;&nbsp;&nbsp;__hardfp_log
<LI><a href="#[123]">&gt;&gt;</a>&nbsp;&nbsp;&nbsp;__hardfp_floor
<LI><a href="#[121]">&gt;&gt;</a>&nbsp;&nbsp;&nbsp;__hardfp_exp
<LI><a href="#[119]">&gt;&gt;</a>&nbsp;&nbsp;&nbsp;__hardfp_atan2
<LI><a href="#[10f]">&gt;&gt;</a>&nbsp;&nbsp;&nbsp;__hardfp_asin
<LI><a href="#[19b]">&gt;&gt;</a>&nbsp;&nbsp;&nbsp;rv2q
<LI><a href="#[18f]">&gt;&gt;</a>&nbsp;&nbsp;&nbsp;ludcmp
<LI><a href="#[18e]">&gt;&gt;</a>&nbsp;&nbsp;&nbsp;lubksb
<LI><a href="#[d5]">&gt;&gt;</a>&nbsp;&nbsp;&nbsp;rotv
<LI><a href="#[d6]">&gt;&gt;</a>&nbsp;&nbsp;&nbsp;UpdateQnb
<LI><a href="#[ce]">&gt;&gt;</a>&nbsp;&nbsp;&nbsp;UpdateEarth
<LI><a href="#[db]">&gt;&gt;</a>&nbsp;&nbsp;&nbsp;KfFk
<LI><a href="#[11f]">&gt;&gt;</a>&nbsp;&nbsp;&nbsp;__kernel_sin
<LI><a href="#[11e]">&gt;&gt;</a>&nbsp;&nbsp;&nbsp;__ieee754_rem_pio2
<LI><a href="#[120]">&gt;&gt;</a>&nbsp;&nbsp;&nbsp;__kernel_cos
<LI><a href="#[118]">&gt;&gt;</a>&nbsp;&nbsp;&nbsp;__hardfp_atan
</UL>

<P><STRONG><a name="[80]"></a>__aeabi_dmul</STRONG> (Thumb, 228 bytes, Stack size 48 bytes, dmul.o(.text))
<BR><BR>[Stack]<UL><LI>Max Depth = 88<LI>Call Chain = __aeabi_dmul &rArr; _double_epilogue &rArr; _double_round
</UL>
<BR>[Calls]<UL><LI><a href="#[8c]">&gt;&gt;</a>&nbsp;&nbsp;&nbsp;_double_epilogue
</UL>
<BR>[Called By]<UL><LI><a href="#[14f]">&gt;&gt;</a>&nbsp;&nbsp;&nbsp;frame_pack_and_send
<LI><a href="#[14c]">&gt;&gt;</a>&nbsp;&nbsp;&nbsp;frame_fill_imu
<LI><a href="#[d8]">&gt;&gt;</a>&nbsp;&nbsp;&nbsp;InterfaceKalman
<LI><a href="#[e9]">&gt;&gt;</a>&nbsp;&nbsp;&nbsp;SaveResult
<LI><a href="#[124]">&gt;&gt;</a>&nbsp;&nbsp;&nbsp;__hardfp_log
<LI><a href="#[121]">&gt;&gt;</a>&nbsp;&nbsp;&nbsp;__hardfp_exp
<LI><a href="#[10f]">&gt;&gt;</a>&nbsp;&nbsp;&nbsp;__hardfp_asin
<LI><a href="#[19b]">&gt;&gt;</a>&nbsp;&nbsp;&nbsp;rv2q
<LI><a href="#[109]">&gt;&gt;</a>&nbsp;&nbsp;&nbsp;qnbmul
<LI><a href="#[18f]">&gt;&gt;</a>&nbsp;&nbsp;&nbsp;ludcmp
<LI><a href="#[18e]">&gt;&gt;</a>&nbsp;&nbsp;&nbsp;lubksb
<LI><a href="#[cb]">&gt;&gt;</a>&nbsp;&nbsp;&nbsp;InnerDot
<LI><a href="#[d5]">&gt;&gt;</a>&nbsp;&nbsp;&nbsp;rotv
<LI><a href="#[d7]">&gt;&gt;</a>&nbsp;&nbsp;&nbsp;qnb2att
<LI><a href="#[d4]">&gt;&gt;</a>&nbsp;&nbsp;&nbsp;qmulv
<LI><a href="#[d3]">&gt;&gt;</a>&nbsp;&nbsp;&nbsp;q2mat
<LI><a href="#[d2]">&gt;&gt;</a>&nbsp;&nbsp;&nbsp;matrixSum
<LI><a href="#[d1]">&gt;&gt;</a>&nbsp;&nbsp;&nbsp;matmul
<LI><a href="#[106]">&gt;&gt;</a>&nbsp;&nbsp;&nbsp;cross3
<LI><a href="#[dd]">&gt;&gt;</a>&nbsp;&nbsp;&nbsp;att2qnb
<LI><a href="#[d6]">&gt;&gt;</a>&nbsp;&nbsp;&nbsp;UpdateQnb
<LI><a href="#[133]">&gt;&gt;</a>&nbsp;&nbsp;&nbsp;compute_var
<LI><a href="#[e0]">&gt;&gt;</a>&nbsp;&nbsp;&nbsp;UpdateKfR
<LI><a href="#[ce]">&gt;&gt;</a>&nbsp;&nbsp;&nbsp;UpdateEarth
<LI><a href="#[d9]">&gt;&gt;</a>&nbsp;&nbsp;&nbsp;StartCoarseAlign
<LI><a href="#[e3]">&gt;&gt;</a>&nbsp;&nbsp;&nbsp;PrintOutInsMsg
<LI><a href="#[de]">&gt;&gt;</a>&nbsp;&nbsp;&nbsp;KfTimeUpdate
<LI><a href="#[da]">&gt;&gt;</a>&nbsp;&nbsp;&nbsp;KfInit
<LI><a href="#[db]">&gt;&gt;</a>&nbsp;&nbsp;&nbsp;KfFk
<LI><a href="#[e2]">&gt;&gt;</a>&nbsp;&nbsp;&nbsp;KfFeedback
<LI><a href="#[d0]">&gt;&gt;</a>&nbsp;&nbsp;&nbsp;InsUpdate
<LI><a href="#[cc]">&gt;&gt;</a>&nbsp;&nbsp;&nbsp;InsInit
<LI><a href="#[be]">&gt;&gt;</a>&nbsp;&nbsp;&nbsp;GnssInsFusion
<LI><a href="#[11f]">&gt;&gt;</a>&nbsp;&nbsp;&nbsp;__kernel_sin
<LI><a href="#[11e]">&gt;&gt;</a>&nbsp;&nbsp;&nbsp;__ieee754_rem_pio2
<LI><a href="#[115]">&gt;&gt;</a>&nbsp;&nbsp;&nbsp;__kernel_poly
<LI><a href="#[114]">&gt;&gt;</a>&nbsp;&nbsp;&nbsp;__mathlib_dbl_underflow
<LI><a href="#[122]">&gt;&gt;</a>&nbsp;&nbsp;&nbsp;__mathlib_dbl_overflow
<LI><a href="#[120]">&gt;&gt;</a>&nbsp;&nbsp;&nbsp;__kernel_cos
<LI><a href="#[118]">&gt;&gt;</a>&nbsp;&nbsp;&nbsp;__hardfp_atan
<LI><a href="#[7e]">&gt;&gt;</a>&nbsp;&nbsp;&nbsp;_fp_value
<LI><a href="#[128]">&gt;&gt;</a>&nbsp;&nbsp;&nbsp;_fp_digits
</UL>

<P><STRONG><a name="[81]"></a>__aeabi_ddiv</STRONG> (Thumb, 222 bytes, Stack size 32 bytes, ddiv.o(.text))
<BR><BR>[Stack]<UL><LI>Max Depth = 40<LI>Call Chain = __aeabi_ddiv &rArr; _double_round
</UL>
<BR>[Calls]<UL><LI><a href="#[8d]">&gt;&gt;</a>&nbsp;&nbsp;&nbsp;_double_round
</UL>
<BR>[Called By]<UL><LI><a href="#[14f]">&gt;&gt;</a>&nbsp;&nbsp;&nbsp;frame_pack_and_send
<LI><a href="#[14c]">&gt;&gt;</a>&nbsp;&nbsp;&nbsp;frame_fill_imu
<LI><a href="#[124]">&gt;&gt;</a>&nbsp;&nbsp;&nbsp;__hardfp_log
<LI><a href="#[121]">&gt;&gt;</a>&nbsp;&nbsp;&nbsp;__hardfp_exp
<LI><a href="#[119]">&gt;&gt;</a>&nbsp;&nbsp;&nbsp;__hardfp_atan2
<LI><a href="#[10f]">&gt;&gt;</a>&nbsp;&nbsp;&nbsp;__hardfp_asin
<LI><a href="#[19b]">&gt;&gt;</a>&nbsp;&nbsp;&nbsp;rv2q
<LI><a href="#[18f]">&gt;&gt;</a>&nbsp;&nbsp;&nbsp;ludcmp
<LI><a href="#[18e]">&gt;&gt;</a>&nbsp;&nbsp;&nbsp;lubksb
<LI><a href="#[f2]">&gt;&gt;</a>&nbsp;&nbsp;&nbsp;symmetry
<LI><a href="#[d5]">&gt;&gt;</a>&nbsp;&nbsp;&nbsp;rotv
<LI><a href="#[dd]">&gt;&gt;</a>&nbsp;&nbsp;&nbsp;att2qnb
<LI><a href="#[d6]">&gt;&gt;</a>&nbsp;&nbsp;&nbsp;UpdateQnb
<LI><a href="#[133]">&gt;&gt;</a>&nbsp;&nbsp;&nbsp;compute_var
<LI><a href="#[12c]">&gt;&gt;</a>&nbsp;&nbsp;&nbsp;average
<LI><a href="#[e0]">&gt;&gt;</a>&nbsp;&nbsp;&nbsp;UpdateKfR
<LI><a href="#[ce]">&gt;&gt;</a>&nbsp;&nbsp;&nbsp;UpdateEarth
<LI><a href="#[c2]">&gt;&gt;</a>&nbsp;&nbsp;&nbsp;LeverarmTimeCorr
<LI><a href="#[db]">&gt;&gt;</a>&nbsp;&nbsp;&nbsp;KfFk
<LI><a href="#[d0]">&gt;&gt;</a>&nbsp;&nbsp;&nbsp;InsUpdate
<LI><a href="#[cc]">&gt;&gt;</a>&nbsp;&nbsp;&nbsp;InsInit
<LI><a href="#[112]">&gt;&gt;</a>&nbsp;&nbsp;&nbsp;__mathlib_dbl_invalid
<LI><a href="#[125]">&gt;&gt;</a>&nbsp;&nbsp;&nbsp;__mathlib_dbl_divzero
<LI><a href="#[118]">&gt;&gt;</a>&nbsp;&nbsp;&nbsp;__hardfp_atan
<LI><a href="#[7e]">&gt;&gt;</a>&nbsp;&nbsp;&nbsp;_fp_value
<LI><a href="#[128]">&gt;&gt;</a>&nbsp;&nbsp;&nbsp;_fp_digits
</UL>

<P><STRONG><a name="[90]"></a>__aeabi_i2d</STRONG> (Thumb, 34 bytes, Stack size 16 bytes, dflti.o(.text))
<BR><BR>[Stack]<UL><LI>Max Depth = 56<LI>Call Chain = __aeabi_i2d &rArr; _double_epilogue &rArr; _double_round
</UL>
<BR>[Calls]<UL><LI><a href="#[8c]">&gt;&gt;</a>&nbsp;&nbsp;&nbsp;_double_epilogue
</UL>
<BR>[Called By]<UL><LI><a href="#[14c]">&gt;&gt;</a>&nbsp;&nbsp;&nbsp;frame_fill_imu
<LI><a href="#[b4]">&gt;&gt;</a>&nbsp;&nbsp;&nbsp;gnss_ZDA_Buff_Parser
<LI><a href="#[13d]">&gt;&gt;</a>&nbsp;&nbsp;&nbsp;epoch2time
<LI><a href="#[124]">&gt;&gt;</a>&nbsp;&nbsp;&nbsp;__hardfp_log
<LI><a href="#[121]">&gt;&gt;</a>&nbsp;&nbsp;&nbsp;__hardfp_exp
<LI><a href="#[133]">&gt;&gt;</a>&nbsp;&nbsp;&nbsp;compute_var
<LI><a href="#[12c]">&gt;&gt;</a>&nbsp;&nbsp;&nbsp;average
<LI><a href="#[de]">&gt;&gt;</a>&nbsp;&nbsp;&nbsp;KfTimeUpdate
<LI><a href="#[11e]">&gt;&gt;</a>&nbsp;&nbsp;&nbsp;__ieee754_rem_pio2
</UL>

<P><STRONG><a name="[91]"></a>__aeabi_ui2d</STRONG> (Thumb, 26 bytes, Stack size 16 bytes, dfltui.o(.text))
<BR><BR>[Stack]<UL><LI>Max Depth = 56<LI>Call Chain = __aeabi_ui2d &rArr; _double_epilogue &rArr; _double_round
</UL>
<BR>[Calls]<UL><LI><a href="#[8c]">&gt;&gt;</a>&nbsp;&nbsp;&nbsp;_double_epilogue
</UL>
<BR>[Called By]<UL><LI><a href="#[179]">&gt;&gt;</a>&nbsp;&nbsp;&nbsp;time2gpst
<LI><a href="#[11e]">&gt;&gt;</a>&nbsp;&nbsp;&nbsp;__ieee754_rem_pio2
</UL>

<P><STRONG><a name="[92]"></a>__aeabi_d2iz</STRONG> (Thumb, 62 bytes, Stack size 16 bytes, dfixi.o(.text))
<BR><BR>[Stack]<UL><LI>Max Depth = 16<LI>Call Chain = __aeabi_d2iz
</UL>
<BR>[Calls]<UL><LI><a href="#[93]">&gt;&gt;</a>&nbsp;&nbsp;&nbsp;__aeabi_llsr
</UL>
<BR>[Called By]<UL><LI><a href="#[14f]">&gt;&gt;</a>&nbsp;&nbsp;&nbsp;frame_pack_and_send
<LI><a href="#[13d]">&gt;&gt;</a>&nbsp;&nbsp;&nbsp;epoch2time
<LI><a href="#[121]">&gt;&gt;</a>&nbsp;&nbsp;&nbsp;__hardfp_exp
<LI><a href="#[11e]">&gt;&gt;</a>&nbsp;&nbsp;&nbsp;__ieee754_rem_pio2
<LI><a href="#[120]">&gt;&gt;</a>&nbsp;&nbsp;&nbsp;__kernel_cos
</UL>

<P><STRONG><a name="[94]"></a>__aeabi_d2uiz</STRONG> (Thumb, 50 bytes, Stack size 8 bytes, dfixui.o(.text))
<BR><BR>[Stack]<UL><LI>Max Depth = 8<LI>Call Chain = __aeabi_d2uiz
</UL>
<BR>[Calls]<UL><LI><a href="#[93]">&gt;&gt;</a>&nbsp;&nbsp;&nbsp;__aeabi_llsr
</UL>
<BR>[Called By]<UL><LI><a href="#[14f]">&gt;&gt;</a>&nbsp;&nbsp;&nbsp;frame_pack_and_send
<LI><a href="#[b4]">&gt;&gt;</a>&nbsp;&nbsp;&nbsp;gnss_ZDA_Buff_Parser
<LI><a href="#[b5]">&gt;&gt;</a>&nbsp;&nbsp;&nbsp;gnss_Heading_Buff_Parser
</UL>

<P><STRONG><a name="[bd]"></a>__aeabi_f2d</STRONG> (Thumb, 38 bytes, Stack size 0 bytes, f2d.o(.text))
<BR><BR>[Called By]<UL><LI><a href="#[14f]">&gt;&gt;</a>&nbsp;&nbsp;&nbsp;frame_pack_and_send
<LI><a href="#[d8]">&gt;&gt;</a>&nbsp;&nbsp;&nbsp;InterfaceKalman
<LI><a href="#[bc]">&gt;&gt;</a>&nbsp;&nbsp;&nbsp;GetNavGnssData
<LI><a href="#[175]">&gt;&gt;</a>&nbsp;&nbsp;&nbsp;gnss_Fetch_Data
<LI><a href="#[d9]">&gt;&gt;</a>&nbsp;&nbsp;&nbsp;StartCoarseAlign
<LI><a href="#[e4]">&gt;&gt;</a>&nbsp;&nbsp;&nbsp;PrintOutGNSSMsg
<LI><a href="#[cc]">&gt;&gt;</a>&nbsp;&nbsp;&nbsp;InsInit
<LI><a href="#[be]">&gt;&gt;</a>&nbsp;&nbsp;&nbsp;GnssInsFusion
</UL>

<P><STRONG><a name="[126]"></a>__aeabi_cdcmpeq</STRONG> (Thumb, 0 bytes, Stack size 0 bytes, cdcmple.o(.text))
<BR><BR>[Called By]<UL><LI><a href="#[124]">&gt;&gt;</a>&nbsp;&nbsp;&nbsp;__hardfp_log
<LI><a href="#[18f]">&gt;&gt;</a>&nbsp;&nbsp;&nbsp;ludcmp
<LI><a href="#[18e]">&gt;&gt;</a>&nbsp;&nbsp;&nbsp;lubksb
<LI><a href="#[d1]">&gt;&gt;</a>&nbsp;&nbsp;&nbsp;matmul
</UL>

<P><STRONG><a name="[108]"></a>__aeabi_cdcmple</STRONG> (Thumb, 48 bytes, Stack size 0 bytes, cdcmple.o(.text))
<BR><BR>[Called By]<UL><LI><a href="#[178]">&gt;&gt;</a>&nbsp;&nbsp;&nbsp;str2time
<LI><a href="#[121]">&gt;&gt;</a>&nbsp;&nbsp;&nbsp;__hardfp_exp
<LI><a href="#[19b]">&gt;&gt;</a>&nbsp;&nbsp;&nbsp;rv2q
<LI><a href="#[d5]">&gt;&gt;</a>&nbsp;&nbsp;&nbsp;rotv
<LI><a href="#[d6]">&gt;&gt;</a>&nbsp;&nbsp;&nbsp;UpdateQnb
<LI><a href="#[dc]">&gt;&gt;</a>&nbsp;&nbsp;&nbsp;static_detection
<LI><a href="#[df]">&gt;&gt;</a>&nbsp;&nbsp;&nbsp;difftimeInc2gnss
</UL>

<P><STRONG><a name="[10a]"></a>__aeabi_cdrcmple</STRONG> (Thumb, 48 bytes, Stack size 0 bytes, cdrcmple.o(.text))
<BR><BR>[Called By]<UL><LI><a href="#[123]">&gt;&gt;</a>&nbsp;&nbsp;&nbsp;__hardfp_floor
<LI><a href="#[121]">&gt;&gt;</a>&nbsp;&nbsp;&nbsp;__hardfp_exp
<LI><a href="#[18f]">&gt;&gt;</a>&nbsp;&nbsp;&nbsp;ludcmp
<LI><a href="#[d6]">&gt;&gt;</a>&nbsp;&nbsp;&nbsp;UpdateQnb
<LI><a href="#[df]">&gt;&gt;</a>&nbsp;&nbsp;&nbsp;difftimeInc2gnss
<LI><a href="#[128]">&gt;&gt;</a>&nbsp;&nbsp;&nbsp;_fp_digits
</UL>

<P><STRONG><a name="[84]"></a>__aeabi_d2f</STRONG> (Thumb, 56 bytes, Stack size 8 bytes, d2f.o(.text))
<BR><BR>[Stack]<UL><LI>Max Depth = 8<LI>Call Chain = __aeabi_d2f
</UL>
<BR>[Calls]<UL><LI><a href="#[95]">&gt;&gt;</a>&nbsp;&nbsp;&nbsp;_float_round
</UL>
<BR>[Called By]<UL><LI><a href="#[189]">&gt;&gt;</a>&nbsp;&nbsp;&nbsp;rtc_update
<LI><a href="#[b4]">&gt;&gt;</a>&nbsp;&nbsp;&nbsp;gnss_ZDA_Buff_Parser
<LI><a href="#[b8]">&gt;&gt;</a>&nbsp;&nbsp;&nbsp;gnss_TRA_Buff_Parser
<LI><a href="#[b1]">&gt;&gt;</a>&nbsp;&nbsp;&nbsp;gnss_RMC_Buff_Parser
<LI><a href="#[b5]">&gt;&gt;</a>&nbsp;&nbsp;&nbsp;gnss_Heading_Buff_Parser
<LI><a href="#[b2]">&gt;&gt;</a>&nbsp;&nbsp;&nbsp;gnss_GGA_Buff_Parser
<LI><a href="#[175]">&gt;&gt;</a>&nbsp;&nbsp;&nbsp;gnss_Fetch_Data
<LI><a href="#[b7]">&gt;&gt;</a>&nbsp;&nbsp;&nbsp;gnss_BESTVEL_Buff_Parser
<LI><a href="#[b6]">&gt;&gt;</a>&nbsp;&nbsp;&nbsp;gnss_BESTPOS_Buff_Parser
<LI><a href="#[b9]">&gt;&gt;</a>&nbsp;&nbsp;&nbsp;gnss_AGRIC_Buff_Parser
<LI><a href="#[82]">&gt;&gt;</a>&nbsp;&nbsp;&nbsp;_scanf_really_real
</UL>

<P><STRONG><a name="[1c3]"></a>__aeabi_uidiv</STRONG> (Thumb, 0 bytes, Stack size 12 bytes, uidiv.o(.text), UNUSED)

<P><STRONG><a name="[12b]"></a>__aeabi_uidivmod</STRONG> (Thumb, 44 bytes, Stack size 12 bytes, uidiv.o(.text), UNUSED)
<BR><BR>[Called By]<UL><LI><a href="#[10c]">&gt;&gt;</a>&nbsp;&nbsp;&nbsp;_printf_core
</UL>

<P><STRONG><a name="[96]"></a>__aeabi_uldivmod</STRONG> (Thumb, 98 bytes, Stack size 40 bytes, uldiv.o(.text), UNUSED)
<BR><BR>[Calls]<UL><LI><a href="#[93]">&gt;&gt;</a>&nbsp;&nbsp;&nbsp;__aeabi_llsr
<LI><a href="#[8a]">&gt;&gt;</a>&nbsp;&nbsp;&nbsp;__aeabi_llsl
</UL>
<BR>[Called By]<UL><LI><a href="#[10c]">&gt;&gt;</a>&nbsp;&nbsp;&nbsp;_printf_core
<LI><a href="#[128]">&gt;&gt;</a>&nbsp;&nbsp;&nbsp;_fp_digits
</UL>

<P><STRONG><a name="[8a]"></a>__aeabi_llsl</STRONG> (Thumb, 30 bytes, Stack size 0 bytes, llshl.o(.text))
<BR><BR>[Called By]<UL><LI><a href="#[89]">&gt;&gt;</a>&nbsp;&nbsp;&nbsp;__aeabi_dadd
<LI><a href="#[96]">&gt;&gt;</a>&nbsp;&nbsp;&nbsp;__aeabi_uldivmod
<LI><a href="#[8c]">&gt;&gt;</a>&nbsp;&nbsp;&nbsp;_double_epilogue
<LI><a href="#[9e]">&gt;&gt;</a>&nbsp;&nbsp;&nbsp;__aeabi_d2ulz
</UL>

<P><STRONG><a name="[1c4]"></a>_ll_shift_l</STRONG> (Thumb, 0 bytes, Stack size 0 bytes, llshl.o(.text), UNUSED)

<P><STRONG><a name="[93]"></a>__aeabi_llsr</STRONG> (Thumb, 32 bytes, Stack size 0 bytes, llushr.o(.text))
<BR><BR>[Called By]<UL><LI><a href="#[94]">&gt;&gt;</a>&nbsp;&nbsp;&nbsp;__aeabi_d2uiz
<LI><a href="#[92]">&gt;&gt;</a>&nbsp;&nbsp;&nbsp;__aeabi_d2iz
<LI><a href="#[9d]">&gt;&gt;</a>&nbsp;&nbsp;&nbsp;_dsqrt
<LI><a href="#[96]">&gt;&gt;</a>&nbsp;&nbsp;&nbsp;__aeabi_uldivmod
<LI><a href="#[8c]">&gt;&gt;</a>&nbsp;&nbsp;&nbsp;_double_epilogue
<LI><a href="#[9e]">&gt;&gt;</a>&nbsp;&nbsp;&nbsp;__aeabi_d2ulz
</UL>

<P><STRONG><a name="[1c5]"></a>_ll_ushift_r</STRONG> (Thumb, 0 bytes, Stack size 0 bytes, llushr.o(.text), UNUSED)

<P><STRONG><a name="[8b]"></a>__aeabi_lasr</STRONG> (Thumb, 36 bytes, Stack size 0 bytes, llsshr.o(.text))
<BR><BR>[Called By]<UL><LI><a href="#[89]">&gt;&gt;</a>&nbsp;&nbsp;&nbsp;__aeabi_dadd
</UL>

<P><STRONG><a name="[1c6]"></a>_ll_sshift_r</STRONG> (Thumb, 0 bytes, Stack size 0 bytes, llsshr.o(.text), UNUSED)

<P><STRONG><a name="[7d]"></a>__vfscanf_char</STRONG> (Thumb, 20 bytes, Stack size 0 bytes, scanf_char.o(.text))
<BR><BR>[Stack]<UL><LI>Max Depth = 192<LI>Call Chain = __vfscanf_char &rArr; __vfscanf &rArr; _scanf_real
</UL>
<BR>[Calls]<UL><LI><a href="#[97]">&gt;&gt;</a>&nbsp;&nbsp;&nbsp;__vfscanf
</UL>
<BR>[Called By]<UL><LI><a href="#[7c]">&gt;&gt;</a>&nbsp;&nbsp;&nbsp;__0sscanf
</UL>

<P><STRONG><a name="[69]"></a>_sgetc</STRONG> (Thumb, 30 bytes, Stack size 0 bytes, _sgetc.o(.text))
<BR>[Address Reference Count : 2]<UL><LI> __0sscanf.o(.text)
<LI> strtod.o(.text)
</UL>
<P><STRONG><a name="[6a]"></a>_sbackspace</STRONG> (Thumb, 34 bytes, Stack size 0 bytes, _sgetc.o(.text))
<BR>[Address Reference Count : 2]<UL><LI> __0sscanf.o(.text)
<LI> strtod.o(.text)
</UL>
<P><STRONG><a name="[9a]"></a>__strtod_int</STRONG> (Thumb, 90 bytes, Stack size 40 bytes, strtod.o(.text))
<BR><BR>[Stack]<UL><LI>Max Depth = 200<LI>Call Chain = __strtod_int &rArr; _local_sscanf &rArr; _scanf_real
</UL>
<BR>[Calls]<UL><LI><a href="#[98]">&gt;&gt;</a>&nbsp;&nbsp;&nbsp;_local_sscanf
</UL>
<BR>[Called By]<UL><LI><a href="#[127]">&gt;&gt;</a>&nbsp;&nbsp;&nbsp;__hardfp_strtod
<LI><a href="#[11c]">&gt;&gt;</a>&nbsp;&nbsp;&nbsp;__hardfp_atof
</UL>

<P><STRONG><a name="[87]"></a>strtol</STRONG> (Thumb, 112 bytes, Stack size 32 bytes, strtol.o(.text))
<BR><BR>[Stack]<UL><LI>Max Depth = 72<LI>Call Chain = strtol &rArr; _strtoul
</UL>
<BR>[Calls]<UL><LI><a href="#[9c]">&gt;&gt;</a>&nbsp;&nbsp;&nbsp;_strtoul
<LI><a href="#[9b]">&gt;&gt;</a>&nbsp;&nbsp;&nbsp;__rt_ctype_table
<LI><a href="#[86]">&gt;&gt;</a>&nbsp;&nbsp;&nbsp;__aeabi_errno_addr
</UL>
<BR>[Called By]<UL><LI><a href="#[88]">&gt;&gt;</a>&nbsp;&nbsp;&nbsp;atol
<LI><a href="#[85]">&gt;&gt;</a>&nbsp;&nbsp;&nbsp;atoi
</UL>

<P><STRONG><a name="[1c7]"></a>__I$use$fp</STRONG> (Thumb, 0 bytes, Stack size 0 bytes, iusefp.o(.text), UNUSED)

<P><STRONG><a name="[95]"></a>_float_round</STRONG> (Thumb, 18 bytes, Stack size 0 bytes, fepilogue.o(.text))
<BR><BR>[Called By]<UL><LI><a href="#[84]">&gt;&gt;</a>&nbsp;&nbsp;&nbsp;__aeabi_d2f
</UL>

<P><STRONG><a name="[1c8]"></a>_float_epilogue</STRONG> (Thumb, 92 bytes, Stack size 4 bytes, fepilogue.o(.text), UNUSED)

<P><STRONG><a name="[8d]"></a>_double_round</STRONG> (Thumb, 30 bytes, Stack size 8 bytes, depilogue.o(.text))
<BR><BR>[Stack]<UL><LI>Max Depth = 8<LI>Call Chain = _double_round
</UL>
<BR>[Called By]<UL><LI><a href="#[81]">&gt;&gt;</a>&nbsp;&nbsp;&nbsp;__aeabi_ddiv
<LI><a href="#[89]">&gt;&gt;</a>&nbsp;&nbsp;&nbsp;__aeabi_dadd
<LI><a href="#[9d]">&gt;&gt;</a>&nbsp;&nbsp;&nbsp;_dsqrt
<LI><a href="#[8c]">&gt;&gt;</a>&nbsp;&nbsp;&nbsp;_double_epilogue
</UL>

<P><STRONG><a name="[8c]"></a>_double_epilogue</STRONG> (Thumb, 156 bytes, Stack size 32 bytes, depilogue.o(.text))
<BR><BR>[Stack]<UL><LI>Max Depth = 40<LI>Call Chain = _double_epilogue &rArr; _double_round
</UL>
<BR>[Calls]<UL><LI><a href="#[93]">&gt;&gt;</a>&nbsp;&nbsp;&nbsp;__aeabi_llsr
<LI><a href="#[8a]">&gt;&gt;</a>&nbsp;&nbsp;&nbsp;__aeabi_llsl
<LI><a href="#[8d]">&gt;&gt;</a>&nbsp;&nbsp;&nbsp;_double_round
</UL>
<BR>[Called By]<UL><LI><a href="#[90]">&gt;&gt;</a>&nbsp;&nbsp;&nbsp;__aeabi_i2d
<LI><a href="#[80]">&gt;&gt;</a>&nbsp;&nbsp;&nbsp;__aeabi_dmul
<LI><a href="#[91]">&gt;&gt;</a>&nbsp;&nbsp;&nbsp;__aeabi_ui2d
<LI><a href="#[89]">&gt;&gt;</a>&nbsp;&nbsp;&nbsp;__aeabi_dadd
<LI><a href="#[7f]">&gt;&gt;</a>&nbsp;&nbsp;&nbsp;__aeabi_ul2d
</UL>

<P><STRONG><a name="[9d]"></a>_dsqrt</STRONG> (Thumb, 162 bytes, Stack size 32 bytes, dsqrt.o(.text))
<BR><BR>[Stack]<UL><LI>Max Depth = 40<LI>Call Chain = _dsqrt &rArr; _double_round
</UL>
<BR>[Calls]<UL><LI><a href="#[93]">&gt;&gt;</a>&nbsp;&nbsp;&nbsp;__aeabi_llsr
<LI><a href="#[8d]">&gt;&gt;</a>&nbsp;&nbsp;&nbsp;_double_round
</UL>
<BR>[Called By]<UL><LI><a href="#[117]">&gt;&gt;</a>&nbsp;&nbsp;&nbsp;sqrt
<LI><a href="#[ea]">&gt;&gt;</a>&nbsp;&nbsp;&nbsp;__hardfp_sqrt
</UL>

<P><STRONG><a name="[7f]"></a>__aeabi_ul2d</STRONG> (Thumb, 24 bytes, Stack size 16 bytes, dfltul.o(.text), UNUSED)
<BR><BR>[Calls]<UL><LI><a href="#[8c]">&gt;&gt;</a>&nbsp;&nbsp;&nbsp;_double_epilogue
</UL>
<BR>[Called By]<UL><LI><a href="#[7e]">&gt;&gt;</a>&nbsp;&nbsp;&nbsp;_fp_value
</UL>

<P><STRONG><a name="[9e]"></a>__aeabi_d2ulz</STRONG> (Thumb, 48 bytes, Stack size 0 bytes, dfixul.o(.text), UNUSED)
<BR><BR>[Calls]<UL><LI><a href="#[93]">&gt;&gt;</a>&nbsp;&nbsp;&nbsp;__aeabi_llsr
<LI><a href="#[8a]">&gt;&gt;</a>&nbsp;&nbsp;&nbsp;__aeabi_llsl
</UL>
<BR>[Called By]<UL><LI><a href="#[128]">&gt;&gt;</a>&nbsp;&nbsp;&nbsp;_fp_digits
</UL>

<P><STRONG><a name="[78]"></a>__scatterload</STRONG> (Thumb, 28 bytes, Stack size 0 bytes, init.o(.text))
<BR><BR>[Calls]<UL><LI><a href="#[9f]">&gt;&gt;</a>&nbsp;&nbsp;&nbsp;__main_after_scatterload
</UL>
<BR>[Called By]<UL><LI><a href="#[77]">&gt;&gt;</a>&nbsp;&nbsp;&nbsp;_main_scatterload
</UL>

<P><STRONG><a name="[1c9]"></a>__scatterload_rt2</STRONG> (Thumb, 0 bytes, Stack size 0 bytes, init.o(.text), UNUSED)

<P><STRONG><a name="[9b]"></a>__rt_ctype_table</STRONG> (Thumb, 4 bytes, Stack size 0 bytes, ctype_o.o(.text))
<BR><BR>[Called By]<UL><LI><a href="#[6c]">&gt;&gt;</a>&nbsp;&nbsp;&nbsp;isspace
<LI><a href="#[87]">&gt;&gt;</a>&nbsp;&nbsp;&nbsp;strtol
</UL>

<P><STRONG><a name="[6c]"></a>isspace</STRONG> (Thumb, 18 bytes, Stack size 8 bytes, isspace_o.o(.text))
<BR><BR>[Stack]<UL><LI>Max Depth = 8<LI>Call Chain = isspace
</UL>
<BR>[Calls]<UL><LI><a href="#[9b]">&gt;&gt;</a>&nbsp;&nbsp;&nbsp;__rt_ctype_table
</UL>
<BR>[Address Reference Count : 2]<UL><LI> scanf_char.o(.text)
<LI> strtod.o(.text)
</UL>
<P><STRONG><a name="[97]"></a>__vfscanf</STRONG> (Thumb, 808 bytes, Stack size 88 bytes, _scanf.o(.text))
<BR><BR>[Stack]<UL><LI>Max Depth = 192<LI>Call Chain = __vfscanf &rArr; _scanf_real
</UL>
<BR>[Calls]<UL><LI><a href="#[99]">&gt;&gt;</a>&nbsp;&nbsp;&nbsp;_scanf_real
</UL>
<BR>[Called By]<UL><LI><a href="#[7d]">&gt;&gt;</a>&nbsp;&nbsp;&nbsp;__vfscanf_char
</UL>

<P><STRONG><a name="[9c]"></a>_strtoul</STRONG> (Thumb, 158 bytes, Stack size 40 bytes, _strtoul.o(.text))
<BR><BR>[Stack]<UL><LI>Max Depth = 40<LI>Call Chain = _strtoul
</UL>
<BR>[Calls]<UL><LI><a href="#[a0]">&gt;&gt;</a>&nbsp;&nbsp;&nbsp;_chval
<LI><a href="#[86]">&gt;&gt;</a>&nbsp;&nbsp;&nbsp;__aeabi_errno_addr
</UL>
<BR>[Called By]<UL><LI><a href="#[87]">&gt;&gt;</a>&nbsp;&nbsp;&nbsp;strtol
</UL>

<P><STRONG><a name="[a0]"></a>_chval</STRONG> (Thumb, 28 bytes, Stack size 0 bytes, _chval.o(.text))
<BR><BR>[Called By]<UL><LI><a href="#[9c]">&gt;&gt;</a>&nbsp;&nbsp;&nbsp;_strtoul
</UL>

<P><STRONG><a name="[1ca]"></a>__decompress</STRONG> (Thumb, 0 bytes, Stack size unknown bytes, __dczerorl2.o(.text), UNUSED)

<P><STRONG><a name="[1cb]"></a>__decompress1</STRONG> (Thumb, 86 bytes, Stack size unknown bytes, __dczerorl2.o(.text), UNUSED)

<P><STRONG><a name="[7]"></a>BusFault_Handler</STRONG> (Thumb, 4 bytes, Stack size 0 bytes, gd32f4xx_it.o(i.BusFault_Handler))
<BR>[Address Reference Count : 1]<UL><LI> startup_gd32f450_470.o(RESET)
</UL>
<P><STRONG><a name="[21]"></a>CAN0_RX0_IRQHandler</STRONG> (Thumb, 76 bytes, Stack size 56 bytes, drv_can.o(i.CAN0_RX0_IRQHandler))
<BR><BR>[Stack]<UL><LI>Max Depth = 116<LI>Call Chain = CAN0_RX0_IRQHandler &rArr; bxcan_send_data &rArr; can_message_transmit
</UL>
<BR>[Calls]<UL><LI><a href="#[a3]">&gt;&gt;</a>&nbsp;&nbsp;&nbsp;can_message_receive
<LI><a href="#[a1]">&gt;&gt;</a>&nbsp;&nbsp;&nbsp;can_interrupt_flag_get
<LI><a href="#[a2]">&gt;&gt;</a>&nbsp;&nbsp;&nbsp;can_interrupt_flag_clear
<LI><a href="#[a5]">&gt;&gt;</a>&nbsp;&nbsp;&nbsp;bxcan_send_data
<LI><a href="#[a4]">&gt;&gt;</a>&nbsp;&nbsp;&nbsp;bxcan_format_data
</UL>
<BR>[Address Reference Count : 1]<UL><LI> startup_gd32f450_470.o(RESET)
</UL>
<P><STRONG><a name="[20]"></a>CAN0_TX_IRQHandler</STRONG> (Thumb, 2 bytes, Stack size 0 bytes, drv_can.o(i.CAN0_TX_IRQHandler))
<BR>[Address Reference Count : 1]<UL><LI> startup_gd32f450_470.o(RESET)
</UL>
<P><STRONG><a name="[4d]"></a>CAN1_RX0_IRQHandler</STRONG> (Thumb, 76 bytes, Stack size 56 bytes, drv_can.o(i.CAN1_RX0_IRQHandler))
<BR><BR>[Stack]<UL><LI>Max Depth = 116<LI>Call Chain = CAN1_RX0_IRQHandler &rArr; bxcan_send_data &rArr; can_message_transmit
</UL>
<BR>[Calls]<UL><LI><a href="#[a3]">&gt;&gt;</a>&nbsp;&nbsp;&nbsp;can_message_receive
<LI><a href="#[a1]">&gt;&gt;</a>&nbsp;&nbsp;&nbsp;can_interrupt_flag_get
<LI><a href="#[a2]">&gt;&gt;</a>&nbsp;&nbsp;&nbsp;can_interrupt_flag_clear
<LI><a href="#[a5]">&gt;&gt;</a>&nbsp;&nbsp;&nbsp;bxcan_send_data
<LI><a href="#[a4]">&gt;&gt;</a>&nbsp;&nbsp;&nbsp;bxcan_format_data
</UL>
<BR>[Address Reference Count : 1]<UL><LI> startup_gd32f450_470.o(RESET)
</UL>
<P><STRONG><a name="[3c]"></a>DMA0_Channel7_IRQHandler</STRONG> (Thumb, 134 bytes, Stack size 8 bytes, drv_usart.o(i.DMA0_Channel7_IRQHandler))
<BR><BR>[Stack]<UL><LI>Max Depth = 28<LI>Call Chain = DMA0_Channel7_IRQHandler &rArr; dma_interrupt_flag_get
</UL>
<BR>[Calls]<UL><LI><a href="#[a6]">&gt;&gt;</a>&nbsp;&nbsp;&nbsp;dma_interrupt_flag_get
<LI><a href="#[a7]">&gt;&gt;</a>&nbsp;&nbsp;&nbsp;dma_interrupt_flag_clear
<LI><a href="#[ac]">&gt;&gt;</a>&nbsp;&nbsp;&nbsp;dma_channel_enable
<LI><a href="#[a8]">&gt;&gt;</a>&nbsp;&nbsp;&nbsp;dma_channel_disable
<LI><a href="#[ab]">&gt;&gt;</a>&nbsp;&nbsp;&nbsp;dma_transfer_number_config
<LI><a href="#[a9]">&gt;&gt;</a>&nbsp;&nbsp;&nbsp;usart_interrupt_enable
<LI><a href="#[aa]">&gt;&gt;</a>&nbsp;&nbsp;&nbsp;__aeabi_memcpy
</UL>
<BR>[Address Reference Count : 1]<UL><LI> startup_gd32f450_470.o(RESET)
</UL>
<P><STRONG><a name="[153]"></a>DRam_Write</STRONG> (Thumb, 48 bytes, Stack size 12 bytes, dramadapter.o(i.DRam_Write))
<BR><BR>[Stack]<UL><LI>Max Depth = 12<LI>Call Chain = DRam_Write
</UL>
<BR>[Called By]<UL><LI><a href="#[152]">&gt;&gt;</a>&nbsp;&nbsp;&nbsp;frame_writeDram
</UL>

<P><STRONG><a name="[a]"></a>DebugMon_Handler</STRONG> (Thumb, 2 bytes, Stack size 0 bytes, gd32f4xx_it.o(i.DebugMon_Handler))
<BR>[Address Reference Count : 1]<UL><LI> startup_gd32f450_470.o(RESET)
</UL>
<P><STRONG><a name="[13]"></a>EXTI0_IRQHandler</STRONG> (Thumb, 10 bytes, Stack size 8 bytes, drv_gpio.o(i.EXTI0_IRQHandler))
<BR><BR>[Stack]<UL><LI>Max Depth = 24<LI>Call Chain = EXTI0_IRQHandler &rArr; GD32_GPIO_EXTI_IRQHandler
</UL>
<BR>[Calls]<UL><LI><a href="#[ad]">&gt;&gt;</a>&nbsp;&nbsp;&nbsp;GD32_GPIO_EXTI_IRQHandler
</UL>
<BR>[Address Reference Count : 1]<UL><LI> startup_gd32f450_470.o(RESET)
</UL>
<P><STRONG><a name="[35]"></a>EXTI10_15_IRQHandler</STRONG> (Thumb, 40 bytes, Stack size 8 bytes, drv_gpio.o(i.EXTI10_15_IRQHandler))
<BR><BR>[Stack]<UL><LI>Max Depth = 24<LI>Call Chain = EXTI10_15_IRQHandler &rArr; GD32_GPIO_EXTI_IRQHandler
</UL>
<BR>[Calls]<UL><LI><a href="#[ad]">&gt;&gt;</a>&nbsp;&nbsp;&nbsp;GD32_GPIO_EXTI_IRQHandler
</UL>
<BR>[Address Reference Count : 1]<UL><LI> startup_gd32f450_470.o(RESET)
</UL>
<P><STRONG><a name="[14]"></a>EXTI1_IRQHandler</STRONG> (Thumb, 10 bytes, Stack size 8 bytes, drv_gpio.o(i.EXTI1_IRQHandler))
<BR><BR>[Stack]<UL><LI>Max Depth = 24<LI>Call Chain = EXTI1_IRQHandler &rArr; GD32_GPIO_EXTI_IRQHandler
</UL>
<BR>[Calls]<UL><LI><a href="#[ad]">&gt;&gt;</a>&nbsp;&nbsp;&nbsp;GD32_GPIO_EXTI_IRQHandler
</UL>
<BR>[Address Reference Count : 1]<UL><LI> startup_gd32f450_470.o(RESET)
</UL>
<P><STRONG><a name="[15]"></a>EXTI2_IRQHandler</STRONG> (Thumb, 10 bytes, Stack size 8 bytes, drv_gpio.o(i.EXTI2_IRQHandler))
<BR><BR>[Stack]<UL><LI>Max Depth = 24<LI>Call Chain = EXTI2_IRQHandler &rArr; GD32_GPIO_EXTI_IRQHandler
</UL>
<BR>[Calls]<UL><LI><a href="#[ad]">&gt;&gt;</a>&nbsp;&nbsp;&nbsp;GD32_GPIO_EXTI_IRQHandler
</UL>
<BR>[Address Reference Count : 1]<UL><LI> startup_gd32f450_470.o(RESET)
</UL>
<P><STRONG><a name="[16]"></a>EXTI3_IRQHandler</STRONG> (Thumb, 10 bytes, Stack size 8 bytes, drv_gpio.o(i.EXTI3_IRQHandler))
<BR><BR>[Stack]<UL><LI>Max Depth = 24<LI>Call Chain = EXTI3_IRQHandler &rArr; GD32_GPIO_EXTI_IRQHandler
</UL>
<BR>[Calls]<UL><LI><a href="#[ad]">&gt;&gt;</a>&nbsp;&nbsp;&nbsp;GD32_GPIO_EXTI_IRQHandler
</UL>
<BR>[Address Reference Count : 1]<UL><LI> startup_gd32f450_470.o(RESET)
</UL>
<P><STRONG><a name="[17]"></a>EXTI4_IRQHandler</STRONG> (Thumb, 10 bytes, Stack size 8 bytes, drv_gpio.o(i.EXTI4_IRQHandler))
<BR><BR>[Stack]<UL><LI>Max Depth = 24<LI>Call Chain = EXTI4_IRQHandler &rArr; GD32_GPIO_EXTI_IRQHandler
</UL>
<BR>[Calls]<UL><LI><a href="#[ad]">&gt;&gt;</a>&nbsp;&nbsp;&nbsp;GD32_GPIO_EXTI_IRQHandler
</UL>
<BR>[Address Reference Count : 1]<UL><LI> startup_gd32f450_470.o(RESET)
</UL>
<P><STRONG><a name="[24]"></a>EXTI5_9_IRQHandler</STRONG> (Thumb, 34 bytes, Stack size 8 bytes, drv_gpio.o(i.EXTI5_9_IRQHandler))
<BR><BR>[Stack]<UL><LI>Max Depth = 24<LI>Call Chain = EXTI5_9_IRQHandler &rArr; GD32_GPIO_EXTI_IRQHandler
</UL>
<BR>[Calls]<UL><LI><a href="#[ad]">&gt;&gt;</a>&nbsp;&nbsp;&nbsp;GD32_GPIO_EXTI_IRQHandler
</UL>
<BR>[Address Reference Count : 1]<UL><LI> startup_gd32f450_470.o(RESET)
</UL>
<P><STRONG><a name="[146]"></a>FMC_ReadWord</STRONG> (Thumb, 26 bytes, Stack size 8 bytes, fmcadapter.o(i.FMC_ReadWord))
<BR><BR>[Stack]<UL><LI>Max Depth = 8<LI>Call Chain = FMC_ReadWord
</UL>
<BR>[Called By]<UL><LI><a href="#[13f]">&gt;&gt;</a>&nbsp;&nbsp;&nbsp;exmc_sram_init
</UL>

<P><STRONG><a name="[ad]"></a>GD32_GPIO_EXTI_IRQHandler</STRONG> (Thumb, 60 bytes, Stack size 16 bytes, drv_gpio.o(i.GD32_GPIO_EXTI_IRQHandler))
<BR><BR>[Stack]<UL><LI>Max Depth = 16<LI>Call Chain = GD32_GPIO_EXTI_IRQHandler
</UL>
<BR>[Calls]<UL><LI><a href="#[ae]">&gt;&gt;</a>&nbsp;&nbsp;&nbsp;exti_interrupt_flag_get
<LI><a href="#[af]">&gt;&gt;</a>&nbsp;&nbsp;&nbsp;exti_interrupt_flag_clear
</UL>
<BR>[Called By]<UL><LI><a href="#[24]">&gt;&gt;</a>&nbsp;&nbsp;&nbsp;EXTI5_9_IRQHandler
<LI><a href="#[17]">&gt;&gt;</a>&nbsp;&nbsp;&nbsp;EXTI4_IRQHandler
<LI><a href="#[16]">&gt;&gt;</a>&nbsp;&nbsp;&nbsp;EXTI3_IRQHandler
<LI><a href="#[15]">&gt;&gt;</a>&nbsp;&nbsp;&nbsp;EXTI2_IRQHandler
<LI><a href="#[14]">&gt;&gt;</a>&nbsp;&nbsp;&nbsp;EXTI1_IRQHandler
<LI><a href="#[35]">&gt;&gt;</a>&nbsp;&nbsp;&nbsp;EXTI10_15_IRQHandler
<LI><a href="#[13]">&gt;&gt;</a>&nbsp;&nbsp;&nbsp;EXTI0_IRQHandler
</UL>

<P><STRONG><a name="[b0]"></a>GNSS_Buff_Parser</STRONG> (Thumb, 106 bytes, Stack size 16 bytes, gnss.o(i.GNSS_Buff_Parser))
<BR><BR>[Stack]<UL><LI>Max Depth = 744<LI>Call Chain = GNSS_Buff_Parser &rArr; gnss_ZDA_Buff_Parser &rArr; str2time &rArr; __0sscanf &rArr; __vfscanf_char &rArr; __vfscanf &rArr; _scanf_real
</UL>
<BR>[Calls]<UL><LI><a href="#[b4]">&gt;&gt;</a>&nbsp;&nbsp;&nbsp;gnss_ZDA_Buff_Parser
<LI><a href="#[b3]">&gt;&gt;</a>&nbsp;&nbsp;&nbsp;gnss_VTG_Buff_Parser
<LI><a href="#[b8]">&gt;&gt;</a>&nbsp;&nbsp;&nbsp;gnss_TRA_Buff_Parser
<LI><a href="#[b1]">&gt;&gt;</a>&nbsp;&nbsp;&nbsp;gnss_RMC_Buff_Parser
<LI><a href="#[b5]">&gt;&gt;</a>&nbsp;&nbsp;&nbsp;gnss_Heading_Buff_Parser
<LI><a href="#[b2]">&gt;&gt;</a>&nbsp;&nbsp;&nbsp;gnss_GGA_Buff_Parser
<LI><a href="#[b7]">&gt;&gt;</a>&nbsp;&nbsp;&nbsp;gnss_BESTVEL_Buff_Parser
<LI><a href="#[b6]">&gt;&gt;</a>&nbsp;&nbsp;&nbsp;gnss_BESTPOS_Buff_Parser
<LI><a href="#[b9]">&gt;&gt;</a>&nbsp;&nbsp;&nbsp;gnss_AGRIC_Buff_Parser
</UL>
<BR>[Called By]<UL><LI><a href="#[180]">&gt;&gt;</a>&nbsp;&nbsp;&nbsp;gnss_parse
</UL>

<P><STRONG><a name="[181]"></a>GNSS_Cmd_Kind_Parser</STRONG> (Thumb, 24 bytes, Stack size 0 bytes, gnss.o(i.GNSS_Cmd_Kind_Parser))
<BR><BR>[Called By]<UL><LI><a href="#[180]">&gt;&gt;</a>&nbsp;&nbsp;&nbsp;gnss_parse
</UL>

<P><STRONG><a name="[ba]"></a>GNSS_Cmd_Parser</STRONG> (Thumb, 368 bytes, Stack size 8 bytes, gnss.o(i.GNSS_Cmd_Parser))
<BR><BR>[Stack]<UL><LI>Max Depth = 20<LI>Call Chain = GNSS_Cmd_Parser &rArr; strncmp
</UL>
<BR>[Calls]<UL><LI><a href="#[bb]">&gt;&gt;</a>&nbsp;&nbsp;&nbsp;strncmp
</UL>
<BR>[Called By]<UL><LI><a href="#[180]">&gt;&gt;</a>&nbsp;&nbsp;&nbsp;gnss_parse
</UL>

<P><STRONG><a name="[e8]"></a>GetCompensateParm</STRONG> (Thumb, 38 bytes, Stack size 0 bytes, nav_task.o(i.GetCompensateParm))
<BR><BR>[Called By]<UL><LI><a href="#[e6]">&gt;&gt;</a>&nbsp;&nbsp;&nbsp;Kalman_smooth
</UL>

<P><STRONG><a name="[bc]"></a>GetNavGnssData</STRONG> (Thumb, 242 bytes, Stack size 16 bytes, inavins.o(i.GetNavGnssData))
<BR><BR>[Stack]<UL><LI>Max Depth = 16<LI>Call Chain = GetNavGnssData
</UL>
<BR>[Calls]<UL><LI><a href="#[bd]">&gt;&gt;</a>&nbsp;&nbsp;&nbsp;__aeabi_f2d
</UL>
<BR>[Called By]<UL><LI><a href="#[e6]">&gt;&gt;</a>&nbsp;&nbsp;&nbsp;Kalman_smooth
</UL>

<P><STRONG><a name="[e7]"></a>GetNavIncData</STRONG> (Thumb, 112 bytes, Stack size 8 bytes, inavins.o(i.GetNavIncData))
<BR><BR>[Stack]<UL><LI>Max Depth = 8<LI>Call Chain = GetNavIncData
</UL>
<BR>[Called By]<UL><LI><a href="#[e6]">&gt;&gt;</a>&nbsp;&nbsp;&nbsp;Kalman_smooth
</UL>

<P><STRONG><a name="[be]"></a>GnssInsFusion</STRONG> (Thumb, 506 bytes, Stack size 152 bytes, inavins.o(i.GnssInsFusion))
<BR><BR>[Stack]<UL><LI>Max Depth = 1072<LI>Call Chain = GnssInsFusion &rArr; KfMeasUpdate &rArr; eyes &rArr; zeros &rArr; inav_log &rArr; rtc_update &rArr; str2time &rArr; __0sscanf &rArr; __vfscanf_char &rArr; __vfscanf &rArr; _scanf_real
</UL>
<BR>[Calls]<UL><LI><a href="#[bd]">&gt;&gt;</a>&nbsp;&nbsp;&nbsp;__aeabi_f2d
<LI><a href="#[80]">&gt;&gt;</a>&nbsp;&nbsp;&nbsp;__aeabi_dmul
<LI><a href="#[c3]">&gt;&gt;</a>&nbsp;&nbsp;&nbsp;MeasResp
<LI><a href="#[c0]">&gt;&gt;</a>&nbsp;&nbsp;&nbsp;zeros
<LI><a href="#[bf]">&gt;&gt;</a>&nbsp;&nbsp;&nbsp;inav_log
<LI><a href="#[c5]">&gt;&gt;</a>&nbsp;&nbsp;&nbsp;PrintOutMatrixMsg
<LI><a href="#[c4]">&gt;&gt;</a>&nbsp;&nbsp;&nbsp;MatrixRk
<LI><a href="#[c2]">&gt;&gt;</a>&nbsp;&nbsp;&nbsp;LeverarmTimeCorr
<LI><a href="#[c6]">&gt;&gt;</a>&nbsp;&nbsp;&nbsp;KfMeasUpdate
<LI><a href="#[c1]">&gt;&gt;</a>&nbsp;&nbsp;&nbsp;free
</UL>
<BR>[Called By]<UL><LI><a href="#[d8]">&gt;&gt;</a>&nbsp;&nbsp;&nbsp;InterfaceKalman
</UL>

<P><STRONG><a name="[5]"></a>HardFault_Handler</STRONG> (Thumb, 4 bytes, Stack size 0 bytes, gd32f4xx_it.o(i.HardFault_Handler))
<BR>[Address Reference Count : 1]<UL><LI> startup_gd32f450_470.o(RESET)
</UL>
<P><STRONG><a name="[cd]"></a>InitEarth</STRONG> (Thumb, 140 bytes, Stack size 0 bytes, inavins.o(i.InitEarth))
<BR><BR>[Called By]<UL><LI><a href="#[cc]">&gt;&gt;</a>&nbsp;&nbsp;&nbsp;InsInit
</UL>

<P><STRONG><a name="[ef]"></a>InitHk</STRONG> (Thumb, 48 bytes, Stack size 8 bytes, inavins.o(i.InitHk))
<BR><BR>[Stack]<UL><LI>Max Depth = 8<LI>Call Chain = InitHk
</UL>
<BR>[Called By]<UL><LI><a href="#[da]">&gt;&gt;</a>&nbsp;&nbsp;&nbsp;KfInit
</UL>

<P><STRONG><a name="[ee]"></a>InitPQ</STRONG> (Thumb, 138 bytes, Stack size 8 bytes, inavins.o(i.InitPQ))
<BR><BR>[Stack]<UL><LI>Max Depth = 8<LI>Call Chain = InitPQ
</UL>
<BR>[Called By]<UL><LI><a href="#[da]">&gt;&gt;</a>&nbsp;&nbsp;&nbsp;KfInit
</UL>

<P><STRONG><a name="[c7]"></a>InitialCompensateParm</STRONG> (Thumb, 38 bytes, Stack size 8 bytes, nav_task.o(i.InitialCompensateParm))
<BR><BR>[Stack]<UL><LI>Max Depth = 8<LI>Call Chain = InitialCompensateParm
</UL>
<BR>[Calls]<UL><LI><a href="#[c8]">&gt;&gt;</a>&nbsp;&nbsp;&nbsp;__aeabi_memclr4
</UL>
<BR>[Called By]<UL><LI><a href="#[194]">&gt;&gt;</a>&nbsp;&nbsp;&nbsp;nav_task
</UL>

<P><STRONG><a name="[c9]"></a>InitialNavIncParm</STRONG> (Thumb, 70 bytes, Stack size 8 bytes, inavins.o(i.InitialNavIncParm))
<BR><BR>[Stack]<UL><LI>Max Depth = 8<LI>Call Chain = InitialNavIncParm
</UL>
<BR>[Calls]<UL><LI><a href="#[c8]">&gt;&gt;</a>&nbsp;&nbsp;&nbsp;__aeabi_memclr4
</UL>
<BR>[Called By]<UL><LI><a href="#[194]">&gt;&gt;</a>&nbsp;&nbsp;&nbsp;nav_task
<LI><a href="#[e5]">&gt;&gt;</a>&nbsp;&nbsp;&nbsp;StopNavigation
</UL>

<P><STRONG><a name="[ca]"></a>InitialStaticDetectParm</STRONG> (Thumb, 24 bytes, Stack size 8 bytes, inavins.o(i.InitialStaticDetectParm))
<BR><BR>[Stack]<UL><LI>Max Depth = 8<LI>Call Chain = InitialStaticDetectParm
</UL>
<BR>[Calls]<UL><LI><a href="#[c8]">&gt;&gt;</a>&nbsp;&nbsp;&nbsp;__aeabi_memclr4
</UL>
<BR>[Called By]<UL><LI><a href="#[194]">&gt;&gt;</a>&nbsp;&nbsp;&nbsp;nav_task
</UL>

<P><STRONG><a name="[cb]"></a>InnerDot</STRONG> (Thumb, 106 bytes, Stack size 32 bytes, matrix.o(i.InnerDot))
[...]
<BR><BR>[Stack]<UL><LI>Max Depth = 16<LI>Call Chain = uart4_dma_recv_data
</UL>
<BR>[Calls]<UL><LI><a href="#[aa]">&gt;&gt;</a>&nbsp;&nbsp;&nbsp;__aeabi_memcpy
</UL>
<BR>[Called By]<UL><LI><a href="#[131]">&gt;&gt;</a>&nbsp;&nbsp;&nbsp;gd32_usart_read
</UL>

<P><STRONG><a name="[172]"></a>uart4_dma_send_data</STRONG> (Thumb, 258 bytes, Stack size 32 bytes, drv_usart.o(i.uart4_dma_send_data))
<BR><BR>[Stack]<UL><LI>Max Depth = 40<LI>Call Chain = uart4_dma_send_data &rArr; dma_channel_enable
</UL>
<BR>[Calls]<UL><LI><a href="#[ac]">&gt;&gt;</a>&nbsp;&nbsp;&nbsp;dma_channel_enable
<LI><a href="#[ab]">&gt;&gt;</a>&nbsp;&nbsp;&nbsp;dma_transfer_number_config
<LI><a href="#[aa]">&gt;&gt;</a>&nbsp;&nbsp;&nbsp;__aeabi_memcpy
</UL>
<BR>[Called By]<UL><LI><a href="#[132]">&gt;&gt;</a>&nbsp;&nbsp;&nbsp;gd32_usart_write
</UL>

<P><STRONG><a name="[105]"></a>uart4_rx_finish_irq</STRONG> (Thumb, 78 bytes, Stack size 8 bytes, drv_usart.o(i.uart4_rx_finish_irq))
<BR><BR>[Stack]<UL><LI>Max Depth = 16<LI>Call Chain = uart4_rx_finish_irq &rArr; dma_flag_clear
</UL>
<BR>[Calls]<UL><LI><a href="#[1b6]">&gt;&gt;</a>&nbsp;&nbsp;&nbsp;dma_flag_clear
<LI><a href="#[ac]">&gt;&gt;</a>&nbsp;&nbsp;&nbsp;dma_channel_enable
<LI><a href="#[a8]">&gt;&gt;</a>&nbsp;&nbsp;&nbsp;dma_channel_disable
<LI><a href="#[1b7]">&gt;&gt;</a>&nbsp;&nbsp;&nbsp;dma_transfer_number_get
<LI><a href="#[ab]">&gt;&gt;</a>&nbsp;&nbsp;&nbsp;dma_transfer_number_config
<LI><a href="#[aa]">&gt;&gt;</a>&nbsp;&nbsp;&nbsp;__aeabi_memcpy
</UL>
<BR>[Called By]<UL><LI><a href="#[42]">&gt;&gt;</a>&nbsp;&nbsp;&nbsp;UART4_IRQHandler
</UL>

<P><STRONG><a name="[164]"></a>usart_baudrate_set</STRONG> (Thumb, 224 bytes, Stack size 32 bytes, gd32f4xx_usart.o(i.usart_baudrate_set))
<BR><BR>[Stack]<UL><LI>Max Depth = 116<LI>Call Chain = usart_baudrate_set &rArr; rcu_clock_freq_get
</UL>
<BR>[Calls]<UL><LI><a href="#[1b8]">&gt;&gt;</a>&nbsp;&nbsp;&nbsp;rcu_clock_freq_get
</UL>
<BR>[Called By]<UL><LI><a href="#[73]">&gt;&gt;</a>&nbsp;&nbsp;&nbsp;gd32_usart_configure
</UL>

<P><STRONG><a name="[168]"></a>usart_data_first_config</STRONG> (Thumb, 20 bytes, Stack size 0 bytes, gd32f4xx_usart.o(i.usart_data_first_config))
<BR><BR>[Called By]<UL><LI><a href="#[73]">&gt;&gt;</a>&nbsp;&nbsp;&nbsp;gd32_usart_configure
</UL>

<P><STRONG><a name="[170]"></a>usart_data_receive</STRONG> (Thumb, 10 bytes, Stack size 0 bytes, gd32f4xx_usart.o(i.usart_data_receive))
<BR><BR>[Called By]<UL><LI><a href="#[76]">&gt;&gt;</a>&nbsp;&nbsp;&nbsp;gd32_usart_getc
</UL>

<P><STRONG><a name="[14a]"></a>usart_data_transmit</STRONG> (Thumb, 8 bytes, Stack size 0 bytes, gd32f4xx_usart.o(i.usart_data_transmit))
<BR><BR>[Called By]<UL><LI><a href="#[6d]">&gt;&gt;</a>&nbsp;&nbsp;&nbsp;fputc
<LI><a href="#[75]">&gt;&gt;</a>&nbsp;&nbsp;&nbsp;gd32_usart_putc
</UL>

<P><STRONG><a name="[163]"></a>usart_deinit</STRONG> (Thumb, 210 bytes, Stack size 8 bytes, gd32f4xx_usart.o(i.usart_deinit))
<BR><BR>[Stack]<UL><LI>Max Depth = 8<LI>Call Chain = usart_deinit
</UL>
<BR>[Calls]<UL><LI><a href="#[1b4]">&gt;&gt;</a>&nbsp;&nbsp;&nbsp;rcu_periph_reset_enable
<LI><a href="#[1b5]">&gt;&gt;</a>&nbsp;&nbsp;&nbsp;rcu_periph_reset_disable
</UL>
<BR>[Called By]<UL><LI><a href="#[73]">&gt;&gt;</a>&nbsp;&nbsp;&nbsp;gd32_usart_configure
</UL>

<P><STRONG><a name="[16c]"></a>usart_dma_receive_config</STRONG> (Thumb, 16 bytes, Stack size 0 bytes, gd32f4xx_usart.o(i.usart_dma_receive_config))
<BR><BR>[Called By]<UL><LI><a href="#[73]">&gt;&gt;</a>&nbsp;&nbsp;&nbsp;gd32_usart_configure
</UL>

<P><STRONG><a name="[16d]"></a>usart_dma_transmit_config</STRONG> (Thumb, 16 bytes, Stack size 0 bytes, gd32f4xx_usart.o(i.usart_dma_transmit_config))
<BR><BR>[Called By]<UL><LI><a href="#[73]">&gt;&gt;</a>&nbsp;&nbsp;&nbsp;gd32_usart_configure
</UL>

<P><STRONG><a name="[16f]"></a>usart_enable</STRONG> (Thumb, 10 bytes, Stack size 0 bytes, gd32f4xx_usart.o(i.usart_enable))
<BR><BR>[Called By]<UL><LI><a href="#[73]">&gt;&gt;</a>&nbsp;&nbsp;&nbsp;gd32_usart_configure
</UL>

<P><STRONG><a name="[16e]"></a>usart_flag_clear</STRONG> (Thumb, 26 bytes, Stack size 8 bytes, gd32f4xx_usart.o(i.usart_flag_clear))
<BR><BR>[Stack]<UL><LI>Max Depth = 8<LI>Call Chain = usart_flag_clear
</UL>
<BR>[Called By]<UL><LI><a href="#[73]">&gt;&gt;</a>&nbsp;&nbsp;&nbsp;gd32_usart_configure
</UL>

<P><STRONG><a name="[14b]"></a>usart_flag_get</STRONG> (Thumb, 30 bytes, Stack size 8 bytes, gd32f4xx_usart.o(i.usart_flag_get))
<BR><BR>[Stack]<UL><LI>Max Depth = 8<LI>Call Chain = usart_flag_get
</UL>
<BR>[Called By]<UL><LI><a href="#[6d]">&gt;&gt;</a>&nbsp;&nbsp;&nbsp;fputc
<LI><a href="#[75]">&gt;&gt;</a>&nbsp;&nbsp;&nbsp;gd32_usart_putc
<LI><a href="#[76]">&gt;&gt;</a>&nbsp;&nbsp;&nbsp;gd32_usart_getc
</UL>

<P><STRONG><a name="[104]"></a>usart_interrupt_disable</STRONG> (Thumb, 26 bytes, Stack size 8 bytes, gd32f4xx_usart.o(i.usart_interrupt_disable))
<BR><BR>[Stack]<UL><LI>Max Depth = 8<LI>Call Chain = usart_interrupt_disable
</UL>
<BR>[Called By]<UL><LI><a href="#[42]">&gt;&gt;</a>&nbsp;&nbsp;&nbsp;UART4_IRQHandler
<LI><a href="#[74]">&gt;&gt;</a>&nbsp;&nbsp;&nbsp;gd32_usart_control
</UL>

<P><STRONG><a name="[a9]"></a>usart_interrupt_enable</STRONG> (Thumb, 26 bytes, Stack size 8 bytes, gd32f4xx_usart.o(i.usart_interrupt_enable))
<BR><BR>[Stack]<UL><LI>Max Depth = 8<LI>Call Chain = usart_interrupt_enable
</UL>
<BR>[Called By]<UL><LI><a href="#[3c]">&gt;&gt;</a>&nbsp;&nbsp;&nbsp;DMA0_Channel7_IRQHandler
<LI><a href="#[74]">&gt;&gt;</a>&nbsp;&nbsp;&nbsp;gd32_usart_control
<LI><a href="#[73]">&gt;&gt;</a>&nbsp;&nbsp;&nbsp;gd32_usart_configure
</UL>

<P><STRONG><a name="[103]"></a>usart_interrupt_flag_clear</STRONG> (Thumb, 26 bytes, Stack size 8 bytes, gd32f4xx_usart.o(i.usart_interrupt_flag_clear))
<BR><BR>[Stack]<UL><LI>Max Depth = 8<LI>Call Chain = usart_interrupt_flag_clear
</UL>
<BR>[Called By]<UL><LI><a href="#[42]">&gt;&gt;</a>&nbsp;&nbsp;&nbsp;UART4_IRQHandler
</UL>

<P><STRONG><a name="[102]"></a>usart_interrupt_flag_get</STRONG> (Thumb, 56 bytes, Stack size 16 bytes, gd32f4xx_usart.o(i.usart_interrupt_flag_get))
<BR><BR>[Stack]<UL><LI>Max Depth = 16<LI>Call Chain = usart_interrupt_flag_get
</UL>
<BR>[Called By]<UL><LI><a href="#[42]">&gt;&gt;</a>&nbsp;&nbsp;&nbsp;UART4_IRQHandler
</UL>

<P><STRONG><a name="[169]"></a>usart_invert_config</STRONG> (Thumb, 104 bytes, Stack size 0 bytes, gd32f4xx_usart.o(i.usart_invert_config))
<BR><BR>[Called By]<UL><LI><a href="#[73]">&gt;&gt;</a>&nbsp;&nbsp;&nbsp;gd32_usart_configure
</UL>

<P><STRONG><a name="[166]"></a>usart_parity_config</STRONG> (Thumb, 16 bytes, Stack size 0 bytes, gd32f4xx_usart.o(i.usart_parity_config))
<BR><BR>[Called By]<UL><LI><a href="#[73]">&gt;&gt;</a>&nbsp;&nbsp;&nbsp;gd32_usart_configure
</UL>

<P><STRONG><a name="[16a]"></a>usart_receive_config</STRONG> (Thumb, 16 bytes, Stack size 0 bytes, gd32f4xx_usart.o(i.usart_receive_config))
<BR><BR>[Called By]<UL><LI><a href="#[73]">&gt;&gt;</a>&nbsp;&nbsp;&nbsp;gd32_usart_configure
</UL>

<P><STRONG><a name="[167]"></a>usart_stop_bit_set</STRONG> (Thumb, 16 bytes, Stack size 0 bytes, gd32f4xx_usart.o(i.usart_stop_bit_set))
<BR><BR>[Called By]<UL><LI><a href="#[73]">&gt;&gt;</a>&nbsp;&nbsp;&nbsp;gd32_usart_configure
</UL>

<P><STRONG><a name="[16b]"></a>usart_transmit_config</STRONG> (Thumb, 16 bytes, Stack size 0 bytes, gd32f4xx_usart.o(i.usart_transmit_config))
<BR><BR>[Called By]<UL><LI><a href="#[73]">&gt;&gt;</a>&nbsp;&nbsp;&nbsp;gd32_usart_configure
</UL>

<P><STRONG><a name="[165]"></a>usart_word_length_set</STRONG> (Thumb, 16 bytes, Stack size 0 bytes, gd32f4xx_usart.o(i.usart_word_length_set))
<BR><BR>[Called By]<UL><LI><a href="#[73]">&gt;&gt;</a>&nbsp;&nbsp;&nbsp;gd32_usart_configure
</UL>

<P><STRONG><a name="[150]"></a>xor_check</STRONG> (Thumb, 28 bytes, Stack size 8 bytes, frame_analysis.o(i.xor_check))
<BR><BR>[Stack]<UL><LI>Max Depth = 8<LI>Call Chain = xor_check
</UL>
<BR>[Called By]<UL><LI><a href="#[14f]">&gt;&gt;</a>&nbsp;&nbsp;&nbsp;frame_pack_and_send
</UL>

<P><STRONG><a name="[c0]"></a>zeros</STRONG> (Thumb, 96 bytes, Stack size 24 bytes, matrix.o(i.zeros))
<BR><BR>[Stack]<UL><LI>Max Depth = 800<LI>Call Chain = zeros &rArr; inav_log &rArr; rtc_update &rArr; str2time &rArr; __0sscanf &rArr; __vfscanf_char &rArr; __vfscanf &rArr; _scanf_real
</UL>
<BR>[Calls]<UL><LI><a href="#[bf]">&gt;&gt;</a>&nbsp;&nbsp;&nbsp;inav_log
<LI><a href="#[18d]">&gt;&gt;</a>&nbsp;&nbsp;&nbsp;malloc
</UL>
<BR>[Called By]<UL><LI><a href="#[c3]">&gt;&gt;</a>&nbsp;&nbsp;&nbsp;MeasResp
<LI><a href="#[eb]">&gt;&gt;</a>&nbsp;&nbsp;&nbsp;qdelphi
<LI><a href="#[ec]">&gt;&gt;</a>&nbsp;&nbsp;&nbsp;eyes
<LI><a href="#[133]">&gt;&gt;</a>&nbsp;&nbsp;&nbsp;compute_var
<LI><a href="#[de]">&gt;&gt;</a>&nbsp;&nbsp;&nbsp;KfTimeUpdate
<LI><a href="#[c6]">&gt;&gt;</a>&nbsp;&nbsp;&nbsp;KfMeasUpdate
<LI><a href="#[db]">&gt;&gt;</a>&nbsp;&nbsp;&nbsp;KfFk
<LI><a href="#[be]">&gt;&gt;</a>&nbsp;&nbsp;&nbsp;GnssInsFusion
</UL>
<P>
<H3>
Local Symbols
</H3>
<P><STRONG><a name="[192]"></a>peripherals_init</STRONG> (Thumb, 220 bytes, Stack size 16 bytes, main.o(i.peripherals_init))
<BR><BR>[Stack]<UL><LI>Max Depth = 156<LI>Call Chain = peripherals_init &rArr; exmc_sram_init &rArr; gpio_output_options_set
</UL>
<BR>[Calls]<UL><LI><a href="#[198]">&gt;&gt;</a>&nbsp;&nbsp;&nbsp;rtc_configuration
<LI><a href="#[161]">&gt;&gt;</a>&nbsp;&nbsp;&nbsp;gd32_timer_init
<LI><a href="#[154]">&gt;&gt;</a>&nbsp;&nbsp;&nbsp;gd32_hw_usart_init
<LI><a href="#[14e]">&gt;&gt;</a>&nbsp;&nbsp;&nbsp;frame_init
<LI><a href="#[13f]">&gt;&gt;</a>&nbsp;&nbsp;&nbsp;exmc_sram_init
<LI><a href="#[196]">&gt;&gt;</a>&nbsp;&nbsp;&nbsp;Uart_TxInit
<LI><a href="#[197]">&gt;&gt;</a>&nbsp;&nbsp;&nbsp;Uart_RxInit
<LI><a href="#[184]">&gt;&gt;</a>&nbsp;&nbsp;&nbsp;gpio_init
</UL>
<BR>[Called By]<UL><LI><a href="#[66]">&gt;&gt;</a>&nbsp;&nbsp;&nbsp;main
</UL>

<P><STRONG><a name="[191]"></a>prvSetupHardware</STRONG> (Thumb, 24 bytes, Stack size 8 bytes, main.o(i.prvSetupHardware))
<BR><BR>[Stack]<UL><LI>Max Depth = 56<LI>Call Chain = prvSetupHardware &rArr; SystemCoreClockUpdate
</UL>
<BR>[Calls]<UL><LI><a href="#[19a]">&gt;&gt;</a>&nbsp;&nbsp;&nbsp;systick_config
<LI><a href="#[195]">&gt;&gt;</a>&nbsp;&nbsp;&nbsp;nvic_priority_group_set
<LI><a href="#[67]">&gt;&gt;</a>&nbsp;&nbsp;&nbsp;SystemInit
<LI><a href="#[199]">&gt;&gt;</a>&nbsp;&nbsp;&nbsp;SystemCoreClockUpdate
</UL>
<BR>[Called By]<UL><LI><a href="#[66]">&gt;&gt;</a>&nbsp;&nbsp;&nbsp;main
</UL>

<P><STRONG><a name="[1ac]"></a>NVIC_SetPriority</STRONG> (Thumb, 32 bytes, Stack size 8 bytes, systick.o(i.NVIC_SetPriority))
<BR><BR>[Stack]<UL><LI>Max Depth = 8<LI>Call Chain = NVIC_SetPriority
</UL>
<BR>[Called By]<UL><LI><a href="#[19a]">&gt;&gt;</a>&nbsp;&nbsp;&nbsp;systick_config
</UL>

<P><STRONG><a name="[1ab]"></a>system_clock_200m_25m_hxtal</STRONG> (Thumb, 240 bytes, Stack size 0 bytes, system_gd32f4xx.o(i.system_clock_200m_25m_hxtal))
<BR><BR>[Called By]<UL><LI><a href="#[fd]">&gt;&gt;</a>&nbsp;&nbsp;&nbsp;system_clock_config
</UL>

<P><STRONG><a name="[fd]"></a>system_clock_config</STRONG> (Thumb, 8 bytes, Stack size 8 bytes, system_gd32f4xx.o(i.system_clock_config))
<BR><BR>[Stack]<UL><LI>Max Depth = 8<LI>Call Chain = system_clock_config
</UL>
<BR>[Calls]<UL><LI><a href="#[1ab]">&gt;&gt;</a>&nbsp;&nbsp;&nbsp;system_clock_200m_25m_hxtal
</UL>
<BR>[Called By]<UL><LI><a href="#[67]">&gt;&gt;</a>&nbsp;&nbsp;&nbsp;SystemInit
</UL>

<P><STRONG><a name="[15b]"></a>bit2bitno</STRONG> (Thumb, 32 bytes, Stack size 0 bytes, drv_gpio.o(i.bit2bitno))
<BR><BR>[Called By]<UL><LI><a href="#[15c]">&gt;&gt;</a>&nbsp;&nbsp;&nbsp;gd32_pin_irq_enable
<LI><a href="#[159]">&gt;&gt;</a>&nbsp;&nbsp;&nbsp;gd32_pin_attach_irq
</UL>

<P><STRONG><a name="[73]"></a>gd32_usart_configure</STRONG> (Thumb, 138 bytes, Stack size 48 bytes, drv_usart.o(i.gd32_usart_configure))
<BR><BR>[Stack]<UL><LI>Max Depth = 164<LI>Call Chain = gd32_usart_configure &rArr; usart_baudrate_set &rArr; rcu_clock_freq_get
</UL>
<BR>[Calls]<UL><LI><a href="#[165]">&gt;&gt;</a>&nbsp;&nbsp;&nbsp;usart_word_length_set
<LI><a href="#[16b]">&gt;&gt;</a>&nbsp;&nbsp;&nbsp;usart_transmit_config
<LI><a href="#[167]">&gt;&gt;</a>&nbsp;&nbsp;&nbsp;usart_stop_bit_set
<LI><a href="#[16a]">&gt;&gt;</a>&nbsp;&nbsp;&nbsp;usart_receive_config
<LI><a href="#[166]">&gt;&gt;</a>&nbsp;&nbsp;&nbsp;usart_parity_config
<LI><a href="#[169]">&gt;&gt;</a>&nbsp;&nbsp;&nbsp;usart_invert_config
<LI><a href="#[a9]">&gt;&gt;</a>&nbsp;&nbsp;&nbsp;usart_interrupt_enable
<LI><a href="#[16e]">&gt;&gt;</a>&nbsp;&nbsp;&nbsp;usart_flag_clear
<LI><a href="#[16f]">&gt;&gt;</a>&nbsp;&nbsp;&nbsp;usart_enable
<LI><a href="#[16d]">&gt;&gt;</a>&nbsp;&nbsp;&nbsp;usart_dma_transmit_config
<LI><a href="#[16c]">&gt;&gt;</a>&nbsp;&nbsp;&nbsp;usart_dma_receive_config
<LI><a href="#[163]">&gt;&gt;</a>&nbsp;&nbsp;&nbsp;usart_deinit
<LI><a href="#[168]">&gt;&gt;</a>&nbsp;&nbsp;&nbsp;usart_data_first_config
<LI><a href="#[164]">&gt;&gt;</a>&nbsp;&nbsp;&nbsp;usart_baudrate_set
<LI><a href="#[13e]">&gt;&gt;</a>&nbsp;&nbsp;&nbsp;__aeabi_memcpy4
</UL>
<BR>[Address Reference Count : 1]<UL><LI> drv_usart.o(.constdata)
</UL>
<P><STRONG><a name="[74]"></a>gd32_usart_control</STRONG> (Thumb, 92 bytes, Stack size 24 bytes, drv_usart.o(i.gd32_usart_control))
<BR><BR>[Stack]<UL><LI>Max Depth = 48<LI>Call Chain = gd32_usart_control &rArr; nvic_irq_enable
</UL>
<BR>[Calls]<UL><LI><a href="#[13c]">&gt;&gt;</a>&nbsp;&nbsp;&nbsp;nvic_irq_enable
<LI><a href="#[a9]">&gt;&gt;</a>&nbsp;&nbsp;&nbsp;usart_interrupt_enable
<LI><a href="#[104]">&gt;&gt;</a>&nbsp;&nbsp;&nbsp;usart_interrupt_disable
</UL>
<BR>[Address Reference Count : 1]<UL><LI> drv_usart.o(.constdata)
</UL>
<P><STRONG><a name="[76]"></a>gd32_usart_getc</STRONG> (Thumb, 32 bytes, Stack size 16 bytes, drv_usart.o(i.gd32_usart_getc))
<BR><BR>[Stack]<UL><LI>Max Depth = 24<LI>Call Chain = gd32_usart_getc &rArr; usart_flag_get
</UL>
<BR>[Calls]<UL><LI><a href="#[14b]">&gt;&gt;</a>&nbsp;&nbsp;&nbsp;usart_flag_get
<LI><a href="#[170]">&gt;&gt;</a>&nbsp;&nbsp;&nbsp;usart_data_receive
</UL>
<BR>[Address Reference Count : 1]<UL><LI> drv_usart.o(.constdata)
</UL>
<P><STRONG><a name="[75]"></a>gd32_usart_putc</STRONG> (Thumb, 34 bytes, Stack size 16 bytes, drv_usart.o(i.gd32_usart_putc))
<BR><BR>[Stack]<UL><LI>Max Depth = 24<LI>Call Chain = gd32_usart_putc &rArr; usart_flag_get
</UL>
<BR>[Calls]<UL><LI><a href="#[14b]">&gt;&gt;</a>&nbsp;&nbsp;&nbsp;usart_flag_get
<LI><a href="#[14a]">&gt;&gt;</a>&nbsp;&nbsp;&nbsp;usart_data_transmit
</UL>
<BR>[Address Reference Count : 1]<UL><LI> drv_usart.o(.constdata)
</UL>
<P><STRONG><a name="[156]"></a>gpio_configuration</STRONG> (Thumb, 78 bytes, Stack size 8 bytes, drv_usart.o(i.gpio_configuration))
<BR><BR>[Stack]<UL><LI>Max Depth = 28<LI>Call Chain = gpio_configuration &rArr; gpio_output_options_set
</UL>
<BR>[Calls]<UL><LI><a href="#[143]">&gt;&gt;</a>&nbsp;&nbsp;&nbsp;gpio_output_options_set
<LI><a href="#[142]">&gt;&gt;</a>&nbsp;&nbsp;&nbsp;gpio_mode_set
<LI><a href="#[141]">&gt;&gt;</a>&nbsp;&nbsp;&nbsp;gpio_af_set
</UL>
<BR>[Called By]<UL><LI><a href="#[154]">&gt;&gt;</a>&nbsp;&nbsp;&nbsp;gd32_hw_usart_init
</UL>

<P><STRONG><a name="[155]"></a>rcc_configuration</STRONG> (Thumb, 28 bytes, Stack size 8 bytes, drv_usart.o(i.rcc_configuration))
<BR><BR>[Stack]<UL><LI>Max Depth = 8<LI>Call Chain = rcc_configuration
</UL>
<BR>[Calls]<UL><LI><a href="#[140]">&gt;&gt;</a>&nbsp;&nbsp;&nbsp;rcu_periph_clock_enable
</UL>
<BR>[Called By]<UL><LI><a href="#[154]">&gt;&gt;</a>&nbsp;&nbsp;&nbsp;gd32_hw_usart_init
</UL>

<P><STRONG><a name="[186]"></a>ins_serial_open</STRONG> (Thumb, 178 bytes, Stack size 24 bytes, serial.o(i.ins_serial_open))
<BR><BR>[Stack]<UL><LI>Max Depth = 44<LI>Call Chain = ins_serial_open &rArr; malloc
</UL>
<BR>[Calls]<UL><LI><a href="#[79]">&gt;&gt;</a>&nbsp;&nbsp;&nbsp;__aeabi_memclr
<LI><a href="#[18d]">&gt;&gt;</a>&nbsp;&nbsp;&nbsp;malloc
</UL>
<BR>[Called By]<UL><LI><a href="#[158]">&gt;&gt;</a>&nbsp;&nbsp;&nbsp;hw_serial_register
</UL>

<P><STRONG><a name="[c3]"></a>MeasResp</STRONG> (Thumb, 110 bytes, Stack size 48 bytes, inavins.o(i.MeasResp))
<BR><BR>[Stack]<UL><LI>Max Depth = 848<LI>Call Chain = MeasResp &rArr; zeros &rArr; inav_log &rArr; rtc_update &rArr; str2time &rArr; __0sscanf &rArr; __vfscanf_char &rArr; __vfscanf &rArr; _scanf_real
</UL>
<BR>[Calls]<UL><LI><a href="#[c0]">&gt;&gt;</a>&nbsp;&nbsp;&nbsp;zeros
<LI><a href="#[d2]">&gt;&gt;</a>&nbsp;&nbsp;&nbsp;matrixSum
<LI><a href="#[d1]">&gt;&gt;</a>&nbsp;&nbsp;&nbsp;matmul
<LI><a href="#[bf]">&gt;&gt;</a>&nbsp;&nbsp;&nbsp;inav_log
<LI><a href="#[c1]">&gt;&gt;</a>&nbsp;&nbsp;&nbsp;free
</UL>
<BR>[Called By]<UL><LI><a href="#[be]">&gt;&gt;</a>&nbsp;&nbsp;&nbsp;GnssInsFusion
</UL>

<P><STRONG><a name="[128]"></a>_fp_digits</STRONG> (Thumb, 366 bytes, Stack size 64 bytes, printfa.o(i._fp_digits), UNUSED)
<BR><BR>[Calls]<UL><LI><a href="#[80]">&gt;&gt;</a>&nbsp;&nbsp;&nbsp;__aeabi_dmul
<LI><a href="#[81]">&gt;&gt;</a>&nbsp;&nbsp;&nbsp;__aeabi_ddiv
<LI><a href="#[89]">&gt;&gt;</a>&nbsp;&nbsp;&nbsp;__aeabi_dadd
<LI><a href="#[10a]">&gt;&gt;</a>&nbsp;&nbsp;&nbsp;__aeabi_cdrcmple
<LI><a href="#[96]">&gt;&gt;</a>&nbsp;&nbsp;&nbsp;__aeabi_uldivmod
<LI><a href="#[9e]">&gt;&gt;</a>&nbsp;&nbsp;&nbsp;__aeabi_d2ulz
</UL>
<BR>[Called By]<UL><LI><a href="#[10c]">&gt;&gt;</a>&nbsp;&nbsp;&nbsp;_printf_core
</UL>

<P><STRONG><a name="[10c]"></a>_printf_core</STRONG> (Thumb, 1744 bytes, Stack size 136 bytes, printfa.o(i._printf_core), UNUSED)
<BR><BR>[Calls]<UL><LI><a href="#[96]">&gt;&gt;</a>&nbsp;&nbsp;&nbsp;__aeabi_uldivmod
<LI><a href="#[12b]">&gt;&gt;</a>&nbsp;&nbsp;&nbsp;__aeabi_uidivmod
<LI><a href="#[129]">&gt;&gt;</a>&nbsp;&nbsp;&nbsp;_printf_pre_padding
<LI><a href="#[12a]">&gt;&gt;</a>&nbsp;&nbsp;&nbsp;_printf_post_padding
<LI><a href="#[128]">&gt;&gt;</a>&nbsp;&nbsp;&nbsp;_fp_digits
</UL>
<BR>[Called By]<UL><LI><a href="#[10e]">&gt;&gt;</a>&nbsp;&nbsp;&nbsp;__0vsnprintf
<LI><a href="#[10d]">&gt;&gt;</a>&nbsp;&nbsp;&nbsp;__0sprintf
<LI><a href="#[10b]">&gt;&gt;</a>&nbsp;&nbsp;&nbsp;__0printf
</UL>

<P><STRONG><a name="[12a]"></a>_printf_post_padding</STRONG> (Thumb, 36 bytes, Stack size 24 bytes, printfa.o(i._printf_post_padding), UNUSED)
<BR><BR>[Called By]<UL><LI><a href="#[10c]">&gt;&gt;</a>&nbsp;&nbsp;&nbsp;_printf_core
</UL>

<P><STRONG><a name="[129]"></a>_printf_pre_padding</STRONG> (Thumb, 46 bytes, Stack size 24 bytes, printfa.o(i._printf_pre_padding), UNUSED)
<BR><BR>[Called By]<UL><LI><a href="#[10c]">&gt;&gt;</a>&nbsp;&nbsp;&nbsp;_printf_core
</UL>

<P><STRONG><a name="[6f]"></a>_snputc</STRONG> (Thumb, 22 bytes, Stack size 0 bytes, printfa.o(i._snputc))
<BR>[Address Reference Count : 1]<UL><LI> printfa.o(i.__0vsnprintf)
</UL>
<P><STRONG><a name="[6e]"></a>_sputc</STRONG> (Thumb, 10 bytes, Stack size 0 bytes, printfa.o(i._sputc))
<BR><BR>[Called By]<UL><LI><a href="#[10d]">&gt;&gt;</a>&nbsp;&nbsp;&nbsp;__0sprintf
</UL>
<BR>[Address Reference Count : 1]<UL><LI> printfa.o(i.__0sprintf)
</UL>
<P><STRONG><a name="[7e]"></a>_fp_value</STRONG> (Thumb, 296 bytes, Stack size 64 bytes, scanf_fp.o(.text), UNUSED)
<BR><BR>[Calls]<UL><LI><a href="#[80]">&gt;&gt;</a>&nbsp;&nbsp;&nbsp;__aeabi_dmul
<LI><a href="#[81]">&gt;&gt;</a>&nbsp;&nbsp;&nbsp;__aeabi_ddiv
<LI><a href="#[7f]">&gt;&gt;</a>&nbsp;&nbsp;&nbsp;__aeabi_ul2d
</UL>
<BR>[Called By]<UL><LI><a href="#[82]">&gt;&gt;</a>&nbsp;&nbsp;&nbsp;_scanf_really_real
</UL>

<P><STRONG><a name="[6b]"></a>_scanf_char_input</STRONG> (Thumb, 12 bytes, Stack size 0 bytes, scanf_char.o(.text))
<BR>[Address Reference Count : 1]<UL><LI> scanf_char.o(.text)
</UL>
<P><STRONG><a name="[98]"></a>_local_sscanf</STRONG> (Thumb, 54 bytes, Stack size 56 bytes, strtod.o(.text))
<BR><BR>[Stack]<UL><LI>Max Depth = 160<LI>Call Chain = _local_sscanf &rArr; _scanf_real
</UL>
<BR>[Calls]<UL><LI><a href="#[99]">&gt;&gt;</a>&nbsp;&nbsp;&nbsp;_scanf_real
</UL>
<BR>[Called By]<UL><LI><a href="#[9a]">&gt;&gt;</a>&nbsp;&nbsp;&nbsp;__strtod_int
</UL>
<P>
<H3>
Undefined Global Symbols
</H3><HR></body></html>
