Component: ARM Compiler 5.06 update 4 (build 422) Tool: armlink [4d35d2]

==============================================================================

Section Cross References

    main.o(i.fpga_dram_fill) refers to main.o(.data) for fpga_dram_wr
    main.o(i.fpga_dram_test) refers to main.o(i.fpga_dram_fill) for fpga_dram_fill
    main.o(i.fpga_dram_test) refers to dramadapter.o(i.DRam_Write) for DRam_Write
    main.o(i.fpga_dram_test) refers to dramadapter.o(i.DRam_Read) for DRam_Read
    main.o(i.fpga_dram_test) refers to main.o(.data) for fpga_dram_wr
    main.o(i.fpga_dram_test) refers to main.o(.bss) for fpga_dram_rd
    main.o(i.fpga_int_hdr) refers to main.o(i.gnss_comm2_rx) for gnss_comm2_rx
    main.o(i.fpga_int_hdr) refers to main.o(i.gnss_comm3_rx) for gnss_comm3_rx
    main.o(i.fpga_int_hdr) refers to main.o(i.imu_comm5_rx) for imu_comm5_rx
    main.o(i.fpga_int_hdr) refers to main.o(.data) for fpga_syn
    main.o(i.fputc) refers to gd32f4xx_usart.o(i.usart_data_transmit) for usart_data_transmit
    main.o(i.fputc) refers to gd32f4xx_usart.o(i.usart_flag_get) for usart_flag_get
    main.o(i.fwdog_task) refers to event_groups.o(i.xEventGroupWaitBits) for xEventGroupWaitBits
    main.o(i.fwdog_task) refers to fwdog.o(i.fwdog_feed) for fwdog_feed
    main.o(i.fwdog_task) refers to main.o(.data) for xFwdogEventGroup
    main.o(i.gnss_comm2_parse) refers to strncmp.o(.text) for strncmp
    main.o(i.gnss_comm2_parse) refers to gnss.o(i.gnss_fill_data) for gnss_fill_data
    main.o(i.gnss_comm2_parse) refers to main.o(.data) for gnss_comm2_parse_len
    main.o(i.gnss_comm2_parse) refers to main.o(.bss) for fpga_comm2_parse_rxbuffer
    main.o(i.gnss_comm2_rx) refers to uartadapter.o(i.Uart_RecvMsg) for Uart_RecvMsg
    main.o(i.gnss_comm2_rx) refers to queue.o(i.xQueueGiveFromISR) for xQueueGiveFromISR
    main.o(i.gnss_comm2_rx) refers to main.o(.data) for gnss_comm2_len
    main.o(i.gnss_comm2_rx) refers to main.o(.bss) for fpga_comm2_rxbuffer
    main.o(i.gnss_comm2_task) refers to queue.o(i.xQueueSemaphoreTake) for xQueueSemaphoreTake
    main.o(i.gnss_comm2_task) refers to main.o(i.gnss_comm2_parse) for gnss_comm2_parse
    main.o(i.gnss_comm2_task) refers to event_groups.o(i.xEventGroupSetBits) for xEventGroupSetBits
    main.o(i.gnss_comm2_task) refers to main.o(.data) for xGnssComm2Semaphore
    main.o(i.gnss_comm2_task) refers to main.o(.bss) for fpga_comm2_rxbuffer
    main.o(i.gnss_comm3_parse) refers to strncmp.o(.text) for strncmp
    main.o(i.gnss_comm3_parse) refers to gnss.o(i.gnss_fill_data) for gnss_fill_data
    main.o(i.gnss_comm3_parse) refers to main.o(.data) for gnss_comm3_parse_len
    main.o(i.gnss_comm3_parse) refers to main.o(.bss) for fpga_comm3_parse_rxbuffer
    main.o(i.gnss_comm3_rx) refers to uartadapter.o(i.Uart_RecvMsg) for Uart_RecvMsg
    main.o(i.gnss_comm3_rx) refers to queue.o(i.xQueueGiveFromISR) for xQueueGiveFromISR
    main.o(i.gnss_comm3_rx) refers to main.o(.data) for gnss_comm3_len
    main.o(i.gnss_comm3_rx) refers to main.o(.bss) for fpga_comm3_rxbuffer
    main.o(i.gnss_comm3_task) refers to queue.o(i.xQueueSemaphoreTake) for xQueueSemaphoreTake
    main.o(i.gnss_comm3_task) refers to main.o(i.gnss_comm3_parse) for gnss_comm3_parse
    main.o(i.gnss_comm3_task) refers to event_groups.o(i.xEventGroupSetBits) for xEventGroupSetBits
    main.o(i.gnss_comm3_task) refers to main.o(.data) for xGnssComm3Semaphore
    main.o(i.gnss_comm3_task) refers to main.o(.bss) for fpga_comm3_rxbuffer
    main.o(i.gpio_init) refers to drv_gpio.o(i.gd32_pin_mode) for gd32_pin_mode
    main.o(i.gpio_init) refers to drv_gpio.o(i.pin_irq_install) for pin_irq_install
    main.o(i.gpio_init) refers to main.o(.constdata) for .constdata
    main.o(i.gpio_init) refers to main.o(i.fpga_int_hdr) for fpga_int_hdr
    main.o(i.gpio_init) refers to main.o(i.arm_syn_int_hdr) for arm_syn_int_hdr
    main.o(i.imu_comm5_rx) refers to uartadapter.o(i.Uart_RecvMsg) for Uart_RecvMsg
    main.o(i.imu_comm5_rx) refers to queue.o(i.xQueueGiveFromISR) for xQueueGiveFromISR
    main.o(i.imu_comm5_rx) refers to main.o(.bss) for fpga_comm5_rxbuffer
    main.o(i.imu_comm5_rx) refers to main.o(.data) for imu_comm5_len
    main.o(i.imu_comm5_task) refers to queue.o(i.xQueueSemaphoreTake) for xQueueSemaphoreTake
    main.o(i.imu_comm5_task) refers to frame_analysis.o(i.frame_fill_imu) for frame_fill_imu
    main.o(i.imu_comm5_task) refers to queue.o(i.xQueueGenericSend) for xQueueGenericSend
    main.o(i.imu_comm5_task) refers to event_groups.o(i.xEventGroupSetBits) for xEventGroupSetBits
    main.o(i.imu_comm5_task) refers to main.o(.data) for xImuComm5Semaphore
    main.o(i.imu_comm5_task) refers to main.o(.bss) for fpga_comm5_rxbuffer
    main.o(i.imu_comm5_task) refers to nav_task.o(.data) for xNavStatus
    main.o(i.imu_comm5_task) refers to drv_rtc.o(.data) for RAM
    main.o(i.main) refers to queue.o(i.xQueueGenericCreate) for xQueueGenericCreate
[...]
    vsnprintf                                0x08007011   Thumb Code     0  printfa.o(i.__0vsnprintf)
    __ARM_fpclassify                         0x0800703d   Thumb Code    48  fpclassify.o(i.__ARM_fpclassify)
    __aeabi_errno_addr                       0x0800706d   Thumb Code     4  errno.o(i.__aeabi_errno_addr)
    __rt_errno_addr                          0x0800706d   Thumb Code     0  errno.o(i.__aeabi_errno_addr)
    __hardfp_asin                            0x08007079   Thumb Code   770  asin.o(i.__hardfp_asin)
    __hardfp_atan                            0x080073d9   Thumb Code   622  atan.o(i.__hardfp_atan)
    __hardfp_atan2                           0x080076b1   Thumb Code   432  atan2.o(i.__hardfp_atan2)
    __hardfp_atof                            0x080078a1   Thumb Code    44  atof.o(i.__hardfp_atof)
    __hardfp_cos                             0x080078d9   Thumb Code   180  cos.o(i.__hardfp_cos)
    __hardfp_exp                             0x080079a1   Thumb Code   714  exp.o(i.__hardfp_exp)
    __hardfp_fabs                            0x08007cf9   Thumb Code    20  fabs.o(i.__hardfp_fabs)
    __hardfp_floor                           0x08007d11   Thumb Code   252  floor.o(i.__hardfp_floor)
    __hardfp_log                             0x08007e29   Thumb Code   872  log.o(i.__hardfp_log)
    __hardfp_sin                             0x080081f1   Thumb Code   180  sin.o(i.__hardfp_sin)
    __hardfp_sqrt                            0x080082b9   Thumb Code   122  sqrt.o(i.__hardfp_sqrt)
    __hardfp_strtod                          0x08008339   Thumb Code    30  strtod.o(i.__hardfp_strtod)
    __ieee754_rem_pio2                       0x08008361   Thumb Code   938  rred.o(i.__ieee754_rem_pio2)
    __kernel_cos                             0x08008799   Thumb Code   322  cos_i.o(i.__kernel_cos)
    __kernel_poly                            0x08008909   Thumb Code   248  poly.o(i.__kernel_poly)
    __kernel_sin                             0x08008a01   Thumb Code   280  sin_i.o(i.__kernel_sin)
    __mathlib_dbl_divzero                    0x08008b31   Thumb Code    28  dunder.o(i.__mathlib_dbl_divzero)
    __mathlib_dbl_infnan                     0x08008b61   Thumb Code    20  dunder.o(i.__mathlib_dbl_infnan)
    __mathlib_dbl_infnan2                    0x08008b75   Thumb Code    20  dunder.o(i.__mathlib_dbl_infnan2)
    __mathlib_dbl_invalid                    0x08008b89   Thumb Code    24  dunder.o(i.__mathlib_dbl_invalid)
    __mathlib_dbl_overflow                   0x08008ba9   Thumb Code    24  dunder.o(i.__mathlib_dbl_overflow)
    __mathlib_dbl_underflow                  0x08008bc9   Thumb Code    24  dunder.o(i.__mathlib_dbl_underflow)
    __read_errno                             0x08008be9   Thumb Code     6  errno.o(i.__read_errno)
    __scatterload_copy                       0x08008bf5   Thumb Code    14  handlers.o(i.__scatterload_copy)
    __scatterload_null                       0x08008c03   Thumb Code     2  handlers.o(i.__scatterload_null)
    __scatterload_zeroinit                   0x08008c05   Thumb Code    14  handlers.o(i.__scatterload_zeroinit)
    __set_errno                              0x08008c15   Thumb Code     6  errno.o(i.__set_errno)
    _is_digit                                0x08008da5   Thumb Code    14  scanf_fp.o(i._is_digit)
    arm_syn_int_hdr                          0x08009503   Thumb Code     2  main.o(i.arm_syn_int_hdr)
    askew                                    0x08009505   Thumb Code   128  matrix.o(i.askew)
    atan                                     0x0800958d   Thumb Code    16  atan.o(i.atan)
    att2qnb                                  0x0800959d   Thumb Code   694  matrix.o(i.att2qnb)
    average                                  0x0800985d   Thumb Code    96  inavins.o(i.average)
    bxcan_format_data                        0x080098e5   Thumb Code    74  drv_can.o(i.bxcan_format_data)
    bxcan_send_data                          0x08009931   Thumb Code   126  drv_can.o(i.bxcan_send_data)
    can_error_get                            0x080099b9   Thumb Code    12  gd32f4xx_can.o(i.can_error_get)
    can_interrupt_enable                     0x080099c5   Thumb Code     8  gd32f4xx_can.o(i.can_interrupt_enable)
    can_interrupt_flag_clear                 0x080099cd   Thumb Code    16  gd32f4xx_can.o(i.can_interrupt_flag_clear)
    can_interrupt_flag_get                   0x080099dd   Thumb Code   108  gd32f4xx_can.o(i.can_interrupt_flag_get)
    can_message_receive                      0x08009a51   Thumb Code   228  gd32f4xx_can.o(i.can_message_receive)
    can_message_transmit                     0x08009b35   Thumb Code   332  gd32f4xx_can.o(i.can_message_transmit)
    can_receive_message_length_get           0x08009c85   Thumb Code    26  gd32f4xx_can.o(i.can_receive_message_length_get)
    comm_handle                              0x08009ca1   Thumb Code    36  computerframeparse.o(i.comm_handle)
    compute_var                              0x08009cc9   Thumb Code   196  inavins.o(i.compute_var)
    cross3                                   0x08009dc1   Thumb Code   294  matrix.o(i.cross3)
    dbg_periph_enable                        0x08009ee9   Thumb Code    28  gd32f4xx_dbg.o(i.dbg_periph_enable)
    difftimeInc2gnss                         0x08009f09   Thumb Code   142  inavins.o(i.difftimeInc2gnss)
    dma_channel_disable                      0x08009fb9   Thumb Code    32  gd32f4xx_dma.o(i.dma_channel_disable)
    dma_channel_enable                       0x08009fd9   Thumb Code    32  gd32f4xx_dma.o(i.dma_channel_enable)
    dma_channel_subperipheral_select         0x08009ff9   Thumb Code    38  gd32f4xx_dma.o(i.dma_channel_subperipheral_select)
    dma_circulation_disable                  0x0800a01f   Thumb Code    32  gd32f4xx_dma.o(i.dma_circulation_disable)
    dma_config                               0x0800a041   Thumb Code   190  drv_usart.o(i.dma_config)
    dma_deinit                               0x0800a10d   Thumb Code   164  gd32f4xx_dma.o(i.dma_deinit)
    dma_flag_clear                           0x0800a1b1   Thumb Code    62  gd32f4xx_dma.o(i.dma_flag_clear)
    dma_interrupt_enable                     0x0800a1ef   Thumb Code    62  gd32f4xx_dma.o(i.dma_interrupt_enable)
    dma_interrupt_flag_clear                 0x0800a22d   Thumb Code    62  gd32f4xx_dma.o(i.dma_interrupt_flag_clear)
    dma_interrupt_flag_get                   0x0800a26b   Thumb Code   516  gd32f4xx_dma.o(i.dma_interrupt_flag_get)
    dma_nvic_config                          0x0800a46f   Thumb Code    14  drv_usart.o(i.dma_nvic_config)
    dma_single_data_mode_init                0x0800a47d   Thumb Code   340  gd32f4xx_dma.o(i.dma_single_data_mode_init)
    dma_single_data_para_struct_init         0x0800a5d5   Thumb Code    34  gd32f4xx_dma.o(i.dma_single_data_para_struct_init)
    dma_transfer_number_config               0x0800a5f7   Thumb Code    16  gd32f4xx_dma.o(i.dma_transfer_number_config)
    dma_transfer_number_get                  0x0800a607   Thumb Code    16  gd32f4xx_dma.o(i.dma_transfer_number_get)
    epoch2time                               0x0800a619   Thumb Code   354  time_unify.o(i.epoch2time)
    exmc_norsram_enable                      0x0800a781   Thumb Code    22  gd32f4xx_exmc.o(i.exmc_norsram_enable)
    exmc_norsram_init                        0x0800a799   Thumb Code   224  gd32f4xx_exmc.o(i.exmc_norsram_init)
    exmc_sram_init                           0x0800a87d   Thumb Code   372  exmc_sram.o(i.exmc_sram_init)
    exti_init                                0x0800aa01   Thumb Code   184  gd32f4xx_exti.o(i.exti_init)
    exti_interrupt_flag_clear                0x0800aabd   Thumb Code     6  gd32f4xx_exti.o(i.exti_interrupt_flag_clear)
    exti_interrupt_flag_get                  0x0800aac9   Thumb Code    32  gd32f4xx_exti.o(i.exti_interrupt_flag_get)
    eyes                                     0x0800aaed   Thumb Code    72  matrix.o(i.eyes)
    fabs                                     0x0800ab65   Thumb Code    24  fabs.o(i.fabs)
    fpga_int_hdr                             0x0800ab7d   Thumb Code    24  main.o(i.fpga_int_hdr)
    fputc                                    0x0800ab99   Thumb Code    32  main.o(i.fputc)
    frameParse                               0x0800abbd   Thumb Code   744  computerframeparse.o(i.frameParse)
    frame_fill_imu                           0x0800aeb9   Thumb Code  1228  frame_analysis.o(i.frame_fill_imu)
    frame_init                               0x0800b389   Thumb Code    12  frame_analysis.o(i.frame_init)
    frame_pack_and_send                      0x0800b399   Thumb Code  1588  frame_analysis.o(i.frame_pack_and_send)
    frame_writeDram                          0x0800b9d5   Thumb Code    14  frame_analysis.o(i.frame_writeDram)
    free                                     0x0800b9e9   Thumb Code    76  malloc.o(i.free)
    gd32_hw_usart_init                       0x0800ba39   Thumb Code    22  drv_usart.o(i.gd32_hw_usart_init)
    gd32_pin_attach_irq                      0x0800ba55   Thumb Code   196  drv_gpio.o(i.gd32_pin_attach_irq)
    gd32_pin_irq_enable                      0x0800bb1d   Thumb Code   236  drv_gpio.o(i.gd32_pin_irq_enable)
    gd32_pin_mode                            0x0800bc11   Thumb Code   194  drv_gpio.o(i.gd32_pin_mode)
    gd32_timer_init                          0x0800bcd3   Thumb Code     8  drv_timer.o(i.gd32_timer_init)
    gd32_usart_dma_init                      0x0800bdcd   Thumb Code    20  drv_usart.o(i.gd32_usart_dma_init)
    gd32_usart_read                          0x0800be23   Thumb Code    14  drv_usart.o(i.gd32_usart_read)
    gd32_usart_set_baud                      0x0800be31   Thumb Code    66  drv_usart.o(i.gd32_usart_set_baud)
    gd32_usart_write                         0x0800be73   Thumb Code    16  drv_usart.o(i.gd32_usart_write)
    get_pin                                  0x0800be85   Thumb Code    28  drv_gpio.o(i.get_pin)
    gnss_AGRIC_Buff_Parser                   0x0800bea5   Thumb Code   828  gnss.o(i.gnss_AGRIC_Buff_Parser)
    gnss_BESTPOS_Buff_Parser                 0x0800c1f1   Thumb Code   488  gnss.o(i.gnss_BESTPOS_Buff_Parser)
    gnss_BESTVEL_Buff_Parser                 0x0800c3f5   Thumb Code   378  gnss.o(i.gnss_BESTVEL_Buff_Parser)
    gnss_Fetch_Data                          0x0800c58d   Thumb Code   364  gnss.o(i.gnss_Fetch_Data)
    gnss_GGA_Buff_Parser                     0x0800c70d   Thumb Code   300  gnss.o(i.gnss_GGA_Buff_Parser)
    gnss_Heading_Buff_Parser                 0x0800c849   Thumb Code   474  gnss.o(i.gnss_Heading_Buff_Parser)
    gnss_RMC_Buff_Parser                     0x0800ca41   Thumb Code   408  gnss.o(i.gnss_RMC_Buff_Parser)
    gnss_TRA_Buff_Parser                     0x0800cbf9   Thumb Code   190  gnss.o(i.gnss_TRA_Buff_Parser)
    gnss_VTG_Buff_Parser                     0x0800ccc9   Thumb Code   182  gnss.o(i.gnss_VTG_Buff_Parser)
    gnss_ZDA_Buff_Parser                     0x0800cda1   Thumb Code   426  gnss.o(i.gnss_ZDA_Buff_Parser)
    gnss_comm2_parse                         0x0800cf95   Thumb Code   214  main.o(i.gnss_comm2_parse)
    gnss_comm2_rx                            0x0800d0b1   Thumb Code    92  main.o(i.gnss_comm2_rx)
    gnss_comm2_task                          0x0800d11d   Thumb Code    46  main.o(i.gnss_comm2_task)
    gnss_comm3_parse                         0x0800d15d   Thumb Code   242  main.o(i.gnss_comm3_parse)
    gnss_comm3_rx                            0x0800d2a1   Thumb Code    92  main.o(i.gnss_comm3_rx)
    gnss_comm3_task                          0x0800d30d   Thumb Code    40  main.o(i.gnss_comm3_task)
    gnss_fill_data                           0x0800d345   Thumb Code    54  gnss.o(i.gnss_fill_data)
    gnss_gprmcIsLocation                     0x0800d389   Thumb Code    48  gnss.o(i.gnss_gprmcIsLocation)
    gnss_parse                               0x0800d3b9   Thumb Code   142  gnss.o(i.gnss_parse)
    gpio_af_set                              0x0800d455   Thumb Code    94  gd32f4xx_gpio.o(i.gpio_af_set)
    gpio_init                                0x0800d50d   Thumb Code    58  main.o(i.gpio_init)
    gpio_mode_set                            0x0800d555   Thumb Code    78  gd32f4xx_gpio.o(i.gpio_mode_set)
    gpio_output_options_set                  0x0800d5a3   Thumb Code    66  gd32f4xx_gpio.o(i.gpio_output_options_set)
    hex2Float                                0x0800d5e5   Thumb Code    12  data_convert.o(i.hex2Float)
    hw_serial_register                       0x0800d5f1   Thumb Code    50  serial.o(i.hw_serial_register)
    imu_comm5_rx                             0x0800d625   Thumb Code    62  main.o(i.imu_comm5_rx)
    imu_comm5_task                           0x0800d675   Thumb Code    76  main.o(i.imu_comm5_task)
    inav_datetime_get                        0x0800d6dd   Thumb Code    30  inavlog.o(i.inav_datetime_get)
    inav_log                                 0x0800d6fd   Thumb Code   286  inavlog.o(i.inav_log)
    lubksb                                   0x0800d939   Thumb Code   322  matrix.o(i.lubksb)
    ludcmp                                   0x0800da85   Thumb Code   820  matrix.o(i.ludcmp)
    main                                     0x0800ddcd   Thumb Code   264  main.o(i.main)
    malloc                                   0x0800defd   Thumb Code    92  malloc.o(i.malloc)
    matcpy                                   0x0800df69   Thumb Code    30  matrix.o(i.matcpy)
    matinv                                   0x0800df89   Thumb Code   172  matrix.o(i.matinv)
    matmul                                   0x0800e04d   Thumb Code   592  matrix.o(i.matmul)
    matrixSum                                0x0800e2a5   Thumb Code   134  matrix.o(i.matrixSum)
    nav_task                                 0x0800e32d   Thumb Code   100  nav_task.o(i.nav_task)
    norm                                     0x0800e3a5   Thumb Code    38  matrix.o(i.norm)
    nvic_irq_disable                         0x0800e3cd   Thumb Code    18  gd32f4xx_misc.o(i.nvic_irq_disable)
    nvic_irq_enable                          0x0800e3e5   Thumb Code   186  gd32f4xx_misc.o(i.nvic_irq_enable)
    nvic_priority_group_set                  0x0800e4a9   Thumb Code    10  gd32f4xx_misc.o(i.nvic_priority_group_set)
    pin_irq_install                          0x0800e599   Thumb Code    52  drv_gpio.o(i.pin_irq_install)
    pmu_backup_write_enable                  0x0800e5cd   Thumb Code    14  gd32f4xx_pmu.o(i.pmu_backup_write_enable)
    pvPortMalloc                             0x0800f079   Thumb Code   316  heap_4.o(i.pvPortMalloc)
    pvTaskIncrementMutexHeldCount            0x0800f1cd   Thumb Code    26  tasks.o(i.pvTaskIncrementMutexHeldCount)
    pxPortInitialiseStack                    0x0800f1ed   Thumb Code    38  port.o(i.pxPortInitialiseStack)
    q2mat                                    0x0800f219   Thumb Code   844  matrix.o(i.q2mat)
    qdelphi                                  0x0800f56d   Thumb Code    68  matrix.o(i.qdelphi)
    qmulv                                    0x0800f5e1   Thumb Code  1134  matrix.o(i.qmulv)
    qnb2att                                  0x0800fa51   Thumb Code   944  matrix.o(i.qnb2att)
    qnbmul                                   0x0800fe11   Thumb Code   802  matrix.o(i.qnbmul)
    rcu_clock_freq_get                       0x08010151   Thumb Code   264  gd32f4xx_rcu.o(i.rcu_clock_freq_get)
    rcu_flag_get                             0x08010275   Thumb Code    32  gd32f4xx_rcu.o(i.rcu_flag_get)
    rcu_osci_on                              0x08010299   Thumb Code    32  gd32f4xx_rcu.o(i.rcu_osci_on)
    rcu_osci_stab_wait                       0x080102bd   Thumb Code   342  gd32f4xx_rcu.o(i.rcu_osci_stab_wait)
    rcu_periph_clock_enable                  0x08010419   Thumb Code    32  gd32f4xx_rcu.o(i.rcu_periph_clock_enable)
    rcu_periph_reset_disable                 0x0801043d   Thumb Code    32  gd32f4xx_rcu.o(i.rcu_periph_reset_disable)
    rcu_periph_reset_enable                  0x08010461   Thumb Code    32  gd32f4xx_rcu.o(i.rcu_periph_reset_enable)
    rcu_rtc_clock_config                     0x08010485   Thumb Code    18  gd32f4xx_rcu.o(i.rcu_rtc_clock_config)
    rcu_timer_clock_prescaler_config         0x0801049d   Thumb Code    32  gd32f4xx_rcu.o(i.rcu_timer_clock_prescaler_config)
    rotv                                     0x080104c1   Thumb Code  1760  matrix.o(i.rotv)
    rtc_configuration                        0x08010ba1   Thumb Code    38  drv_rtc.o(i.rtc_configuration)
    rtc_current_time_get                     0x08010bcd   Thumb Code    96  gd32f4xx_rtc.o(i.rtc_current_time_get)
    rtc_init                                 0x08010c31   Thumb Code   190  gd32f4xx_rtc.o(i.rtc_init)
    rtc_init_mode_enter                      0x08010cf5   Thumb Code    66  gd32f4xx_rtc.o(i.rtc_init_mode_enter)
    rtc_init_mode_exit                       0x08010d3d   Thumb Code    14  gd32f4xx_rtc.o(i.rtc_init_mode_exit)
    rtc_pre_config                           0x08010d51   Thumb Code    54  drv_rtc.o(i.rtc_pre_config)
    rtc_register_sync_wait                   0x08010d91   Thumb Code    92  gd32f4xx_rtc.o(i.rtc_register_sync_wait)
    rtc_setup                                0x08010df1   Thumb Code    72  drv_rtc.o(i.rtc_setup)
    rtc_show_time                            0x08010e49   Thumb Code   160  drv_rtc.o(i.rtc_show_time)
    rtc_subsecond_get                        0x08010f19   Thumb Code    14  gd32f4xx_rtc.o(i.rtc_subsecond_get)
    rtc_update                               0x08010f2d   Thumb Code   308  drv_rtc.o(i.rtc_update)
    rv2q                                     0x080110a1   Thumb Code   348  matrix.o(i.rv2q)
    sqrt                                     0x0801123d   Thumb Code   110  sqrt.o(i.sqrt)
    start_task                               0x080112ad   Thumb Code   108  main.o(i.start_task)
    static_detection                         0x08011375   Thumb Code   316  inavins.o(i.static_detection)
    str2time                                 0x080114b9   Thumb Code   242  time_unify.o(i.str2time)
    sum_check                                0x080115e5   Thumb Code    32  frame_analysis.o(i.sum_check)
    symmetry                                 0x08011605   Thumb Code   130  matrix.o(i.symmetry)
    syscfg_exti_line_config                  0x08011691   Thumb Code   166  gd32f4xx_syscfg.o(i.syscfg_exti_line_config)
    systick_config                           0x08011841   Thumb Code    74  systick.o(i.systick_config)
    time2gpst                                0x08011891   Thumb Code    80  time_unify.o(i.time2gpst)
    timeUpdate                               0x080118ed   Thumb Code    48  drv_rtc.o(i.timeUpdate)
    timer3_init                              0x08011925   Thumb Code   112  drv_timer.o(i.timer3_init)
    timer_auto_reload_shadow_enable          0x08011999   Thumb Code    10  gd32f4xx_timer.o(i.timer_auto_reload_shadow_enable)
    timer_channel_capture_value_register_read 0x080119a3   Thumb Code    42  gd32f4xx_timer.o(i.timer_channel_capture_value_register_read)
    timer_deinit                             0x080119cd   Thumb Code   374  gd32f4xx_timer.o(i.timer_deinit)
    timer_enable                             0x08011b51   Thumb Code    10  gd32f4xx_timer.o(i.timer_enable)
    timer_init                               0x08011b5d   Thumb Code   122  gd32f4xx_timer.o(i.timer_init)
    timer_interrupt_enable                   0x08011bf5   Thumb Code     8  gd32f4xx_timer.o(i.timer_interrupt_enable)
    timer_interrupt_flag_clear               0x08011bfd   Thumb Code     6  gd32f4xx_timer.o(i.timer_interrupt_flag_clear)
    timer_interrupt_flag_get                 0x08011c03   Thumb Code    24  gd32f4xx_timer.o(i.timer_interrupt_flag_get)
    timer_update_source_config               0x08011c1b   Thumb Code    26  gd32f4xx_timer.o(i.timer_update_source_config)
    uart4_dma_recv_data                      0x08011c35   Thumb Code    42  drv_usart.o(i.uart4_dma_recv_data)
    uart4_dma_send_data                      0x08011c65   Thumb Code   258  drv_usart.o(i.uart4_dma_send_data)
    uart4_rx_finish_irq                      0x08011d75   Thumb Code    78  drv_usart.o(i.uart4_rx_finish_irq)
    usart_baudrate_set                       0x08011dd1   Thumb Code   224  gd32f4xx_usart.o(i.usart_baudrate_set)
    usart_data_first_config                  0x08011eb9   Thumb Code    20  gd32f4xx_usart.o(i.usart_data_first_config)
    usart_data_receive                       0x08011ecd   Thumb Code    10  gd32f4xx_usart.o(i.usart_data_receive)
    usart_data_transmit                      0x08011ed7   Thumb Code     8  gd32f4xx_usart.o(i.usart_data_transmit)
    usart_deinit                             0x08011ee1   Thumb Code   210  gd32f4xx_usart.o(i.usart_deinit)
    usart_disable                            0x08011fbd   Thumb Code    10  gd32f4xx_usart.o(i.usart_disable)
    usart_dma_receive_config                 0x08011fc7   Thumb Code    16  gd32f4xx_usart.o(i.usart_dma_receive_config)
    usart_dma_transmit_config                0x08011fd7   Thumb Code    16  gd32f4xx_usart.o(i.usart_dma_transmit_config)
    usart_enable                             0x08011fe7   Thumb Code    10  gd32f4xx_usart.o(i.usart_enable)
    usart_flag_clear                         0x08011ff1   Thumb Code    26  gd32f4xx_usart.o(i.usart_flag_clear)
    usart_flag_get                           0x0801200b   Thumb Code    30  gd32f4xx_usart.o(i.usart_flag_get)
    usart_interrupt_disable                  0x08012029   Thumb Code    26  gd32f4xx_usart.o(i.usart_interrupt_disable)
    usart_interrupt_enable                   0x08012043   Thumb Code    26  gd32f4xx_usart.o(i.usart_interrupt_enable)
    usart_interrupt_flag_clear               0x0801205d   Thumb Code    26  gd32f4xx_usart.o(i.usart_interrupt_flag_clear)
    usart_interrupt_flag_get                 0x08012077   Thumb Code    56  gd32f4xx_usart.o(i.usart_interrupt_flag_get)
    usart_invert_config                      0x080120af   Thumb Code   104  gd32f4xx_usart.o(i.usart_invert_config)
    usart_parity_config                      0x08012117   Thumb Code    16  gd32f4xx_usart.o(i.usart_parity_config)
    usart_receive_config                     0x08012127   Thumb Code    16  gd32f4xx_usart.o(i.usart_receive_config)
    usart_stop_bit_set                       0x08012137   Thumb Code    16  gd32f4xx_usart.o(i.usart_stop_bit_set)
    usart_transmit_config                    0x08012147   Thumb Code    16  gd32f4xx_usart.o(i.usart_transmit_config)
    usart_word_length_set                    0x08012157   Thumb Code    16  gd32f4xx_usart.o(i.usart_word_length_set)
    uxListRemove                             0x08012167   Thumb Code    40  list.o(i.uxListRemove)
    vApplicationIdleHook                     0x0801218f   Thumb Code    12  main.o(i.vApplicationIdleHook)
    vApplicationMallocFailedHook             0x0801219b   Thumb Code    22  main.o(i.vApplicationMallocFailedHook)
    vApplicationStackOverflowHook            0x080121b1   Thumb Code    22  main.o(i.vApplicationStackOverflowHook)
    vListInitialise                          0x080121c7   Thumb Code    26  list.o(i.vListInitialise)
    vListInitialiseItem                      0x080121e1   Thumb Code     6  list.o(i.vListInitialiseItem)
    vListInsert                              0x080121e7   Thumb Code    52  list.o(i.vListInsert)
    vListInsertEnd                           0x0801221b   Thumb Code    24  list.o(i.vListInsertEnd)
    vPortEnterCritical                       0x08012235   Thumb Code    76  port.o(i.vPortEnterCritical)
    vPortExitCritical                        0x08012289   Thumb Code    56  port.o(i.vPortExitCritical)
    vPortFree                                0x080122c5   Thumb Code   150  heap_4.o(i.vPortFree)
    vPortSetupTimerInterrupt                 0x08012369   Thumb Code    36  port.o(i.vPortSetupTimerInterrupt)
    vPortValidateInterruptPriority           0x08012391   Thumb Code   106  port.o(i.vPortValidateInterruptPriority)
    vQueueAddToRegistry                      0x08012409   Thumb Code    38  queue.o(i.vQueueAddToRegistry)
    vQueueWaitForMessageRestricted           0x08012435   Thumb Code    74  queue.o(i.vQueueWaitForMessageRestricted)
    vTaskDelete                              0x08012481   Thumb Code   202  tasks.o(i.vTaskDelete)
    vTaskInternalSetTimeOutState             0x08012575   Thumb Code    14  tasks.o(i.vTaskInternalSetTimeOutState)
    vTaskMissedYield                         0x0801258d   Thumb Code     8  tasks.o(i.vTaskMissedYield)
    vTaskPlaceOnEventList                    0x08012599   Thumb Code    52  tasks.o(i.vTaskPlaceOnEventList)
    vTaskPlaceOnEventListRestricted          0x080125d1   Thumb Code    60  tasks.o(i.vTaskPlaceOnEventListRestricted)
    vTaskPriorityDisinheritAfterTimeout      0x08012611   Thumb Code   216  tasks.o(i.vTaskPriorityDisinheritAfterTimeout)
    vTaskRemoveFromUnorderedEventList        0x080126f5   Thumb Code   142  tasks.o(i.vTaskRemoveFromUnorderedEventList)
    vTaskStartScheduler                      0x08012799   Thumb Code   120  tasks.o(i.vTaskStartScheduler)
    vTaskSuspendAll                          0x0801282d   Thumb Code    12  tasks.o(i.vTaskSuspendAll)
    vTaskSwitchContext                       0x0801283d   Thumb Code   148  tasks.o(i.vTaskSwitchContext)
    xEventGroupCreate                        0x080128e5   Thumb Code    26  event_groups.o(i.xEventGroupCreate)
    xEventGroupSetBits                       0x080128ff   Thumb Code   206  event_groups.o(i.xEventGroupSetBits)
    xPortStartScheduler                      0x080129cd   Thumb Code   330  port.o(i.xPortStartScheduler)
    xQueueGenericCreate                      0x08012b35   Thumb Code    84  queue.o(i.xQueueGenericCreate)
    xQueueGenericReset                       0x08012b89   Thumb Code   146  queue.o(i.xQueueGenericReset)
    xQueueGenericSend                        0x08012c21   Thumb Code   466  queue.o(i.xQueueGenericSend)
    xQueueGenericSendFromISR                 0x08012df9   Thumb Code   274  queue.o(i.xQueueGenericSendFromISR)
    xQueueGiveFromISR                        0x08012f0b   Thumb Code   244  queue.o(i.xQueueGiveFromISR)
    xQueueReceive                            0x08013001   Thumb Code   356  queue.o(i.xQueueReceive)
    xQueueSemaphoreTake                      0x08013169   Thumb Code   434  queue.o(i.xQueueSemaphoreTake)
    xTaskCheckForTimeOut                     0x08013321   Thumb Code   132  tasks.o(i.xTaskCheckForTimeOut)
    xTaskCreate                              0x080133ad   Thumb Code    96  tasks.o(i.xTaskCreate)
    xTaskGetSchedulerState                   0x0801340d   Thumb Code    24  tasks.o(i.xTaskGetSchedulerState)
    xTaskGetTickCount                        0x0801342d   Thumb Code     6  tasks.o(i.xTaskGetTickCount)
    xTaskIncrementTick                       0x08013439   Thumb Code   282  tasks.o(i.xTaskIncrementTick)
    xTaskPriorityDisinherit                  0x08013581   Thumb Code   188  tasks.o(i.xTaskPriorityDisinherit)
    xTaskPriorityInherit                     0x08013649   Thumb Code   172  tasks.o(i.xTaskPriorityInherit)
    xTaskRemoveFromEventList                 0x08013701   Thumb Code   128  tasks.o(i.xTaskRemoveFromEventList)
    xTaskResumeAll                           0x08013799   Thumb Code   224  tasks.o(i.xTaskResumeAll)
    xTimerCreateTimerTask                    0x0801389d   Thumb Code    64  timers.o(i.xTimerCreateTimerTask)
    xTimerGenericCommand                     0x080138f1   Thumb Code   128  timers.o(i.xTimerGenericCommand)
    xor_check                                0x08013975   Thumb Code    28  frame_analysis.o(i.xor_check)
    zeros                                    0x08013991   Thumb Code    96  matrix.o(i.zeros)
    __mathlib_zero                           0x08014888   Data           8  qnan.o(.constdata)
    __ctype_table                            0x08014980   Data         129  ctype_o.o(.constdata)
    Region$$Table$$Base                      0x08014c30   Number         0  anon$$obj.o(Region$$Table)
    Region$$Table$$Limit                     0x08014c50   Number         0  anon$$obj.o(Region$$Table)
    fpgaBuf                                  0x20000000   Data          10  main.o(.data)
    task_start_handler                       0x20000014   Data           4  main.o(.data)
    task_gnss_comm2_handler                  0x20000018   Data           4  main.o(.data)
    task_gnss_comm3_handler                  0x2000001c   Data           4  main.o(.data)
    task_imu_comm5_handler                   0x20000020   Data           4  main.o(.data)
    xGnssComm2Semaphore                      0x20000024   Data           4  main.o(.data)
    xGnssComm3Semaphore                      0x20000028   Data           4  main.o(.data)
    xImuComm5Semaphore                       0x2000002c   Data           4  main.o(.data)
    xFwdogEventGroup                         0x20000030   Data           4  main.o(.data)
    fpga_syn                                 0x20000034   Data           1  main.o(.data)
    fpga_dram_wr                             0x20000035   Data        1000  main.o(.data)
    gCmdIndex                                0x20000420   Data           1  gnss.o(.data)
    gCmdTypeIndex                            0x20000421   Data           1  gnss.o(.data)
    cmdKind                                  0x20000424   Data           4  gnss.o(.data)
    gnssSynFlg                               0x20000428   Data           1  gnss.o(.data)
    xNavQueue                                0x2000042c   Data           4  nav_task.o(.data)
    xNavStatus                               0x20000430   Data           1  nav_task.o(.data)
    SystemCoreClock                          0x20000434   Data           4  system_gd32f4xx.o(.data)
    pin_irq_hdr_tab                          0x20000438   Data         256  drv_gpio.o(.data)
    usart4                                   0x20000538   Data           8  drv_usart.o(.data)
    serial4                                  0x20000540   Data          48  drv_usart.o(.data)
    RAM                                      0x20000570   Data           6  drv_rtc.o(.data)
    secondCount                              0x20000576   Data           1  drv_rtc.o(.data)
    prescaler_a                              0x20000578   Data           4  drv_rtc.o(.data)
    prescaler_s                              0x2000057c   Data           4  drv_rtc.o(.data)
    ccnumber                                 0x20000584   Data           1  drv_timer.o(.data)
    ic1value                                 0x20000588   Data           4  drv_timer.o(.data)
    ic2value                                 0x2000058c   Data           4  drv_timer.o(.data)
    dutycycle                                0x20000590   Data           2  drv_timer.o(.data)
    frequency                                0x20000592   Data           2  drv_timer.o(.data)
    count                                    0x20000594   Data           2  drv_timer.o(.data)
    rd                                       0x20000596   Data           2  uartadapter.o(.data)
    gpst0                                    0x20000598   Data          48  time_unify.o(.data)
    gst0                                     0x200005c8   Data          48  time_unify.o(.data)
    bdt0                                     0x200005f8   Data          48  time_unify.o(.data)
    leaps                                    0x20000628   Data        1008  time_unify.o(.data)
    mday                                     0x20000a18   Data         192  time_unify.o(.data)
    pxCurrentTCB                             0x20000af4   Data           4  tasks.o(.data)
    __stdout                                 0x20000b74   Data           4  stdout.o(.data)
    __microlib_freelist                      0x20000b78   Data           4  mvars.o(.data)
    __microlib_freelist_initialised          0x20000b7c   Data           4  mvars.o(.data)
    fpga_dram_rd                             0x20001b88   Data        1000  main.o(.bss)
    imuParseData                             0x20001f70   Data          44  frame_analysis.o(.bss)
    rs422_frame                              0x20001f9c   Data         100  frame_analysis.o(.bss)
    imu_info                                 0x20002000   Data          23  frame_analysis.o(.bss)
    hGPSData                                 0x20002018   Data         128  gnss.o(.bss)
    hGPSBestPosData                          0x20002098   Data         128  gnss.o(.bss)
    hGPSBestVelData                          0x20002118   Data          64  gnss.o(.bss)
    hGPSHeadingData                          0x20002158   Data          80  gnss.o(.bss)
    hGPSZdaData                              0x200021a8   Data          32  gnss.o(.bss)
    hGPSTraData                              0x200021c8   Data          56  gnss.o(.bss)
    hGPSVtgData                              0x20002200   Data          64  gnss.o(.bss)
    hGPSRmcData                              0x20002240   Data          96  gnss.o(.bss)
    hGPSGgaData                              0x200022a0   Data          64  gnss.o(.bss)
    hGPSAgricData                            0x200022e0   Data         112  gnss.o(.bss)
    g_algorithm                              0x20002350   Data          96  gnss.o(.bss)
    hSetting                                 0x200023b0   Data          92  computerframeparse.o(.bss)
    hDefaultSetting                          0x2000240c   Data          92  computerframeparse.o(.bss)
    combineData                              0x200024d0   Data         176  nav_task.o(.bss)
    g_Export_Result                          0x20002580   Data         288  nav_task.o(.bss)
    g_UartData                               0x200026a0   Data        1625  drv_usart.o(.bss)
    rtc_initpara                             0x20002d00   Data          20  drv_rtc.o(.bss)
    rtc_alarm                                0x20002d14   Data          16  drv_rtc.o(.bss)
    rtc_timestamp                            0x20002d24   Data          12  drv_rtc.o(.bss)
    rtc_str                                  0x20002d30   Data          30  drv_rtc.o(.bss)
    rtc_tt                                   0x20002d50   Data          16  drv_rtc.o(.bss)
    rtc_update_info                          0x20002d60   Data          16  drv_rtc.o(.bss)
    g_NAV_GNSS_RESULT                        0x20002d70   Data         136  inavgnss.o(.bss)
    g_NAV_INS                                0x20002df8   Data        7488  inavins.o(.bss)
    g_STATIC_DETECTION                       0x20004b38   Data        2408  inavins.o(.bss)
    g_Compensate_Params                      0x200054a0   Data          32  inavins.o(.bss)
    g_PrintBuff                              0x200054c0   Data        4096  inavlog.o(.bss)
    glLudMat_vv                              0x200064c0   Data          56  matrix.o(.bss)
    m_InvMat_B                               0x200064f8   Data         392  matrix.o(.bss)
    m_InvMat_indx                            0x20006680   Data          28  matrix.o(.bss)
    g_MatrixBuff                             0x2000669c   Data        4096  matrix.o(.bss)
    xQueueRegistry                           0x2000769c   Data          64  queue.o(.bss)
    __heap_base                              0x20014030   Data           0  startup_gd32f450_470.o(HEAP)
    __heap_limit                             0x20054030   Data           0  startup_gd32f450_470.o(HEAP)
    __initial_sp                             0x20054430   Data           0  startup_gd32f450_470.o(STACK)



==============================================================================

Memory Map of the image

  Image Entry point : 0x080001ad

  Load Region LR_IROM1 (Base: 0x08000000, Size: 0x000157d4, Max: 0x00200000, ABSOLUTE, COMPRESSED[0x00014d60])

    Execution Region ER_IROM1 (Base: 0x08000000, Size: 0x00014c50, Max: 0x00200000, ABSOLUTE)

    Base Addr    Size         Type   Attr      Idx    E Section Name        Object

    0x08000000   0x000001ac   Data   RO         1116    RESET               startup_gd32f450_470.o
    0x080001ac   0x00000000   Code   RO         7051  * .ARM.Collect$$$$00000000  mc_w.l(entry.o)
    0x080001ac   0x00000004   Code   RO         7456    .ARM.Collect$$$$00000001  mc_w.l(entry2.o)
    0x080001b0   0x00000004   Code   RO         7459    .ARM.Collect$$$$00000004  mc_w.l(entry5.o)
    0x080001b4   0x00000000   Code   RO         7461    .ARM.Collect$$$$00000008  mc_w.l(entry7b.o)
    0x080001b4   0x00000000   Code   RO         7463    .ARM.Collect$$$$0000000A  mc_w.l(entry8b.o)
    0x080001b4   0x00000008   Code   RO         7464    .ARM.Collect$$$$0000000B  mc_w.l(entry9a.o)
    0x080001bc   0x00000000   Code   RO         7466    .ARM.Collect$$$$0000000D  mc_w.l(entry10a.o)
    0x080001bc   0x00000000   Code   RO         7468    .ARM.Collect$$$$0000000F  mc_w.l(entry11a.o)
    0x080001bc   0x00000004   Code   RO         7457    .ARM.Collect$$$$00002712  mc_w.l(entry2.o)
    0x080001c0   0x000000be   Code   RO         6779    .emb_text           port.o
    0x0800027e   0x00000002   PAD
    0x08000280   0x00000024   Code   RO         1117    .text               startup_gd32f450_470.o
    0x080002a4   0x00000024   Code   RO         7054    .text               mc_w.l(memcpya.o)
    0x080002c8   0x00000024   Code   RO         7056    .text               mc_w.l(memseta.o)
    0x080002ec   0x00000018   Code   RO         7058    .text               mc_w.l(strcat.o)
    0x08000304   0x00000024   Code   RO         7060    .text               mc_w.l(strstr.o)
    0x08000328   0x00000018   Code   RO         7062    .text               mc_w.l(strncpy.o)
    0x08000340   0x00000014   Code   RO         7064    .text               mc_w.l(strchr.o)
    0x08000354   0x0000000e   Code   RO         7066    .text               mc_w.l(strlen.o)
    0x08000362   0x0000001a   Code   RO         7068    .text               mc_w.l(memcmp.o)
    0x0800037c   0x0000001e   Code   RO         7074    .text               mc_w.l(strncmp.o)
    0x0800039a   0x00000002   PAD
    0x0800039c   0x00000044   Code   RO         7076    .text               mc_w.l(strtok.o)
    0x080003e0   0x00000020   Code   RO         7082    .text               mc_w.l(strrchr.o)
    0x08000400   0x00000038   Code   RO         7375    .text               mc_w.l(__0sscanf.o)
    0x08000438   0x00000338   Code   RO         7377    .text               mc_w.l(scanf_fp.o)
    0x08000770   0x0000001a   Code   RO         7381    .text               mc_w.l(atoi.o)
    0x0800078a   0x0000001a   Code   RO         7383    .text               mc_w.l(atol.o)
    0x080007a4   0x0000014e   Code   RO         7385    .text               mf_w.l(dadd.o)
    0x080008f2   0x000000e4   Code   RO         7387    .text               mf_w.l(dmul.o)
    0x080009d6   0x000000de   Code   RO         7389    .text               mf_w.l(ddiv.o)
    0x08000ab4   0x00000022   Code   RO         7393    .text               mf_w.l(dflti.o)
    0x08000ad6   0x0000001a   Code   RO         7395    .text               mf_w.l(dfltui.o)
    0x08000af0   0x0000003e   Code   RO         7397    .text               mf_w.l(dfixi.o)
    0x08000b2e   0x00000032   Code   RO         7399    .text               mf_w.l(dfixui.o)
    0x08000b60   0x00000026   Code   RO         7401    .text               mf_w.l(f2d.o)
    0x08000b86   0x00000002   PAD
    0x08000b88   0x00000030   Code   RO         7403    .text               mf_w.l(cdcmple.o)
    0x08000bb8   0x00000030   Code   RO         7405    .text               mf_w.l(cdrcmple.o)
    0x08000be8   0x00000038   Code   RO         7407    .text               mf_w.l(d2f.o)
    0x08000c20   0x0000002c   Code   RO         7471    .text               mc_w.l(uidiv.o)
    0x08000c4c   0x00000062   Code   RO         7473    .text               mc_w.l(uldiv.o)
    0x08000cae   0x0000001e   Code   RO         7475    .text               mc_w.l(llshl.o)
    0x08000ccc   0x00000020   Code   RO         7477    .text               mc_w.l(llushr.o)
    0x08000cec   0x00000024   Code   RO         7479    .text               mc_w.l(llsshr.o)
    0x08000d10   0x00000028   Code   RO         7490    .text               mc_w.l(scanf_char.o)
    0x08000d38   0x00000040   Code   RO         7492    .text               mc_w.l(_sgetc.o)
    0x08000d78   0x0000009c   Code   RO         7494    .text               mc_w.l(strtod.o)
    0x08000e14   0x00000070   Code   RO         7496    .text               mc_w.l(strtol.o)
    0x08000e84   0x00000000   Code   RO         7498    .text               mc_w.l(iusefp.o)
    0x08000e84   0x0000006e   Code   RO         7499    .text               mf_w.l(fepilogue.o)
    0x08000ef2   0x000000ba   Code   RO         7501    .text               mf_w.l(depilogue.o)
    0x08000fac   0x000000a2   Code   RO         7505    .text               mf_w.l(dsqrt.o)
    0x0800104e   0x00000018   Code   RO         7509    .text               mf_w.l(dfltul.o)
    0x08001066   0x00000030   Code   RO         7511    .text               mf_w.l(dfixul.o)
    0x08001096   0x00000002   PAD
    0x08001098   0x00000024   Code   RO         7513    .text               mc_w.l(init.o)
    0x080010bc   0x00000008   Code   RO         7517    .text               mc_w.l(ctype_o.o)
    0x080010c4   0x00000012   Code   RO         7539    .text               mc_w.l(isspace_o.o)
    0x080010d6   0x00000002   PAD
    0x080010d8   0x0000032c   Code   RO         7545    .text               mc_w.l(_scanf.o)
    0x08001404   0x0000009e   Code   RO         7547    .text               mc_w.l(_strtoul.o)
    0x080014a2   0x0000001c   Code   RO         7552    .text               mc_w.l(_chval.o)
    0x080014be   0x00000056   Code   RO         7562    .text               mc_w.l(__dczerorl2.o)
    0x08001514   0x00000004   Code   RO          400    i.BusFault_Handler  gd32f4xx_it.o
    0x08001518   0x00000050   Code   RO         4502    i.CAN0_RX0_IRQHandler  drv_can.o
    0x08001568   0x00000002   Code   RO         4503    i.CAN0_TX_IRQHandler  drv_can.o
    0x0800156a   0x00000002   PAD
    0x0800156c   0x00000054   Code   RO         4504    i.CAN1_RX0_IRQHandler  drv_can.o
    0x080015c0   0x00000178   Code   RO         5455    i.Cnscl             inavins.o
    0x08001738   0x000000b8   Code   RO         4353    i.DMA0_Channel7_IRQHandler  drv_usart.o
    0x080017f0   0x00000030   Code   RO         4998    i.DRam_Write        dramadapter.o
    0x08001820   0x00000002   Code   RO          401    i.DebugMon_Handler  gd32f4xx_it.o
    0x08001822   0x0000000a   Code   RO         4186    i.EXTI0_IRQHandler  drv_gpio.o
    0x0800182c   0x00000028   Code   RO         4187    i.EXTI10_15_IRQHandler  drv_gpio.o
    0x08001854   0x0000000a   Code   RO         4188    i.EXTI1_IRQHandler  drv_gpio.o
    0x0800185e   0x0000000a   Code   RO         4189    i.EXTI2_IRQHandler  drv_gpio.o
    0x08001868   0x0000000a   Code   RO         4190    i.EXTI3_IRQHandler  drv_gpio.o
    0x08001872   0x0000000a   Code   RO         4191    i.EXTI4_IRQHandler  drv_gpio.o
    0x0800187c   0x00000022   Code   RO         4192    i.EXTI5_9_IRQHandler  drv_gpio.o
    0x0800189e   0x0000001a   Code   RO         5085    i.FMC_ReadWord      fmcadapter.o
    0x080018b8   0x00000040   Code   RO         4193    i.GD32_GPIO_EXTI_IRQHandler  drv_gpio.o
    0x080018f8   0x00000070   Code   RO          698    i.GNSS_Buff_Parser  gnss.o
    0x08001968   0x00000018   Code   RO          699    i.GNSS_Cmd_Kind_Parser  gnss.o
    0x08001980   0x00000224   Code   RO          700    i.GNSS_Cmd_Parser   gnss.o
    0x08001ba4   0x00000034   Code   RO          992    i.GetCompensateParm  nav_task.o
    0x08001bd8   0x000000e0   Code   RO         5458    i.GetNavGnssData    inavins.o
    0x08001cb8   0x000000b4   Code   RO         5459    i.GetNavIncData     inavins.o
    0x08001d6c   0x00000294   Code   RO         5463    i.GnssInsFusion     inavins.o
    0x08002000   0x00000004   Code   RO          402    i.HardFault_Handler  gd32f4xx_it.o
    0x08002004   0x0000009c   Code   RO         5464    i.InitEarth         inavins.o
    0x080020a0   0x00000038   Code   RO         5465    i.InitHk            inavins.o
    0x080020d8   0x00000094   Code   RO         5466    i.InitPQ            inavins.o
    0x0800216c   0x00000044   Code   RO          993    i.InitialCompensateParm  nav_task.o
    0x080021b0   0x0000004c   Code   RO         5467    i.InitialNavIncParm  inavins.o
    0x080021fc   0x0000001c   Code   RO         5468    i.InitialStaticDetectParm  inavins.o
    0x08002218   0x00000074   Code   RO         5777    i.InnerDot          matrix.o
    0x0800228c   0x000002dc   Code   RO         5469    i.InsInit           inavins.o
    0x08002568   0x000004f0   Code   RO         5470    i.InsUpdate         inavins.o
    0x08002a58   0x0000026c   Code   RO         5471    i.InterfaceKalman   inavins.o
    0x08002cc4   0x00000040   Code   RO          994    i.Kalman_smooth     nav_task.o
    0x08002d04   0x000003b4   Code   RO         5472    i.KfFeedback        inavins.o
    0x080030b8   0x00000b78   Code   RO         5473    i.KfFk              inavins.o
    0x08003c30   0x0000076e   Code   RO         5474    i.KfHk              inavins.o
    0x0800439e   0x00000002   PAD
    0x080043a0   0x000002d0   Code   RO         5475    i.KfInit            inavins.o
    0x08004670   0x000002dc   Code   RO         5476    i.KfMeasUpdate      inavins.o
    0x0800494c   0x00000298   Code   RO         5477    i.KfTimeUpdate      inavins.o
    0x08004be4   0x00000084   Code   RO         5478    i.Lever             inavins.o
    0x08004c68   0x00000368   Code   RO         5479    i.LeverarmTimeCorr  inavins.o
    0x08004fd0   0x00000128   Code   RO         5480    i.MatrixRk          inavins.o
    0x080050f8   0x000000b4   Code   RO         5481    i.MeasResp          inavins.o
    0x080051ac   0x00000004   Code   RO          403    i.MemManage_Handler  gd32f4xx_it.o
    0x080051b0   0x00000002   Code   RO          404    i.NMI_Handler       gd32f4xx_it.o
    0x080051b2   0x00000002   PAD
    0x080051b4   0x00000028   Code   RO          541    i.NVIC_SetPriority  systick.o
    0x080051dc   0x00000290   Code   RO         5482    i.PrintOutGNSSMsg   inavins.o
    0x0800546c   0x00000298   Code   RO         5483    i.PrintOutInsMsg    inavins.o
    0x08005704   0x0000011c   Code   RO         5484    i.PrintOutMatrixMsg  inavins.o
    0x08005820   0x0000026c   Code   RO          995    i.SaveResult        nav_task.o
    0x08005a8c   0x00000250   Code   RO         5486    i.StartCoarseAlign  inavins.o
    0x08005cdc   0x0000000c   Code   RO         5487    i.StopNavigation    inavins.o
    0x08005ce8   0x00000034   Code   RO         6780    i.SysTick_Handler   port.o
    0x08005d1c   0x00000110   Code   RO         1077    i.SystemCoreClockUpdate  system_gd32f4xx.o
    0x08005e2c   0x000000c8   Code   RO         1078    i.SystemInit        system_gd32f4xx.o
    0x08005ef4   0x000000b4   Code   RO         4702    i.TIMER1_IRQHandler  drv_timer.o
    0x08005fa8   0x00000054   Code   RO         4703    i.TIMER3_IRQHandler  drv_timer.o
    0x08005ffc   0x0000007c   Code   RO         4354    i.UART4_IRQHandler  drv_usart.o
    0x08006078   0x0000003e   Code   RO         5032    i.Uart_RecvMsg      uartadapter.o
    0x080060b6   0x00000002   PAD
    0x080060b8   0x00000138   Code   RO         5033    i.Uart_RxInit       uartadapter.o
    0x080061f0   0x000000f4   Code   RO         5035    i.Uart_TxInit       uartadapter.o
    0x080062e4   0x0000044c   Code   RO         5488    i.UpdateEarth       inavins.o
    0x08006730   0x000003f8   Code   RO         5489    i.UpdateKfR         inavins.o
    0x08006b28   0x00000090   Code   RO         5490    i.UpdateKfRHuge     inavins.o
    0x08006bb8   0x0000040c   Code   RO         5778    i.UpdateQnb         matrix.o
    0x08006fc4   0x00000004   Code   RO          408    i.UsageFault_Handler  gd32f4xx_it.o
    0x08006fc8   0x00000020   Code   RO         7319    i.__0printf         mc_w.l(printfa.o)
    0x08006fe8   0x00000028   Code   RO         7321    i.__0sprintf        mc_w.l(printfa.o)
    0x08007010   0x0000002c   Code   RO         7324    i.__0vsnprintf      mc_w.l(printfa.o)
    0x0800703c   0x00000030   Code   RO         7440    i.__ARM_fpclassify  m_wm.l(fpclassify.o)
    0x0800706c   0x00000008   Code   RO         7483    i.__aeabi_errno_addr  mc_w.l(errno.o)
    0x08007074   0x00000004   PAD
    0x08007078   0x00000360   Code   RO         6911    i.__hardfp_asin     m_wm.l(asin.o)
    0x080073d8   0x000002d8   Code   RO         7409    i.__hardfp_atan     m_wm.l(atan.o)
    0x080076b0   0x000001f0   Code   RO         6925    i.__hardfp_atan2    m_wm.l(atan2.o)
    0x080078a0   0x00000038   Code   RO         6937    i.__hardfp_atof     m_wm.l(atof.o)
    0x080078d8   0x000000c8   Code   RO         6943    i.__hardfp_cos      m_wm.l(cos.o)
    0x080079a0   0x00000358   Code   RO         6955    i.__hardfp_exp      m_wm.l(exp.o)
    0x08007cf8   0x00000014   Code   RO         6969    i.__hardfp_fabs     m_wm.l(fabs.o)
    0x08007d0c   0x00000004   PAD
    0x08007d10   0x00000118   Code   RO         6975    i.__hardfp_floor    m_wm.l(floor.o)
    0x08007e28   0x000003c4   Code   RO         6993    i.__hardfp_log      m_wm.l(log.o)
    0x080081ec   0x00000004   PAD
    0x080081f0   0x000000c8   Code   RO         7021    i.__hardfp_sin      m_wm.l(sin.o)
    0x080082b8   0x0000007a   Code   RO         7033    i.__hardfp_sqrt     m_wm.l(sqrt.o)
    0x08008332   0x00000006   PAD
    0x08008338   0x00000028   Code   RO         7045    i.__hardfp_strtod   m_wm.l(strtod.o)
    0x08008360   0x00000438   Code   RO         7445    i.__ieee754_rem_pio2  m_wm.l(rred.o)
    0x08008798   0x00000170   Code   RO         7423    i.__kernel_cos      m_wm.l(cos_i.o)
    0x08008908   0x000000f8   Code   RO         7442    i.__kernel_poly     m_wm.l(poly.o)
    0x08008a00   0x00000130   Code   RO         7450    i.__kernel_sin      m_wm.l(sin_i.o)
    0x08008b30   0x00000030   Code   RO         7426    i.__mathlib_dbl_divzero  m_wm.l(dunder.o)
    0x08008b60   0x00000014   Code   RO         7427    i.__mathlib_dbl_infnan  m_wm.l(dunder.o)
    0x08008b74   0x00000014   Code   RO         7428    i.__mathlib_dbl_infnan2  m_wm.l(dunder.o)
    0x08008b88   0x00000020   Code   RO         7429    i.__mathlib_dbl_invalid  m_wm.l(dunder.o)
    0x08008ba8   0x00000020   Code   RO         7430    i.__mathlib_dbl_overflow  m_wm.l(dunder.o)
    0x08008bc8   0x00000020   Code   RO         7432    i.__mathlib_dbl_underflow  m_wm.l(dunder.o)
    0x08008be8   0x0000000c   Code   RO         7484    i.__read_errno      mc_w.l(errno.o)
    0x08008bf4   0x0000000e   Code   RO         7556    i.__scatterload_copy  mc_w.l(handlers.o)
    0x08008c02   0x00000002   Code   RO         7557    i.__scatterload_null  mc_w.l(handlers.o)
    0x08008c04   0x0000000e   Code   RO         7558    i.__scatterload_zeroinit  mc_w.l(handlers.o)
    0x08008c12   0x00000002   PAD
    0x08008c14   0x0000000c   Code   RO         7485    i.__set_errno       mc_w.l(errno.o)
    0x08008c20   0x00000184   Code   RO         7326    i._fp_digits        mc_w.l(printfa.o)
    0x08008da4   0x0000000e   Code   RO         7379    i._is_digit         mc_w.l(scanf_fp.o)
    0x08008db2   0x00000002   PAD
    0x08008db4   0x000006dc   Code   RO         7327    i._printf_core      mc_w.l(printfa.o)
    0x08009490   0x00000024   Code   RO         7328    i._printf_post_padding  mc_w.l(printfa.o)
    0x080094b4   0x0000002e   Code   RO         7329    i._printf_pre_padding  mc_w.l(printfa.o)
    0x080094e2   0x00000016   Code   RO         7330    i._snputc           mc_w.l(printfa.o)
    0x080094f8   0x0000000a   Code   RO         7331    i._sputc            mc_w.l(printfa.o)
    0x08009502   0x00000002   Code   RO            5    i.arm_syn_int_hdr   main.o
    0x08009504   0x00000088   Code   RO         5779    i.askew             matrix.o
    0x0800958c   0x00000010   Code   RO         7411    i.atan              m_wm.l(atan.o)
    0x0800959c   0x000002c0   Code   RO         5780    i.att2qnb           matrix.o
    0x0800985c   0x00000068   Code   RO         5491    i.average           inavins.o
    0x080098c4   0x00000020   Code   RO         4194    i.bit2bitno         drv_gpio.o
    0x080098e4   0x0000004a   Code   RO         4509    i.bxcan_format_data  drv_can.o
    0x0800992e   0x00000002   PAD
    0x08009930   0x00000088   Code   RO         4515    i.bxcan_send_data   drv_can.o
    0x080099b8   0x0000000c   Code   RO         1127    i.can_error_get     gd32f4xx_can.o
    0x080099c4   0x00000008   Code   RO         1134    i.can_interrupt_enable  gd32f4xx_can.o
    0x080099cc   0x00000010   Code   RO         1135    i.can_interrupt_flag_clear  gd32f4xx_can.o
    0x080099dc   0x00000074   Code   RO         1136    i.can_interrupt_flag_get  gd32f4xx_can.o
    0x08009a50   0x000000e4   Code   RO         1137    i.can_message_receive  gd32f4xx_can.o
    0x08009b34   0x00000150   Code   RO         1138    i.can_message_transmit  gd32f4xx_can.o
    0x08009c84   0x0000001a   Code   RO         1140    i.can_receive_message_length_get  gd32f4xx_can.o
    0x08009c9e   0x00000002   PAD
    0x08009ca0   0x00000028   Code   RO          920    i.comm_handle       computerframeparse.o
    0x08009cc8   0x000000f8   Code   RO         5493    i.compute_var       inavins.o
    0x08009dc0   0x00000126   Code   RO         5781    i.cross3            matrix.o
    0x08009ee6   0x00000002   PAD
    0x08009ee8   0x00000020   Code   RO         1298    i.dbg_periph_enable  gd32f4xx_dbg.o
    0x08009f08   0x000000b0   Code   RO         5494    i.difftimeInc2gnss  inavins.o
    0x08009fb8   0x00000020   Code   RO         1355    i.dma_channel_disable  gd32f4xx_dma.o
    0x08009fd8   0x00000020   Code   RO         1356    i.dma_channel_enable  gd32f4xx_dma.o
    0x08009ff8   0x00000026   Code   RO         1357    i.dma_channel_subperipheral_select  gd32f4xx_dma.o
    0x0800a01e   0x00000020   Code   RO         1358    i.dma_circulation_disable  gd32f4xx_dma.o
    0x0800a03e   0x00000002   PAD
    0x0800a040   0x000000cc   Code   RO         4355    i.dma_config        drv_usart.o
    0x0800a10c   0x000000a4   Code   RO         1360    i.dma_deinit        gd32f4xx_dma.o
    0x0800a1b0   0x0000003e   Code   RO         1362    i.dma_flag_clear    gd32f4xx_dma.o
    0x0800a1ee   0x0000003e   Code   RO         1366    i.dma_interrupt_enable  gd32f4xx_dma.o
    0x0800a22c   0x0000003e   Code   RO         1367    i.dma_interrupt_flag_clear  gd32f4xx_dma.o
    0x0800a26a   0x00000204   Code   RO         1368    i.dma_interrupt_flag_get  gd32f4xx_dma.o
    0x0800a46e   0x0000000e   Code   RO         4356    i.dma_nvic_config   drv_usart.o
    0x0800a47c   0x00000158   Code   RO         1380    i.dma_single_data_mode_init  gd32f4xx_dma.o
    0x0800a5d4   0x00000022   Code   RO         1381    i.dma_single_data_para_struct_init  gd32f4xx_dma.o
    0x0800a5f6   0x00000010   Code   RO         1385    i.dma_transfer_number_config  gd32f4xx_dma.o
    0x0800a606   0x00000010   Code   RO         1386    i.dma_transfer_number_get  gd32f4xx_dma.o
    0x0800a616   0x00000002   PAD
    0x0800a618   0x00000168   Code   RO         5123    i.epoch2time        time_unify.o
    0x0800a780   0x00000016   Code   RO         1583    i.exmc_norsram_enable  gd32f4xx_exmc.o
    0x0800a796   0x00000002   PAD
    0x0800a798   0x000000e4   Code   RO         1584    i.exmc_norsram_init  gd32f4xx_exmc.o
    0x0800a87c   0x00000184   Code   RO         4749    i.exmc_sram_init    exmc_sram.o
    0x0800aa00   0x000000bc   Code   RO         1856    i.exti_init         gd32f4xx_exti.o
    0x0800aabc   0x0000000c   Code   RO         1859    i.exti_interrupt_flag_clear  gd32f4xx_exti.o
    0x0800aac8   0x00000024   Code   RO         1860    i.exti_interrupt_flag_get  gd32f4xx_exti.o
    0x0800aaec   0x00000078   Code   RO         5782    i.eyes              matrix.o
    0x0800ab64   0x00000018   Code   RO         6971    i.fabs              m_wm.l(fabs.o)
    0x0800ab7c   0x0000001c   Code   RO            8    i.fpga_int_hdr      main.o
    0x0800ab98   0x00000024   Code   RO            9    i.fputc             main.o
    0x0800abbc   0x000002fc   Code   RO          921    i.frameParse        computerframeparse.o
    0x0800aeb8   0x000004d0   Code   RO          587    i.frame_fill_imu    frame_analysis.o
    0x0800b388   0x00000010   Code   RO          588    i.frame_init        frame_analysis.o
    0x0800b398   0x0000063c   Code   RO          589    i.frame_pack_and_send  frame_analysis.o
    0x0800b9d4   0x00000014   Code   RO          590    i.frame_writeDram   frame_analysis.o
    0x0800b9e8   0x00000050   Code   RO         7347    i.free              mc_w.l(malloc.o)
    0x0800ba38   0x0000001c   Code   RO         4357    i.gd32_hw_usart_init  drv_usart.o
    0x0800ba54   0x000000c8   Code   RO         4195    i.gd32_pin_attach_irq  drv_gpio.o
    0x0800bb1c   0x000000f4   Code   RO         4197    i.gd32_pin_irq_enable  drv_gpio.o
    0x0800bc10   0x000000c2   Code   RO         4198    i.gd32_pin_mode     drv_gpio.o
    0x0800bcd2   0x00000008   Code   RO         4704    i.gd32_timer_init   drv_timer.o
    0x0800bcda   0x00000002   PAD
    0x0800bcdc   0x00000090   Code   RO         4358    i.gd32_usart_configure  drv_usart.o
    0x0800bd6c   0x00000060   Code   RO         4359    i.gd32_usart_control  drv_usart.o
    0x0800bdcc   0x00000014   Code   RO         4360    i.gd32_usart_dma_init  drv_usart.o
    0x0800bde0   0x00000020   Code   RO         4361    i.gd32_usart_getc   drv_usart.o
    0x0800be00   0x00000022   Code   RO         4362    i.gd32_usart_putc   drv_usart.o
    0x0800be22   0x0000000e   Code   RO         4363    i.gd32_usart_read   drv_usart.o
    0x0800be30   0x00000042   Code   RO         4364    i.gd32_usart_set_baud  drv_usart.o
    0x0800be72   0x00000010   Code   RO         4365    i.gd32_usart_write  drv_usart.o
    0x0800be82   0x00000002   PAD
    0x0800be84   0x00000020   Code   RO         4201    i.get_pin           drv_gpio.o
    0x0800bea4   0x0000034c   Code   RO          701    i.gnss_AGRIC_Buff_Parser  gnss.o
    0x0800c1f0   0x00000204   Code   RO          702    i.gnss_BESTPOS_Buff_Parser  gnss.o
    0x0800c3f4   0x00000198   Code   RO          703    i.gnss_BESTVEL_Buff_Parser  gnss.o
    0x0800c58c   0x00000180   Code   RO          704    i.gnss_Fetch_Data   gnss.o
    0x0800c70c   0x0000013c   Code   RO          705    i.gnss_GGA_Buff_Parser  gnss.o
    0x0800c848   0x000001f8   Code   RO          706    i.gnss_Heading_Buff_Parser  gnss.o
    0x0800ca40   0x000001b8   Code   RO          707    i.gnss_RMC_Buff_Parser  gnss.o
    0x0800cbf8   0x000000d0   Code   RO          708    i.gnss_TRA_Buff_Parser  gnss.o
    0x0800ccc8   0x000000d8   Code   RO          709    i.gnss_VTG_Buff_Parser  gnss.o
    0x0800cda0   0x000001f4   Code   RO          710    i.gnss_ZDA_Buff_Parser  gnss.o
    0x0800cf94   0x0000011c   Code   RO           11    i.gnss_comm2_parse  main.o
    0x0800d0b0   0x0000006c   Code   RO           12    i.gnss_comm2_rx     main.o
    0x0800d11c   0x00000040   Code   RO           13    i.gnss_comm2_task   main.o
    0x0800d15c   0x00000144   Code   RO           14    i.gnss_comm3_parse  main.o
    0x0800d2a0   0x0000006c   Code   RO           15    i.gnss_comm3_rx     main.o
    0x0800d30c   0x00000038   Code   RO           16    i.gnss_comm3_task   main.o
    0x0800d344   0x00000044   Code   RO          713    i.gnss_fill_data    gnss.o
    0x0800d388   0x00000030   Code   RO          716    i.gnss_gprmcIsLocation  gnss.o
    0x0800d3b8   0x0000009c   Code   RO          717    i.gnss_parse        gnss.o
    0x0800d454   0x0000005e   Code   RO         1937    i.gpio_af_set       gd32f4xx_gpio.o
    0x0800d4b2   0x00000002   PAD
    0x0800d4b4   0x00000058   Code   RO         4366    i.gpio_configuration  drv_usart.o
    0x0800d50c   0x00000048   Code   RO           17    i.gpio_init         main.o
    0x0800d554   0x0000004e   Code   RO         1945    i.gpio_mode_set     gd32f4xx_gpio.o
    0x0800d5a2   0x00000042   Code   RO         1947    i.gpio_output_options_set  gd32f4xx_gpio.o
    0x0800d5e4   0x0000000c   Code   RO         5269    i.hex2Float         data_convert.o
    0x0800d5f0   0x00000032   Code   RO         4777    i.hw_serial_register  serial.o
    0x0800d622   0x00000002   PAD
    0x0800d624   0x00000050   Code   RO           18    i.imu_comm5_rx      main.o
    0x0800d674   0x00000068   Code   RO           19    i.imu_comm5_task    main.o
    0x0800d6dc   0x0000001e   Code   RO         5728    i.inav_datetime_get  inavlog.o
    0x0800d6fa   0x00000002   PAD
    0x0800d6fc   0x00000164   Code   RO         5730    i.inav_log          inavlog.o
    0x0800d860   0x000000d8   Code   RO         4778    i.ins_serial_open   serial.o
    0x0800d938   0x0000014c   Code   RO         5783    i.lubksb            matrix.o
    0x0800da84   0x00000348   Code   RO         5784    i.ludcmp            matrix.o
    0x0800ddcc   0x00000130   Code   RO           20    i.main              main.o
    0x0800defc   0x0000006c   Code   RO         7348    i.malloc            mc_w.l(malloc.o)
    0x0800df68   0x0000001e   Code   RO         5786    i.matcpy            matrix.o
    0x0800df86   0x00000002   PAD
    0x0800df88   0x000000c4   Code   RO         5787    i.matinv            matrix.o
    0x0800e04c   0x00000258   Code   RO         5788    i.matmul            matrix.o
    0x0800e2a4   0x00000086   Code   RO         5789    i.matrixSum         matrix.o
    0x0800e32a   0x00000002   PAD
    0x0800e32c   0x00000078   Code   RO          996    i.nav_task          nav_task.o
    0x0800e3a4   0x00000026   Code   RO         5790    i.norm              matrix.o
    0x0800e3ca   0x00000002   PAD
    0x0800e3cc   0x00000018   Code   RO         2041    i.nvic_irq_disable  gd32f4xx_misc.o
    0x0800e3e4   0x000000c4   Code   RO         2042    i.nvic_irq_enable   gd32f4xx_misc.o
    0x0800e4a8   0x00000014   Code   RO         2043    i.nvic_priority_group_set  gd32f4xx_misc.o
    0x0800e4bc   0x000000dc   Code   RO           21    i.peripherals_init  main.o
    0x0800e598   0x00000034   Code   RO         4202    i.pin_irq_install   drv_gpio.o
    0x0800e5cc   0x00000014   Code   RO         2099    i.pmu_backup_write_enable  gd32f4xx_pmu.o
    0x0800e5e0   0x00000098   Code   RO         6298    i.prvAddCurrentTaskToDelayedList  tasks.o
    0x0800e678   0x000000b4   Code   RO         6299    i.prvAddNewTaskToReadyList  tasks.o
    0x0800e72c   0x00000064   Code   RO         6634    i.prvCheckForValidListAndQueue  timers.o
    0x0800e790   0x00000048   Code   RO         6300    i.prvCheckTasksWaitingTermination  tasks.o
    0x0800e7d8   0x0000002a   Code   RO         6067    i.prvCopyDataFromQueue  queue.o
    0x0800e802   0x0000007e   Code   RO         6068    i.prvCopyDataToQueue  queue.o
    0x0800e880   0x00000012   Code   RO         6301    i.prvDeleteTCB      tasks.o
    0x0800e892   0x00000014   Code   RO         6069    i.prvGetDisinheritPriorityAfterTimeout  queue.o
    0x0800e8a6   0x00000002   PAD
    0x0800e8a8   0x00000028   Code   RO         6635    i.prvGetNextExpireTime  timers.o
    0x0800e8d0   0x0000007c   Code   RO         6856    i.prvHeapInit       heap_4.o
    0x0800e94c   0x0000000c   Code   RO         6302    i.prvIdleTask       tasks.o
    0x0800e958   0x0000002a   Code   RO         6071    i.prvInitialiseNewQueue  queue.o
    0x0800e982   0x000000b4   Code   RO         6303    i.prvInitialiseNewTask  tasks.o
    0x0800ea36   0x00000002   PAD
    0x0800ea38   0x00000068   Code   RO         6304    i.prvInitialiseTaskLists  tasks.o
    0x0800eaa0   0x00000068   Code   RO         6857    i.prvInsertBlockIntoFreeList  heap_4.o
    0x0800eb08   0x00000058   Code   RO         6637    i.prvInsertTimerInActiveList  timers.o
    0x0800eb60   0x0000001a   Code   RO         6072    i.prvIsQueueEmpty   queue.o
    0x0800eb7a   0x0000001e   Code   RO         6073    i.prvIsQueueFull    queue.o
    0x0800eb98   0x0000008a   Code   RO         6074    i.prvNotifyQueueSetContainer  queue.o
    0x0800ec22   0x00000002   PAD
    0x0800ec24   0x00000074   Code   RO         6638    i.prvProcessExpiredTimer  timers.o
    0x0800ec98   0x00000164   Code   RO         6639    i.prvProcessReceivedCommands  timers.o
    0x0800edfc   0x00000074   Code   RO         6640    i.prvProcessTimerOrBlockTask  timers.o
    0x0800ee70   0x00000034   Code   RO         6305    i.prvResetNextTaskUnblockTime  tasks.o
    0x0800eea4   0x0000002c   Code   RO         6641    i.prvSampleTimeNow  timers.o
    0x0800eed0   0x00000018   Code   RO           22    i.prvSetupHardware  main.o
    0x0800eee8   0x000000a4   Code   RO         6642    i.prvSwitchTimerLists  timers.o
    0x0800ef8c   0x00000040   Code   RO         6781    i.prvTaskExitError  port.o
    0x0800efcc   0x0000001a   Code   RO         6643    i.prvTimerTask      timers.o
    0x0800efe6   0x00000090   Code   RO         6075    i.prvUnlockQueue    queue.o
    0x0800f076   0x00000002   PAD
    0x0800f078   0x00000154   Code   RO         6858    i.pvPortMalloc      heap_4.o
    0x0800f1cc   0x00000020   Code   RO         6308    i.pvTaskIncrementMutexHeldCount  tasks.o
    0x0800f1ec   0x0000002c   Code   RO         6782    i.pxPortInitialiseStack  port.o
    0x0800f218   0x00000354   Code   RO         5792    i.q2mat             matrix.o
    0x0800f56c   0x00000074   Code   RO         5793    i.qdelphi           matrix.o
    0x0800f5e0   0x0000046e   Code   RO         5794    i.qmulv             matrix.o
    0x0800fa4e   0x00000002   PAD
    0x0800fa50   0x000003c0   Code   RO         5795    i.qnb2att           matrix.o
    0x0800fe10   0x00000322   Code   RO         5796    i.qnbmul            matrix.o
    0x08010132   0x0000001c   Code   RO         4367    i.rcc_configuration  drv_usart.o
    0x0801014e   0x00000002   PAD
    0x08010150   0x00000124   Code   RO         2247    i.rcu_clock_freq_get  gd32f4xx_rcu.o
    0x08010274   0x00000024   Code   RO         2250    i.rcu_flag_get      gd32f4xx_rcu.o
    0x08010298   0x00000024   Code   RO         2263    i.rcu_osci_on       gd32f4xx_rcu.o
    0x080102bc   0x0000015c   Code   RO         2264    i.rcu_osci_stab_wait  gd32f4xx_rcu.o
    0x08010418   0x00000024   Code   RO         2266    i.rcu_periph_clock_enable  gd32f4xx_rcu.o
    0x0801043c   0x00000024   Code   RO         2269    i.rcu_periph_reset_disable  gd32f4xx_rcu.o
    0x08010460   0x00000024   Code   RO         2270    i.rcu_periph_reset_enable  gd32f4xx_rcu.o
    0x08010484   0x00000018   Code   RO         2275    i.rcu_rtc_clock_config  gd32f4xx_rcu.o
    0x0801049c   0x00000024   Code   RO         2282    i.rcu_timer_clock_prescaler_config  gd32f4xx_rcu.o
    0x080104c0   0x000006e0   Code   RO         5797    i.rotv              matrix.o
    0x08010ba0   0x0000002c   Code   RO         4618    i.rtc_configuration  drv_rtc.o
    0x08010bcc   0x00000064   Code   RO         3647    i.rtc_current_time_get  gd32f4xx_rtc.o
    0x08010c30   0x000000c4   Code   RO         3652    i.rtc_init          gd32f4xx_rtc.o
    0x08010cf4   0x00000048   Code   RO         3653    i.rtc_init_mode_enter  gd32f4xx_rtc.o
    0x08010d3c   0x00000014   Code   RO         3654    i.rtc_init_mode_exit  gd32f4xx_rtc.o
    0x08010d50   0x00000040   Code   RO         4620    i.rtc_pre_config    drv_rtc.o
    0x08010d90   0x00000060   Code   RO         3659    i.rtc_register_sync_wait  gd32f4xx_rtc.o
    0x08010df0   0x00000058   Code   RO         4621    i.rtc_setup         drv_rtc.o
    0x08010e48   0x000000d0   Code   RO         4622    i.rtc_show_time     drv_rtc.o
    0x08010f18   0x00000014   Code   RO         3662    i.rtc_subsecond_get  gd32f4xx_rtc.o
    0x08010f2c   0x00000174   Code   RO         4624    i.rtc_update        drv_rtc.o
    0x080110a0   0x0000019c   Code   RO         5798    i.rv2q              matrix.o
    0x0801123c   0x0000006e   Code   RO         7035    i.sqrt              m_wm.l(sqrt.o)
    0x080112aa   0x00000002   PAD
    0x080112ac   0x000000c8   Code   RO           23    i.start_task        main.o
    0x08011374   0x00000144   Code   RO         5495    i.static_detection  inavins.o
    0x080114b8   0x0000012c   Code   RO         5128    i.str2time          time_unify.o
    0x080115e4   0x00000020   Code   RO          591    i.sum_check         frame_analysis.o
    0x08011604   0x0000008c   Code   RO         5799    i.symmetry          matrix.o
    0x08011690   0x000000ac   Code   RO         2787    i.syscfg_exti_line_config  gd32f4xx_syscfg.o
    0x0801173c   0x000000fc   Code   RO         1079    i.system_clock_200m_25m_hxtal  system_gd32f4xx.o
    0x08011838   0x00000008   Code   RO         1080    i.system_clock_config  system_gd32f4xx.o
    0x08011840   0x00000050   Code   RO          544    i.systick_config    systick.o
    0x08011890   0x0000005c   Code   RO         5131    i.time2gpst         time_unify.o
    0x080118ec   0x00000038   Code   RO         4625    i.timeUpdate        drv_rtc.o
    0x08011924   0x00000074   Code   RO         4706    i.timer3_init       drv_timer.o
    0x08011998   0x0000000a   Code   RO         2845    i.timer_auto_reload_shadow_enable  gd32f4xx_timer.o
    0x080119a2   0x0000002a   Code   RO         2853    i.timer_channel_capture_value_register_read  gd32f4xx_timer.o
    0x080119cc   0x00000184   Code   RO         2876    i.timer_deinit      gd32f4xx_timer.o
    0x08011b50   0x0000000a   Code   RO         2881    i.timer_enable      gd32f4xx_timer.o
    0x08011b5a   0x00000002   PAD
    0x08011b5c   0x00000098   Code   RO         2891    i.timer_init        gd32f4xx_timer.o
    0x08011bf4   0x00000008   Code   RO         2898    i.timer_interrupt_enable  gd32f4xx_timer.o
    0x08011bfc   0x00000006   Code   RO         2899    i.timer_interrupt_flag_clear  gd32f4xx_timer.o
    0x08011c02   0x00000018   Code   RO         2900    i.timer_interrupt_flag_get  gd32f4xx_timer.o
    0x08011c1a   0x0000001a   Code   RO         2914    i.timer_update_source_config  gd32f4xx_timer.o
    0x08011c34   0x00000030   Code   RO         4368    i.uart4_dma_recv_data  drv_usart.o
    0x08011c64   0x00000110   Code   RO         4369    i.uart4_dma_send_data  drv_usart.o
    0x08011d74   0x0000005c   Code   RO         4370    i.uart4_rx_finish_irq  drv_usart.o
    0x08011dd0   0x000000e8   Code   RO         3291    i.usart_baudrate_set  gd32f4xx_usart.o
    0x08011eb8   0x00000014   Code   RO         3294    i.usart_data_first_config  gd32f4xx_usart.o
    0x08011ecc   0x0000000a   Code   RO         3295    i.usart_data_receive  gd32f4xx_usart.o
    0x08011ed6   0x00000008   Code   RO         3296    i.usart_data_transmit  gd32f4xx_usart.o
    0x08011ede   0x00000002   PAD
    0x08011ee0   0x000000dc   Code   RO         3297    i.usart_deinit      gd32f4xx_usart.o
    0x08011fbc   0x0000000a   Code   RO         3298    i.usart_disable     gd32f4xx_usart.o
    0x08011fc6   0x00000010   Code   RO         3299    i.usart_dma_receive_config  gd32f4xx_usart.o
    0x08011fd6   0x00000010   Code   RO         3300    i.usart_dma_transmit_config  gd32f4xx_usart.o
    0x08011fe6   0x0000000a   Code   RO         3301    i.usart_enable      gd32f4xx_usart.o
    0x08011ff0   0x0000001a   Code   RO         3302    i.usart_flag_clear  gd32f4xx_usart.o
    0x0801200a   0x0000001e   Code   RO         3303    i.usart_flag_get    gd32f4xx_usart.o
    0x08012028   0x0000001a   Code   RO         3310    i.usart_interrupt_disable  gd32f4xx_usart.o
    0x08012042   0x0000001a   Code   RO         3311    i.usart_interrupt_enable  gd32f4xx_usart.o
    0x0801205c   0x0000001a   Code   RO         3312    i.usart_interrupt_flag_clear  gd32f4xx_usart.o
    0x08012076   0x00000038   Code   RO         3313    i.usart_interrupt_flag_get  gd32f4xx_usart.o
    0x080120ae   0x00000068   Code   RO         3314    i.usart_invert_config  gd32f4xx_usart.o
    0x08012116   0x00000010   Code   RO         3326    i.usart_parity_config  gd32f4xx_usart.o
    0x08012126   0x00000010   Code   RO         3328    i.usart_receive_config  gd32f4xx_usart.o
    0x08012136   0x00000010   Code   RO         3339    i.usart_stop_bit_set  gd32f4xx_usart.o
    0x08012146   0x00000010   Code   RO         3343    i.usart_transmit_config  gd32f4xx_usart.o
    0x08012156   0x00000010   Code   RO         3344    i.usart_word_length_set  gd32f4xx_usart.o
    0x08012166   0x00000028   Code   RO         6030    i.uxListRemove      list.o
    0x0801218e   0x0000000c   Code   RO           24    i.vApplicationIdleHook  main.o
    0x0801219a   0x00000016   Code   RO           25    i.vApplicationMallocFailedHook  main.o
    0x080121b0   0x00000016   Code   RO           26    i.vApplicationStackOverflowHook  main.o
    0x080121c6   0x0000001a   Code   RO         6031    i.vListInitialise   list.o
    0x080121e0   0x00000006   Code   RO         6032    i.vListInitialiseItem  list.o
    0x080121e6   0x00000034   Code   RO         6033    i.vListInsert       list.o
    0x0801221a   0x00000018   Code   RO         6034    i.vListInsertEnd    list.o
    0x08012232   0x00000002   PAD
    0x08012234   0x00000054   Code   RO         6784    i.vPortEnterCritical  port.o
    0x08012288   0x0000003c   Code   RO         6785    i.vPortExitCritical  port.o
    0x080122c4   0x000000a4   Code   RO         6859    i.vPortFree         heap_4.o
    0x08012368   0x00000028   Code   RO         6786    i.vPortSetupTimerInterrupt  port.o
    0x08012390   0x00000078   Code   RO         6787    i.vPortValidateInterruptPriority  port.o
    0x08012408   0x0000002c   Code   RO         6079    i.vQueueAddToRegistry  queue.o
    0x08012434   0x0000004a   Code   RO         6082    i.vQueueWaitForMessageRestricted  queue.o
    0x0801247e   0x00000002   PAD
    0x08012480   0x000000f4   Code   RO         6317    i.vTaskDelete       tasks.o
    0x08012574   0x00000018   Code   RO         6319    i.vTaskInternalSetTimeOutState  tasks.o
    0x0801258c   0x0000000c   Code   RO         6320    i.vTaskMissedYield  tasks.o
    0x08012598   0x00000038   Code   RO         6322    i.vTaskPlaceOnEventList  tasks.o
    0x080125d0   0x00000040   Code   RO         6323    i.vTaskPlaceOnEventListRestricted  tasks.o
    0x08012610   0x000000e4   Code   RO         6325    i.vTaskPriorityDisinheritAfterTimeout  tasks.o
    0x080126f4   0x000000a4   Code   RO         6327    i.vTaskRemoveFromUnorderedEventList  tasks.o
    0x08012798   0x00000094   Code   RO         6330    i.vTaskStartScheduler  tasks.o
    0x0801282c   0x00000010   Code   RO         6332    i.vTaskSuspendAll   tasks.o
    0x0801283c   0x000000a8   Code   RO         6333    i.vTaskSwitchContext  tasks.o
    0x080128e4   0x0000001a   Code   RO         5955    i.xEventGroupCreate  event_groups.o
    0x080128fe   0x000000ce   Code   RO         5957    i.xEventGroupSetBits  event_groups.o
    0x080129cc   0x00000168   Code   RO         6788    i.xPortStartScheduler  port.o
    0x08012b34   0x00000054   Code   RO         6087    i.xQueueGenericCreate  queue.o
    0x08012b88   0x00000098   Code   RO         6088    i.xQueueGenericReset  queue.o
    0x08012c20   0x000001d8   Code   RO         6089    i.xQueueGenericSend  queue.o
    0x08012df8   0x00000112   Code   RO         6090    i.xQueueGenericSendFromISR  queue.o
    0x08012f0a   0x000000f4   Code   RO         6091    i.xQueueGiveFromISR  queue.o
    0x08012ffe   0x00000002   PAD
    0x08013000   0x00000168   Code   RO         6097    i.xQueueReceive     queue.o
    0x08013168   0x000001b8   Code   RO         6102    i.xQueueSemaphoreTake  queue.o
    0x08013320   0x0000008c   Code   RO         6335    i.xTaskCheckForTimeOut  tasks.o
    0x080133ac   0x00000060   Code   RO         6336    i.xTaskCreate       tasks.o
    0x0801340c   0x00000020   Code   RO         6341    i.xTaskGetSchedulerState  tasks.o
    0x0801342c   0x0000000c   Code   RO         6342    i.xTaskGetTickCount  tasks.o
    0x08013438   0x00000148   Code   RO         6344    i.xTaskIncrementTick  tasks.o
    0x08013580   0x000000c8   Code   RO         6347    i.xTaskPriorityDisinherit  tasks.o
    0x08013648   0x000000b8   Code   RO         6348    i.xTaskPriorityInherit  tasks.o
    0x08013700   0x00000098   Code   RO         6349    i.xTaskRemoveFromEventList  tasks.o
    0x08013798   0x00000104   Code   RO         6350    i.xTaskResumeAll    tasks.o
    0x0801389c   0x00000054   Code   RO         6649    i.xTimerCreateTimerTask  timers.o
    0x080138f0   0x00000084   Code   RO         6650    i.xTimerGenericCommand  timers.o
    0x08013974   0x0000001c   Code   RO          592    i.xor_check         frame_analysis.o
    0x08013990   0x00000090   Code   RO         5800    i.zeros             matrix.o
    0x08013a20   0x00000002   Data   RO           29    .constdata          main.o
    0x08013a22   0x00000002   PAD
    0x08013a24   0x000000e8   Data   RO          729    .constdata          gnss.o
    0x08013b0c   0x00000b60   Data   RO         4203    .constdata          drv_gpio.o
    0x0801466c   0x00000014   Data   RO         4374    .constdata          drv_usart.o
    0x08014680   0x00000060   Data   RO         5139    .constdata          time_unify.o
    0x080146e0   0x00000050   Data   RO         6914    .constdata          m_wm.l(asin.o)
    0x08014730   0x00000058   Data   RO         6958    .constdata          m_wm.l(exp.o)
    0x08014788   0x00000038   Data   RO         6996    .constdata          m_wm.l(log.o)
    0x080147c0   0x00000098   Data   RO         7412    .constdata          m_wm.l(atan.o)
    0x08014858   0x00000030   Data   RO         7424    .constdata          m_wm.l(cos_i.o)
    0x08014888   0x00000008   Data   RO         7444    .constdata          m_wm.l(qnan.o)
    0x08014890   0x000000c8   Data   RO         7447    .constdata          m_wm.l(rred.o)
    0x08014958   0x00000028   Data   RO         7451    .constdata          m_wm.l(sin_i.o)
    0x08014980   0x00000081   Data   RO         7518    .constdata          mc_w.l(ctype_o.o)
    0x08014a01   0x00000003   PAD
    0x08014a04   0x00000004   Data   RO         7519    .constdata          mc_w.l(ctype_o.o)
    0x08014a08   0x00000164   Data   RO          730    .conststring        gnss.o
    0x08014b6c   0x00000091   Data   RO         5498    .conststring        inavins.o
    0x08014bfd   0x00000003   PAD
    0x08014c00   0x0000002f   Data   RO         5733    .conststring        inavlog.o
    0x08014c2f   0x00000001   PAD
    0x08014c30   0x00000020   Data   RO         7554    Region$$Table       anon$$obj.o


    Execution Region RW_IRAM1 (Base: 0x20000000, Size: 0x00054430, Max: 0x00070000, ABSOLUTE, COMPRESSED[0x00000110])

    Base Addr    Size         Type   Attr      Idx    E Section Name        Object

    0x20000000   0x0000041d   Data   RW           30    .data               main.o
    0x2000041d   0x00000001   Data   RW          594    .data               frame_analysis.o
    0x2000041e   0x00000002   PAD
    0x20000420   0x00000009   Data   RW          731    .data               gnss.o
    0x20000429   0x00000003   PAD
    0x2000042c   0x00000005   Data   RW          998    .data               nav_task.o
    0x20000431   0x00000003   PAD
    0x20000434   0x00000004   Data   RW         1081    .data               system_gd32f4xx.o
    0x20000438   0x00000100   Data   RW         4204    .data               drv_gpio.o
    0x20000538   0x00000038   Data   RW         4375    .data               drv_usart.o
    0x20000570   0x00000011   Data   RW         4627    .data               drv_rtc.o
    0x20000581   0x00000003   PAD
    0x20000584   0x00000012   Data   RW         4707    .data               drv_timer.o
    0x20000596   0x00000002   Data   RW         5036    .data               uartadapter.o
    0x20000598   0x00000540   Data   RW         5140    .data               time_unify.o
    0x20000ad8   0x0000001c   Data   RW         5734    .data               inavlog.o
    0x20000af4   0x0000003c   Data   RW         6353    .data               tasks.o
    0x20000b30   0x00000014   Data   RW         6658    .data               timers.o
    0x20000b44   0x0000000c   Data   RW         6789    .data               port.o
    0x20000b50   0x00000020   Data   RW         6865    .data               heap_4.o
    0x20000b70   0x00000004   Data   RW         7077    .data               mc_w.l(strtok.o)
    0x20000b74   0x00000004   Data   RW         7470    .data               mc_w.l(stdout.o)
    0x20000b78   0x00000004   Data   RW         7481    .data               mc_w.l(mvars.o)
    0x20000b7c   0x00000004   Data   RW         7482    .data               mc_w.l(mvars.o)
    0x20000b80   0x00000004   Data   RW         7486    .data               mc_w.l(errno.o)
    0x20000b84   0x000013ec   Zero   RW           28    .bss                main.o
    0x20001f70   0x000000a7   Zero   RW          593    .bss                frame_analysis.o
    0x20002017   0x00000001   PAD
    0x20002018   0x00000398   Zero   RW          728    .bss                gnss.o
    0x200023b0   0x0000011e   Zero   RW          924    .bss                computerframeparse.o
    0x200024ce   0x00000002   PAD
    0x200024d0   0x000001d0   Zero   RW          997    .bss                nav_task.o
    0x200026a0   0x00000659   Zero   RW         4373    .bss                drv_usart.o
    0x20002cf9   0x00000007   PAD
    0x20002d00   0x00000070   Zero   RW         4626    .bss                drv_rtc.o
    0x20002d70   0x00000088   Zero   RW         5433    .bss                inavgnss.o
    0x20002df8   0x000026c8   Zero   RW         5496    .bss                inavins.o
    0x200054c0   0x00001000   Zero   RW         5732    .bss                inavlog.o
    0x200064c0   0x000011dc   Zero   RW         5801    .bss                matrix.o
    0x2000769c   0x00000040   Zero   RW         6104    .bss                queue.o
    0x200076dc   0x0000012c   Zero   RW         6352    .bss                tasks.o
    0x20007808   0x00000028   Zero   RW         6657    .bss                timers.o
    0x20007830   0x0000c800   Zero   RW         6864    .bss                heap_4.o
    0x20014030   0x00040000   Zero   RW         1115    HEAP                startup_gd32f450_470.o
    0x20054030   0x00000400   Zero   RW         1114    STACK               startup_gd32f450_470.o


==============================================================================

Image component sizes


      Code (inc. data)   RO Data    RW Data    ZI Data      Debug   Object Name

       804         30          0          0        286       5513   computerframeparse.o
        12          0          0          0          0       1084   data_convert.o
        48          0          0          0          0       1153   dramadapter.o
       376         22          0          0          0       6095   drv_can.o
       942         28       2912        256          0      10133   drv_gpio.o
       832        152          0         17        112       5657   drv_rtc.o
       388         46          0         18          0       3003   drv_timer.o
      1504        108         20         56       1625      41680   drv_usart.o
       232          0          0          0          0      11361   event_groups.o
       388         16          0          0          0       1145   exmc_sram.o
        26          0          0          0          0        911   fmcadapter.o
      2924        152          0          1        167      20467   frame_analysis.o
       742         12          0          0          0       5969   gd32f4xx_can.o
        32          4          0          0          0        632   gd32f4xx_dbg.o
      1410          4          0          0          0      10487   gd32f4xx_dma.o
       250          4          0          0          0       4430   gd32f4xx_exmc.o
       236         14          0          0          0       2230   gd32f4xx_exti.o
       238          0          0          0          0       2636   gd32f4xx_gpio.o
        20          0          0          0          0     120921   gd32f4xx_it.o
       240         26          0          0          0       2223   gd32f4xx_misc.o
        20          6          0          0          0        602   gd32f4xx_pmu.o
       880         64          0          0          0       7556   gd32f4xx_rcu.o
       504         32          0          0          0       5126   gd32f4xx_rtc.o
       172          6          0          0          0        834   gd32f4xx_syscfg.o
       666         44          0          0          0       7047   gd32f4xx_timer.o
       916         24          0          0          0      15166   gd32f4xx_usart.o
      5292        714        588          9        920      21720   gnss.o
       732         72          0         32      51200       4455   heap_4.o
         0          0          0          0        136        224   inavgnss.o
     19222       2754        145          0       9928      33801   inavins.o
       386         70         47         28       4096       2993   inavlog.o
       148          0          0          0          0       3122   list.o
      2070        418          2       1053       5100      57608   main.o
     10896        488          0          0       4572      19831   matrix.o
       924         94          0          5        464       6113   nav_task.o
      1014         92          0         12          0      11117   port.o
      2712         28          0          0         64      20100   queue.o
       266          0          0          0          0       2217   serial.o
        36          8        428          0     263168        932   startup_gd32f450_470.o
       732         62          0          4          0       3831   system_gd32f4xx.o
       120         14          0          0          0      27616   systick.o
      3330        422          0         60        300      26836   tasks.o
       752         76         96       1344          0       4865   time_unify.o
      1266        114          0         20         40      12027   timers.o
       618         16          0          2          0       3736   uartadapter.o

    ----------------------------------------------------------------------
     65378       6236       4276       2928     342188     557205   Object Totals
         0          0         32          0          0          0   (incl. Generated)
        60          0          6         11         10          0   (incl. Padding)

    ----------------------------------------------------------------------

      Code (inc. data)   RO Data    RW Data    ZI Data      Debug   Library Member Name

       864         94         80          0          0        280   asin.o
       744        106        152          0          0        352   atan.o
       496         64          0          0          0        192   atan2.o
        56         12          0          0          0        132   atof.o
       200         20          0          0          0        164   cos.o
       368         46         48          0          0        200   cos_i.o
       184         44          0          0          0        744   dunder.o
       856        142         88          0          0        288   exp.o
        44          0          0          0          0        248   fabs.o
       280         28          0          0          0        156   floor.o
        48          0          0          0          0        124   fpclassify.o
       964         92         56          0          0        316   log.o
       248          0          0          0          0        152   poly.o
         0          0          8          0          0          0   qnan.o
      1080        142        200          0          0        188   rred.o
       200         20          0          0          0        164   sin.o
       304         24         40          0          0        208   sin_i.o
       232          0          0          0          0        296   sqrt.o
        40         10          0          0          0        128   strtod.o
        56          8          0          0          0         84   __0sscanf.o
        86          0          0          0          0          0   __dczerorl2.o
        28          0          0          0          0         68   _chval.o
       812          4          0          0          0        112   _scanf.o
        64          0          0          0          0         84   _sgetc.o
       158          0          0          0          0         92   _strtoul.o
        26          0          0          0          0         80   atoi.o
        26          0          0          0          0         80   atol.o
         8          4        133          0          0         68   ctype_o.o
         0          0          0          0          0          0   entry.o
         0          0          0          0          0          0   entry10a.o
         0          0          0          0          0          0   entry11a.o
         8          4          0          0          0          0   entry2.o
         4          0          0          0          0          0   entry5.o
         0          0          0          0          0          0   entry7b.o
         0          0          0          0          0          0   entry8b.o
         8          4          0          0          0          0   entry9a.o
        32         16          0          4          0        204   errno.o
        30          0          0          0          0          0   handlers.o
        36          8          0          0          0         68   init.o
        18          0          0          0          0         76   isspace_o.o
         0          0          0          0          0          0   iusefp.o
        30          0          0          0          0         68   llshl.o
        36          0          0          0          0         68   llsshr.o
        32          0          0          0          0         68   llushr.o
       188         20          0          0          0        160   malloc.o
        26          0          0          0          0         80   memcmp.o
        36          0          0          0          0         68   memcpya.o
        36          0          0          0          0        108   memseta.o
         0          0          0          8          0          0   mvars.o
      2374        100          0          0          0        752   printfa.o
        40          8          0          0          0         84   scanf_char.o
       838         12          0          0          0        216   scanf_fp.o
         0          0          0          4          0          0   stdout.o
        24          0          0          0          0         68   strcat.o
        20          0          0          0          0         68   strchr.o
        14          0          0          0          0         68   strlen.o
        30          0          0          0          0         80   strncmp.o
        24          0          0          0          0         76   strncpy.o
        32          0          0          0          0         68   strrchr.o
        36          0          0          0          0         80   strstr.o
       156         12          0          0          0        120   strtod.o
        68          6          0          4          0         80   strtok.o
       112          0          0          0          0         88   strtol.o
        44          0          0          0          0         80   uidiv.o
        98          0          0          0          0         92   uldiv.o
        48          0          0          0          0         68   cdcmple.o
        48          0          0          0          0         68   cdrcmple.o
        56          0          0          0          0         88   d2f.o
       334          0          0          0          0        148   dadd.o
       222          0          0          0          0        100   ddiv.o
       186          0          0          0          0        176   depilogue.o
        62          0          0          0          0         80   dfixi.o
        50          0          0          0          0         76   dfixui.o
        48          0          0          0          0         68   dfixul.o
        34          0          0          0          0         76   dflti.o
        26          0          0          0          0         76   dfltui.o
        24          0          0          0          0         76   dfltul.o
       228          0          0          0          0         96   dmul.o
       162          0          0          0          0        100   dsqrt.o
        38          0          0          0          0         68   f2d.o
       110          0          0          0          0        168   fepilogue.o

    ----------------------------------------------------------------------
     14610       1058        808         20          0       9520   Library Totals
        32          8          3          0          0          0   (incl. Padding)

    ----------------------------------------------------------------------

      Code (inc. data)   RO Data    RW Data    ZI Data      Debug   Library Name

      7208        844        672          0          0       4332   m_wm.l
      5694        206        133         20          0       3656   mc_w.l
      1676          0          0          0          0       1532   mf_w.l

    ----------------------------------------------------------------------
     14610       1058        808         20          0       9520   Library Totals

    ----------------------------------------------------------------------

==============================================================================


      Code (inc. data)   RO Data    RW Data    ZI Data      Debug   

     79988       7294       5084       2948     342188     529245   Grand Totals
     79988       7294       5084        272     342188     529245   ELF Image Totals (compressed)
     79988       7294       5084        272          0          0   ROM Totals

==============================================================================

    Total RO  Size (Code + RO Data)                85072 (  83.08kB)
    Total RW  Size (RW Data + ZI Data)            345136 ( 337.05kB)
    Total ROM Size (Code + RO Data + RW Data)      85344 (  83.34kB)

==============================================================================

