Component: ARM Compiler 5.06 update 4 (build 422) Tool: armlink [4d35d2]

==============================================================================

Section Cross References

    startup_stm32f429_439xx.o(STACK) refers (Special) to heapauxi.o(.text) for __use_two_region_memory
    startup_stm32f429_439xx.o(HEAP) refers (Special) to heapauxi.o(.text) for __use_two_region_memory
    startup_stm32f429_439xx.o(RESET) refers (Special) to heapauxi.o(.text) for __use_two_region_memory
    startup_stm32f429_439xx.o(RESET) refers to startup_stm32f429_439xx.o(STACK) for __initial_sp
    startup_stm32f429_439xx.o(RESET) refers to startup_stm32f429_439xx.o(.text) for Reset_Handler
    startup_stm32f429_439xx.o(RESET) refers to extiadapter.o(i.EXTI2_IRQHandler) for EXTI2_IRQHandler
    startup_stm32f429_439xx.o(RESET) refers to canadapter.o(i.CAN1_RX0_IRQHandler) for CAN1_RX0_IRQHandler
    startup_stm32f429_439xx.o(RESET) refers to timadapter.o(i.TIM2_IRQHandler) for TIM2_IRQHandler
    startup_stm32f429_439xx.o(RESET) refers to timadapter.o(i.TIM3_IRQHandler) for TIM3_IRQHandler
    startup_stm32f429_439xx.o(RESET) refers to timadapter.o(i.TIM4_IRQHandler) for TIM4_IRQHandler
    startup_stm32f429_439xx.o(RESET) refers to auartadapter.o(i.USART1_IRQHandler) for USART1_IRQHandler
    startup_stm32f429_439xx.o(RESET) refers to timadapter.o(i.TIM5_IRQHandler) for TIM5_IRQHandler
    startup_stm32f429_439xx.o(RESET) refers to canadapter.o(i.CAN2_RX0_IRQHandler) for CAN2_RX0_IRQHandler
    startup_stm32f429_439xx.o(RESET) refers to auartadapter.o(i.DMA2_Stream7_IRQHandler) for DMA2_Stream7_IRQHandler
    startup_stm32f429_439xx.o(.text) refers (Special) to heapauxi.o(.text) for __use_two_region_memory
    startup_stm32f429_439xx.o(.text) refers to system_stm32f4xx.o(i.SystemInit) for SystemInit
    startup_stm32f429_439xx.o(.text) refers to __main.o(!!!main) for __main
    startup_stm32f429_439xx.o(.text) refers to startup_stm32f429_439xx.o(HEAP) for Heap_Mem
    startup_stm32f429_439xx.o(.text) refers to startup_stm32f429_439xx.o(STACK) for Stack_Mem
    system_stm32f4xx.o(i.SystemCoreClockUpdate) refers to system_stm32f4xx.o(.data) for SystemCoreClock
    system_stm32f4xx.o(i.SystemInit) refers to system_stm32f4xx.o(i.SetSysClock) for SetSysClock
    delayadapter.o(i.Delay_Init) refers to misc.o(i.SysTick_CLKSourceConfig) for SysTick_CLKSourceConfig
    delayadapter.o(i.Delay_Init) refers to delayadapter.o(.data) for first
    delayadapter.o(i.Delay_ms) refers to system_stm32f4xx.o(.data) for SystemCoreClock
    delayadapter.o(i.Delay_s) refers to delayadapter.o(i.Delay_ms) for Delay_ms
    delayadapter.o(i.Delay_us) refers to lludivv7m.o(.text) for __aeabi_uldivmod
    delayadapter.o(i.Delay_us) refers to delayadapter.o(i.Delay_ms) for Delay_ms
    delayadapter.o(i.Delay_us) refers to system_stm32f4xx.o(.data) for SystemCoreClock
    ledadapter.o(i.Led_Blink) refers to stm32f4xx_gpio.o(i.GPIO_WriteBit) for GPIO_WriteBit
    ledadapter.o(i.Led_Blink) refers to ledadapter.o(.data) for bink_state_led1
    ledadapter.o(i.Led_Ctrl) refers to stm32f4xx_gpio.o(i.GPIO_WriteBit) for GPIO_WriteBit
    ledadapter.o(i.Led_Init) refers to stm32f4xx_rcc.o(i.RCC_AHB1PeriphClockCmd) for RCC_AHB1PeriphClockCmd
    ledadapter.o(i.Led_Init) refers to stm32f4xx_gpio.o(i.GPIO_Init) for GPIO_Init
    ledadapter.o(i.RS485_Ctrl) refers to stm32f4xx_gpio.o(i.GPIO_WriteBit) for GPIO_WriteBit
    timadapter.o(i.TIM2_IRQHandler) refers to timadapter.o(.data) for g_Hander_TImer2
    timadapter.o(i.TIM3_IRQHandler) refers to timadapter.o(.data) for g_Hander_TImer3
    timadapter.o(i.TIM4_IRQHandler) refers to timadapter.o(.data) for g_Hander_TImer4
    timadapter.o(i.TIM5_IRQHandler) refers to timadapter.o(.data) for g_Hander_TImer5
    timadapter.o(i.Timer_Init) refers to stm32f4xx_rcc.o(i.RCC_APB1PeriphClockCmd) for RCC_APB1PeriphClockCmd
    timadapter.o(i.Timer_Init) refers to stm32f4xx_tim.o(i.TIM_DeInit) for TIM_DeInit
    timadapter.o(i.Timer_Init) refers to stm32f4xx_tim.o(i.TIM_TimeBaseInit) for TIM_TimeBaseInit
    timadapter.o(i.Timer_Init) refers to stm32f4xx_tim.o(i.TIM_ClearFlag) for TIM_ClearFlag
    timadapter.o(i.Timer_Init) refers to stm32f4xx_tim.o(i.TIM_ITConfig) for TIM_ITConfig
    timadapter.o(i.Timer_Init) refers to stm32f4xx_tim.o(i.TIM_Cmd) for TIM_Cmd
    timadapter.o(i.Timer_Init) refers to misc.o(i.NVIC_Init) for NVIC_Init
    timadapter.o(i.Timer_Init) refers to timadapter.o(.data) for g_Hander_TImer2
    uartadapter.o(i.Uart_RecvMsg) refers to auartadapter.o(i.FUART_RecvData) for FUART_RecvData
    uartadapter.o(i.Uart_RxInit) refers to auartadapter.o(i.FUART_RxInit) for FUART_RxInit
    uartadapter.o(i.Uart_SendMsg) refers to auartadapter.o(i.FUART_SendData) for FUART_SendData
    uartadapter.o(i.Uart_TxInit) refers to auartadapter.o(i.FUART_TxInit) for FUART_TxInit
    canadapter.o(i.CAN1_RX0_IRQHandler) refers to stm32f4xx_can.o(i.CAN_GetFlagStatus) for CAN_GetFlagStatus
[...]
    Removing stm32f4xx_tim.o(i.TI3_Config), (72 bytes).
    Removing stm32f4xx_tim.o(i.TI4_Config), (80 bytes).
    Removing stm32f4xx_tim.o(i.TIM_ARRPreloadConfig), (24 bytes).
    Removing stm32f4xx_tim.o(i.TIM_BDTRConfig), (32 bytes).
    Removing stm32f4xx_tim.o(i.TIM_BDTRStructInit), (18 bytes).
    Removing stm32f4xx_tim.o(i.TIM_CCPreloadControl), (24 bytes).
    Removing stm32f4xx_tim.o(i.TIM_CCxCmd), (30 bytes).
    Removing stm32f4xx_tim.o(i.TIM_CCxNCmd), (30 bytes).
    Removing stm32f4xx_tim.o(i.TIM_ClearFlag), (6 bytes).
    Removing stm32f4xx_tim.o(i.TIM_ClearITPendingBit), (6 bytes).
    Removing stm32f4xx_tim.o(i.TIM_ClearOC1Ref), (18 bytes).
    Removing stm32f4xx_tim.o(i.TIM_ClearOC2Ref), (24 bytes).
    Removing stm32f4xx_tim.o(i.TIM_ClearOC3Ref), (18 bytes).
    Removing stm32f4xx_tim.o(i.TIM_ClearOC4Ref), (24 bytes).
    Removing stm32f4xx_tim.o(i.TIM_Cmd), (24 bytes).
    Removing stm32f4xx_tim.o(i.TIM_CounterModeConfig), (18 bytes).
    Removing stm32f4xx_tim.o(i.TIM_CtrlPWMOutputs), (30 bytes).
    Removing stm32f4xx_tim.o(i.TIM_DMACmd), (18 bytes).
    Removing stm32f4xx_tim.o(i.TIM_DMAConfig), (10 bytes).
    Removing stm32f4xx_tim.o(i.TIM_DeInit), (400 bytes).
    Removing stm32f4xx_tim.o(i.TIM_ETRClockMode1Config), (54 bytes).
    Removing stm32f4xx_tim.o(i.TIM_ETRClockMode2Config), (32 bytes).
    Removing stm32f4xx_tim.o(i.TIM_ETRConfig), (28 bytes).
    Removing stm32f4xx_tim.o(i.TIM_EncoderInterfaceConfig), (66 bytes).
    Removing stm32f4xx_tim.o(i.TIM_ForcedOC1Config), (18 bytes).
    Removing stm32f4xx_tim.o(i.TIM_ForcedOC2Config), (26 bytes).
    Removing stm32f4xx_tim.o(i.TIM_ForcedOC3Config), (18 bytes).
    Removing stm32f4xx_tim.o(i.TIM_ForcedOC4Config), (26 bytes).
    Removing stm32f4xx_tim.o(i.TIM_GenerateEvent), (4 bytes).
    Removing stm32f4xx_tim.o(i.TIM_GetCapture1), (6 bytes).
    Removing stm32f4xx_tim.o(i.TIM_GetCapture2), (6 bytes).
    Removing stm32f4xx_tim.o(i.TIM_GetCapture3), (6 bytes).
    Removing stm32f4xx_tim.o(i.TIM_GetCapture4), (6 bytes).
    Removing stm32f4xx_tim.o(i.TIM_GetCounter), (6 bytes).
    Removing stm32f4xx_tim.o(i.TIM_GetFlagStatus), (18 bytes).
    Removing stm32f4xx_tim.o(i.TIM_GetITStatus), (34 bytes).
    Removing stm32f4xx_tim.o(i.TIM_GetPrescaler), (6 bytes).
    Removing stm32f4xx_tim.o(i.TIM_ICInit), (110 bytes).
    Removing stm32f4xx_tim.o(i.TIM_ICStructInit), (18 bytes).
    Removing stm32f4xx_tim.o(i.TIM_ITConfig), (18 bytes).
    Removing stm32f4xx_tim.o(i.TIM_ITRxExternalClockConfig), (24 bytes).
    Removing stm32f4xx_tim.o(i.TIM_InternalClockConfig), (12 bytes).
    Removing stm32f4xx_tim.o(i.TIM_OC1FastConfig), (18 bytes).
    Removing stm32f4xx_tim.o(i.TIM_OC1Init), (124 bytes).
    Removing stm32f4xx_tim.o(i.TIM_OC1NPolarityConfig), (18 bytes).
    Removing stm32f4xx_tim.o(i.TIM_OC1PolarityConfig), (18 bytes).
    Removing stm32f4xx_tim.o(i.TIM_OC1PreloadConfig), (18 bytes).
    Removing stm32f4xx_tim.o(i.TIM_OC2FastConfig), (26 bytes).
    Removing stm32f4xx_tim.o(i.TIM_OC2Init), (164 bytes).
    Removing stm32f4xx_tim.o(i.TIM_OC2NPolarityConfig), (26 bytes).
    Removing stm32f4xx_tim.o(i.TIM_OC2PolarityConfig), (26 bytes).
    Removing stm32f4xx_tim.o(i.TIM_OC2PreloadConfig), (26 bytes).
    Removing stm32f4xx_tim.o(i.TIM_OC3FastConfig), (18 bytes).
    Removing stm32f4xx_tim.o(i.TIM_OC3Init), (160 bytes).
    Removing stm32f4xx_tim.o(i.TIM_OC3NPolarityConfig), (26 bytes).
    Removing stm32f4xx_tim.o(i.TIM_OC3PolarityConfig), (26 bytes).
    Removing stm32f4xx_tim.o(i.TIM_OC3PreloadConfig), (18 bytes).
    Removing stm32f4xx_tim.o(i.TIM_OC4FastConfig), (26 bytes).
    Removing stm32f4xx_tim.o(i.TIM_OC4Init), (120 bytes).
    Removing stm32f4xx_tim.o(i.TIM_OC4PolarityConfig), (26 bytes).
    Removing stm32f4xx_tim.o(i.TIM_OC4PreloadConfig), (26 bytes).
    Removing stm32f4xx_tim.o(i.TIM_OCStructInit), (20 bytes).
    Removing stm32f4xx_tim.o(i.TIM_PWMIConfig), (124 bytes).
    Removing stm32f4xx_tim.o(i.TIM_PrescalerConfig), (6 bytes).
    Removing stm32f4xx_tim.o(i.TIM_RemapConfig), (6 bytes).
    Removing stm32f4xx_tim.o(i.TIM_SelectCCDMA), (24 bytes).
    Removing stm32f4xx_tim.o(i.TIM_SelectCOM), (24 bytes).
    Removing stm32f4xx_tim.o(i.TIM_SelectHallSensor), (24 bytes).
    Removing stm32f4xx_tim.o(i.TIM_SelectInputTrigger), (18 bytes).
    Removing stm32f4xx_tim.o(i.TIM_SelectMasterSlaveMode), (18 bytes).
    Removing stm32f4xx_tim.o(i.TIM_SelectOCxM), (86 bytes).
    Removing stm32f4xx_tim.o(i.TIM_SelectOnePulseMode), (18 bytes).
    Removing stm32f4xx_tim.o(i.TIM_SelectOutputTrigger), (18 bytes).
    Removing stm32f4xx_tim.o(i.TIM_SelectSlaveMode), (18 bytes).
    Removing stm32f4xx_tim.o(i.TIM_SetAutoreload), (4 bytes).
    Removing stm32f4xx_tim.o(i.TIM_SetClockDivision), (18 bytes).
    Removing stm32f4xx_tim.o(i.TIM_SetCompare1), (4 bytes).
    Removing stm32f4xx_tim.o(i.TIM_SetCompare2), (4 bytes).
    Removing stm32f4xx_tim.o(i.TIM_SetCompare3), (4 bytes).
    Removing stm32f4xx_tim.o(i.TIM_SetCompare4), (4 bytes).
    Removing stm32f4xx_tim.o(i.TIM_SetCounter), (4 bytes).
    Removing stm32f4xx_tim.o(i.TIM_SetIC1Prescaler), (18 bytes).
    Removing stm32f4xx_tim.o(i.TIM_SetIC2Prescaler), (26 bytes).
    Removing stm32f4xx_tim.o(i.TIM_SetIC3Prescaler), (18 bytes).
    Removing stm32f4xx_tim.o(i.TIM_SetIC4Prescaler), (26 bytes).
    Removing stm32f4xx_tim.o(i.TIM_TIxExternalClockConfig), (62 bytes).
    Removing stm32f4xx_tim.o(i.TIM_TimeBaseInit), (132 bytes).
    Removing stm32f4xx_tim.o(i.TIM_TimeBaseStructInit), (18 bytes).
    Removing stm32f4xx_tim.o(i.TIM_UpdateDisableConfig), (24 bytes).
    Removing stm32f4xx_tim.o(i.TIM_UpdateRequestConfig), (24 bytes).
    Removing stm32f4xx_exti.o(.rev16_text), (4 bytes).
    Removing stm32f4xx_exti.o(.revsh_text), (4 bytes).
    Removing stm32f4xx_exti.o(.rrx_text), (6 bytes).
    Removing stm32f4xx_exti.o(i.EXTI_ClearFlag), (12 bytes).
    Removing stm32f4xx_exti.o(i.EXTI_DeInit), (36 bytes).
    Removing stm32f4xx_exti.o(i.EXTI_GenerateSWInterrupt), (16 bytes).
    Removing stm32f4xx_exti.o(i.EXTI_GetFlagStatus), (24 bytes).
    Removing stm32f4xx_exti.o(i.EXTI_StructInit), (16 bytes).
    Removing stm32f4xx_spi.o(.rev16_text), (4 bytes).
    Removing stm32f4xx_spi.o(.revsh_text), (4 bytes).
    Removing stm32f4xx_spi.o(.rrx_text), (6 bytes).
    Removing stm32f4xx_spi.o(i.I2S_Cmd), (24 bytes).
    Removing stm32f4xx_spi.o(i.I2S_FullDuplexConfig), (80 bytes).
    Removing stm32f4xx_spi.o(i.I2S_Init), (408 bytes).
    Removing stm32f4xx_spi.o(i.I2S_StructInit), (20 bytes).
    Removing stm32f4xx_spi.o(i.SPI_BiDirectionalLineConfig), (28 bytes).
    Removing stm32f4xx_spi.o(i.SPI_CalculateCRC), (24 bytes).
    Removing stm32f4xx_spi.o(i.SPI_Cmd), (24 bytes).
    Removing stm32f4xx_spi.o(i.SPI_DataSizeConfig), (18 bytes).
    Removing stm32f4xx_spi.o(i.SPI_GetCRC), (16 bytes).
    Removing stm32f4xx_spi.o(i.SPI_GetCRCPolynomial), (6 bytes).
    Removing stm32f4xx_spi.o(i.SPI_I2S_ClearFlag), (6 bytes).
    Removing stm32f4xx_spi.o(i.SPI_I2S_ClearITPendingBit), (20 bytes).
    Removing stm32f4xx_spi.o(i.SPI_I2S_DMACmd), (18 bytes).
    Removing stm32f4xx_spi.o(i.SPI_I2S_DeInit), (176 bytes).
    Removing stm32f4xx_spi.o(i.SPI_I2S_GetFlagStatus), (18 bytes).
    Removing stm32f4xx_spi.o(i.SPI_I2S_GetITStatus), (52 bytes).
    Removing stm32f4xx_spi.o(i.SPI_I2S_ITConfig), (32 bytes).
    Removing stm32f4xx_spi.o(i.SPI_I2S_ReceiveData), (6 bytes).
    Removing stm32f4xx_spi.o(i.SPI_I2S_SendData), (4 bytes).
    Removing stm32f4xx_spi.o(i.SPI_Init), (60 bytes).
    Removing stm32f4xx_spi.o(i.SPI_NSSInternalSoftwareConfig), (30 bytes).
    Removing stm32f4xx_spi.o(i.SPI_SSOutputCmd), (24 bytes).
    Removing stm32f4xx_spi.o(i.SPI_StructInit), (24 bytes).
    Removing stm32f4xx_spi.o(i.SPI_TIModeCmd), (24 bytes).
    Removing stm32f4xx_spi.o(i.SPI_TransmitCRC), (10 bytes).
    Removing stm32f4xx_rtc.o(.rev16_text), (4 bytes).
    Removing stm32f4xx_rtc.o(.revsh_text), (4 bytes).
    Removing stm32f4xx_rtc.o(.rrx_text), (6 bytes).
    Removing stm32f4xx_rtc.o(i.RTC_AlarmCmd), (116 bytes).
    Removing stm32f4xx_rtc.o(i.RTC_AlarmStructInit), (22 bytes).
    Removing stm32f4xx_rtc.o(i.RTC_AlarmSubSecondConfig), (52 bytes).
    Removing stm32f4xx_rtc.o(i.RTC_Bcd2ToByte), (22 bytes).
    Removing stm32f4xx_rtc.o(i.RTC_BypassShadowCmd), (60 bytes).
    Removing stm32f4xx_rtc.o(i.RTC_ByteToBcd2), (28 bytes).
    Removing stm32f4xx_rtc.o(i.RTC_CalibOutputCmd), (60 bytes).
    Removing stm32f4xx_rtc.o(i.RTC_CalibOutputConfig), (48 bytes).
    Removing stm32f4xx_rtc.o(i.RTC_ClearFlag), (28 bytes).
    Removing stm32f4xx_rtc.o(i.RTC_ClearITPendingBit), (32 bytes).
    Removing stm32f4xx_rtc.o(i.RTC_CoarseCalibCmd), (80 bytes).
    Removing stm32f4xx_rtc.o(i.RTC_CoarseCalibConfig), (56 bytes).
    Removing stm32f4xx_rtc.o(i.RTC_DateStructInit), (14 bytes).
    Removing stm32f4xx_rtc.o(i.RTC_DayLightSavingConfig), (56 bytes).
    Removing stm32f4xx_rtc.o(i.RTC_DeInit), (212 bytes).
    Removing stm32f4xx_rtc.o(i.RTC_EnterInitMode), (80 bytes).
    Removing stm32f4xx_rtc.o(i.RTC_ExitInitMode), (20 bytes).
    Removing stm32f4xx_rtc.o(i.RTC_GetAlarm), (116 bytes).
    Removing stm32f4xx_rtc.o(i.RTC_GetAlarmSubSecond), (36 bytes).
    Removing stm32f4xx_rtc.o(i.RTC_GetDate), (76 bytes).
    Removing stm32f4xx_rtc.o(i.RTC_GetFlagStatus), (40 bytes).
    Removing stm32f4xx_rtc.o(i.RTC_GetITStatus), (68 bytes).
    Removing stm32f4xx_rtc.o(i.RTC_GetStoreOperation), (16 bytes).
    Removing stm32f4xx_rtc.o(i.RTC_GetSubSecond), (20 bytes).
    Removing stm32f4xx_rtc.o(i.RTC_GetTime), (80 bytes).
    Removing stm32f4xx_rtc.o(i.RTC_GetTimeStamp), (156 bytes).
    Removing stm32f4xx_rtc.o(i.RTC_GetTimeStampSubSecond), (12 bytes).
    Removing stm32f4xx_rtc.o(i.RTC_GetWakeUpCounter), (12 bytes).
    Removing stm32f4xx_rtc.o(i.RTC_ITConfig), (100 bytes).
    Removing stm32f4xx_rtc.o(i.RTC_Init), (100 bytes).
    Removing stm32f4xx_rtc.o(i.RTC_OutputConfig), (56 bytes).
    Removing stm32f4xx_rtc.o(i.RTC_OutputTypeConfig), (28 bytes).
    Removing stm32f4xx_rtc.o(i.RTC_ReadBackupRegister), (32 bytes).
    Removing stm32f4xx_rtc.o(i.RTC_RefClockCmd), (80 bytes).
    Removing stm32f4xx_rtc.o(i.RTC_SetAlarm), (236 bytes).
    Removing stm32f4xx_rtc.o(i.RTC_SetDate), (200 bytes).
    Removing stm32f4xx_rtc.o(i.RTC_SetTime), (208 bytes).
    Removing stm32f4xx_rtc.o(i.RTC_SetWakeUpCounter), (28 bytes).
    Removing stm32f4xx_rtc.o(i.RTC_SmoothCalibConfig), (96 bytes).
    Removing stm32f4xx_rtc.o(i.RTC_StructInit), (14 bytes).
    Removing stm32f4xx_rtc.o(i.RTC_SynchroShiftConfig), (124 bytes).
    Removing stm32f4xx_rtc.o(i.RTC_TamperCmd), (32 bytes).
    Removing stm32f4xx_rtc.o(i.RTC_TamperFilterConfig), (28 bytes).
    Removing stm32f4xx_rtc.o(i.RTC_TamperPinSelection), (28 bytes).
    Removing stm32f4xx_rtc.o(i.RTC_TamperPinsPrechargeDuration), (28 bytes).
    Removing stm32f4xx_rtc.o(i.RTC_TamperPullUpCmd), (36 bytes).
    Removing stm32f4xx_rtc.o(i.RTC_TamperSamplingFreqConfig), (28 bytes).
    Removing stm32f4xx_rtc.o(i.RTC_TamperTriggerConfig), (36 bytes).
    Removing stm32f4xx_rtc.o(i.RTC_TimeStampCmd), (56 bytes).
    Removing stm32f4xx_rtc.o(i.RTC_TimeStampOnTamperDetectionCmd), (36 bytes).
    Removing stm32f4xx_rtc.o(i.RTC_TimeStampPinSelection), (28 bytes).
    Removing stm32f4xx_rtc.o(i.RTC_TimeStructInit), (12 bytes).
    Removing stm32f4xx_rtc.o(i.RTC_WaitForSynchro), (96 bytes).
    Removing stm32f4xx_rtc.o(i.RTC_WakeUpClockConfig), (48 bytes).
    Removing stm32f4xx_rtc.o(i.RTC_WakeUpCmd), (120 bytes).
    Removing stm32f4xx_rtc.o(i.RTC_WriteBackupRegister), (28 bytes).
    Removing stm32f4xx_rtc.o(i.RTC_WriteProtectionCmd), (28 bytes).
    Removing w5500.o(i.WIZCHIP_READ), (116 bytes).
    Removing w5500.o(i.WIZCHIP_READ_BUF), (140 bytes).
    Removing w5500.o(i.WIZCHIP_WRITE), (116 bytes).
    Removing w5500.o(i.WIZCHIP_WRITE_BUF), (136 bytes).
    Removing w5500.o(i.getSn_RX_RSR), (108 bytes).
    Removing w5500.o(i.getSn_TX_FSR), (108 bytes).
    Removing w5500.o(i.wiz_recv_data), (132 bytes).
    Removing w5500.o(i.wiz_recv_ignore), (102 bytes).
    Removing w5500.o(i.wiz_send_data), (132 bytes).
    Removing wizchip_conf.o(i.ctlnetwork), (80 bytes).
    Removing wizchip_conf.o(i.ctlwizchip), (280 bytes).
    Removing wizchip_conf.o(i.reg_wizchip_bus_cbfunc), (52 bytes).
    Removing wizchip_conf.o(i.reg_wizchip_cris_cbfunc), (40 bytes).
    Removing wizchip_conf.o(i.reg_wizchip_cs_cbfunc), (40 bytes).
    Removing wizchip_conf.o(i.reg_wizchip_spi_cbfunc), (52 bytes).
    Removing wizchip_conf.o(i.reg_wizchip_spiburst_cbfunc), (52 bytes).
    Removing wizchip_conf.o(i.wizchip_bus_readdata), (6 bytes).
    Removing wizchip_conf.o(i.wizchip_bus_writedata), (4 bytes).
    Removing wizchip_conf.o(i.wizchip_clrinterrupt), (32 bytes).
    Removing wizchip_conf.o(i.wizchip_cris_enter), (2 bytes).
    Removing wizchip_conf.o(i.wizchip_cris_exit), (2 bytes).
    Removing wizchip_conf.o(i.wizchip_cs_deselect), (2 bytes).
    Removing wizchip_conf.o(i.wizchip_cs_select), (2 bytes).
    Removing wizchip_conf.o(i.wizchip_getinterrupt), (42 bytes).
    Removing wizchip_conf.o(i.wizchip_getinterruptmask), (40 bytes).
    Removing wizchip_conf.o(i.wizchip_getnetinfo), (92 bytes).
    Removing wizchip_conf.o(i.wizchip_getnetmode), (10 bytes).
    Removing wizchip_conf.o(i.wizchip_gettimeout), (40 bytes).
    Removing wizchip_conf.o(i.wizchip_init), (144 bytes).
    Removing wizchip_conf.o(i.wizchip_setinterruptmask), (30 bytes).
    Removing wizchip_conf.o(i.wizchip_setnetinfo), (88 bytes).
    Removing wizchip_conf.o(i.wizchip_setnetmode), (38 bytes).
    Removing wizchip_conf.o(i.wizchip_settimeout), (38 bytes).
    Removing wizchip_conf.o(i.wizchip_spi_readburst), (2 bytes).
    Removing wizchip_conf.o(i.wizchip_spi_readbyte), (4 bytes).
    Removing wizchip_conf.o(i.wizchip_spi_writeburst), (2 bytes).
    Removing wizchip_conf.o(i.wizchip_spi_writebyte), (2 bytes).
    Removing wizchip_conf.o(i.wizchip_sw_reset), (114 bytes).
    Removing wizchip_conf.o(i.wizphy_getphyconf), (120 bytes).
    Removing wizchip_conf.o(i.wizphy_getphylink), (24 bytes).
    Removing wizchip_conf.o(i.wizphy_getphypmode), (30 bytes).
    Removing wizchip_conf.o(i.wizphy_getphystat), (28 bytes).
    Removing wizchip_conf.o(i.wizphy_reset), (52 bytes).
    Removing wizchip_conf.o(i.wizphy_setphyconf), (88 bytes).
    Removing wizchip_conf.o(i.wizphy_setphypmode), (100 bytes).
    Removing wizchip_conf.o(.data), (45 bytes).
    Removing main.o(.rev16_text), (4 bytes).
    Removing main.o(.revsh_text), (4 bytes).
    Removing main.o(.rrx_text), (6 bytes).

539 unused section(s) (total 25311 bytes) removed from the image.

==============================================================================

Image Symbol Table

    Local Symbols

    Symbol Name                              Value     Ov Type        Size  Object(Section)

    ../clib/angel/boardlib.s                 0x00000000   Number         0  boardshut.o ABSOLUTE
    ../clib/angel/boardlib.s                 0x00000000   Number         0  boardinit3.o ABSOLUTE
    ../clib/angel/boardlib.s                 0x00000000   Number         0  boardinit2.o ABSOLUTE
    ../clib/angel/boardlib.s                 0x00000000   Number         0  boardinit1.o ABSOLUTE
    ../clib/angel/handlers.s                 0x00000000   Number         0  __scatter_copy.o ABSOLUTE
    ../clib/angel/handlers.s                 0x00000000   Number         0  __scatter_zi.o ABSOLUTE
    ../clib/angel/kernel.s                   0x00000000   Number         0  __rtentry4.o ABSOLUTE
    ../clib/angel/kernel.s                   0x00000000   Number         0  __rtentry.o ABSOLUTE
    ../clib/angel/kernel.s                   0x00000000   Number         0  rtexit.o ABSOLUTE
    ../clib/angel/kernel.s                   0x00000000   Number         0  __rtentry2.o ABSOLUTE
    ../clib/angel/kernel.s                   0x00000000   Number         0  rtexit2.o ABSOLUTE
    ../clib/angel/rt.s                       0x00000000   Number         0  aeabi_ldiv0_sigfpe.o ABSOLUTE
    ../clib/angel/rt.s                       0x00000000   Number         0  aeabi_ldiv0.o ABSOLUTE
    ../clib/angel/rt.s                       0x00000000   Number         0  rt_raise.o ABSOLUTE
    ../clib/angel/rt.s                       0x00000000   Number         0  rt_div0.o ABSOLUTE
    ../clib/angel/scatter.s                  0x00000000   Number         0  __scatter.o ABSOLUTE
    ../clib/angel/startup.s                  0x00000000   Number         0  __main.o ABSOLUTE
    ../clib/angel/sys.s                      0x00000000   Number         0  libspace.o ABSOLUTE
    ../clib/angel/sys.s                      0x00000000   Number         0  use_no_semi.o ABSOLUTE
    ../clib/angel/sys.s                      0x00000000   Number         0  indicate_semi.o ABSOLUTE
    ../clib/angel/sys.s                      0x00000000   Number         0  sys_stackheap_outer.o ABSOLUTE
    ../clib/angel/sysapp.c                   0x00000000   Number         0  sys_command.o ABSOLUTE
    ../clib/angel/sysapp.c                   0x00000000   Number         0  sys_exit.o ABSOLUTE
    ../clib/angel/sysapp.c                   0x00000000   Number         0  sys_wrch.o ABSOLUTE
    ../clib/armsys.c                         0x00000000   Number         0  argv_veneer.o ABSOLUTE
    ../clib/armsys.c                         0x00000000   Number         0  argv_veneer.o ABSOLUTE
    ../clib/armsys.c                         0x00000000   Number         0  no_argv.o ABSOLUTE
    ../clib/armsys.c                         0x00000000   Number         0  _get_argv_nomalloc.o ABSOLUTE
    ../clib/heapalloc.c                      0x00000000   Number         0  hrguard.o ABSOLUTE
    ../clib/heapaux.c                        0x00000000   Number         0  heapauxi.o ABSOLUTE
    ../clib/libinit.s                        0x00000000   Number         0  libinit2.o ABSOLUTE
    ../clib/libinit.s                        0x00000000   Number         0  libinit.o ABSOLUTE
    ../clib/libinit.s                        0x00000000   Number         0  libshutdown2.o ABSOLUTE
    ../clib/libinit.s                        0x00000000   Number         0  libshutdown.o ABSOLUTE
    ../clib/longlong.s                       0x00000000   Number         0  lludivv7m.o ABSOLUTE
    ../clib/memcpset.s                       0x00000000   Number         0  rt_memcpy_v6.o ABSOLUTE
    ../clib/memcpset.s                       0x00000000   Number         0  rt_memcpy_w.o ABSOLUTE
    ../clib/memcpset.s                       0x00000000   Number         0  rt_memclr.o ABSOLUTE
    ../clib/memcpset.s                       0x00000000   Number         0  rt_memclr_w.o ABSOLUTE
    ../clib/signal.c                         0x00000000   Number         0  defsig_rtmem_outer.o ABSOLUTE
    ../clib/signal.c                         0x00000000   Number         0  defsig_rtmem_inner.o ABSOLUTE
    ../clib/signal.c                         0x00000000   Number         0  defsig_abrt_inner.o ABSOLUTE
    ../clib/signal.c                         0x00000000   Number         0  defsig_exit.o ABSOLUTE
    ../clib/signal.c                         0x00000000   Number         0  defsig_fpe_outer.o ABSOLUTE
    ../clib/signal.c                         0x00000000   Number         0  __raise.o ABSOLUTE
    ../clib/signal.c                         0x00000000   Number         0  defsig_general.o ABSOLUTE
    ../clib/signal.c                         0x00000000   Number         0  defsig_cppl_inner.o ABSOLUTE
    ../clib/signal.c                         0x00000000   Number         0  defsig_pvfn_inner.o ABSOLUTE
    ../clib/signal.c                         0x00000000   Number         0  defsig_fpe_inner.o ABSOLUTE
    ../clib/signal.c                         0x00000000   Number         0  defsig_other.o ABSOLUTE
    ../clib/signal.c                         0x00000000   Number         0  defsig_fpe_formal.o ABSOLUTE
    ../clib/signal.c                         0x00000000   Number         0  defsig_segv_inner.o ABSOLUTE
    ../clib/signal.c                         0x00000000   Number         0  defsig_stak_inner.o ABSOLUTE
    ../clib/signal.c                         0x00000000   Number         0  defsig_rtmem_formal.o ABSOLUTE
    ../clib/signal.c                         0x00000000   Number         0  defsig_rtred_inner.o ABSOLUTE
    ../clib/signal.s                         0x00000000   Number         0  defsig.o ABSOLUTE
    ../clib/stdlib.c                         0x00000000   Number         0  exit.o ABSOLUTE
    ../clib/string.c                         0x00000000   Number         0  memcmp.o ABSOLUTE
    ../fplib/fpinit.s                        0x00000000   Number         0  fpinit.o ABSOLUTE
    Code\Controller\main.c                   0x00000000   Number         0  main.o ABSOLUTE
    Code\Driver\Helper\AUartAdapter.c        0x00000000   Number         0  auartadapter.o ABSOLUTE
    Code\Driver\Helper\CanAdapter.c          0x00000000   Number         0  canadapter.o ABSOLUTE
    Code\Driver\Helper\DRamAdapter.c         0x00000000   Number         0  dramadapter.o ABSOLUTE
    Code\Driver\Helper\DelayAdapter.c        0x00000000   Number         0  delayadapter.o ABSOLUTE
    Code\Driver\Helper\ExtiAdapter.c         0x00000000   Number         0  extiadapter.o ABSOLUTE
    Code\Driver\Helper\FmcAdapter.c          0x00000000   Number         0  fmcadapter.o ABSOLUTE
    Code\Driver\Helper\LedAdapter.c          0x00000000   Number         0  ledadapter.o ABSOLUTE
    Code\Driver\Helper\SPIAdapter.c          0x00000000   Number         0  spiadapter.o ABSOLUTE
    Code\Driver\Helper\TimAdapter.c          0x00000000   Number         0  timadapter.o ABSOLUTE
    Code\Driver\Helper\UartAdapter.c         0x00000000   Number         0  uartadapter.o ABSOLUTE
    Code\Driver\Helper\UdpAdapter.c          0x00000000   Number         0  udpadapter.o ABSOLUTE
    Code\Driver\Official\STM32F4xx_StdPeriph_Driver_V1.8.0\src\misc.c 0x00000000   Number         0  misc.o ABSOLUTE
    Code\Driver\Official\STM32F4xx_StdPeriph_Driver_V1.8.0\src\stm32f4xx_can.c 0x00000000   Number         0  stm32f4xx_can.o ABSOLUTE
    Code\Driver\Official\STM32F4xx_StdPeriph_Driver_V1.8.0\src\stm32f4xx_dma.c 0x00000000   Number         0  stm32f4xx_dma.o ABSOLUTE
    Code\Driver\Official\STM32F4xx_StdPeriph_Driver_V1.8.0\src\stm32f4xx_exti.c 0x00000000   Number         0  stm32f4xx_exti.o ABSOLUTE
    Code\Driver\Official\STM32F4xx_StdPeriph_Driver_V1.8.0\src\stm32f4xx_flash.c 0x00000000   Number         0  stm32f4xx_flash.o ABSOLUTE
    Code\Driver\Official\STM32F4xx_StdPeriph_Driver_V1.8.0\src\stm32f4xx_fmc.c 0x00000000   Number         0  stm32f4xx_fmc.o ABSOLUTE
    Code\Driver\Official\STM32F4xx_StdPeriph_Driver_V1.8.0\src\stm32f4xx_gpio.c 0x00000000   Number         0  stm32f4xx_gpio.o ABSOLUTE
    Code\Driver\Official\STM32F4xx_StdPeriph_Driver_V1.8.0\src\stm32f4xx_rcc.c 0x00000000   Number         0  stm32f4xx_rcc.o ABSOLUTE
    Code\Driver\Official\STM32F4xx_StdPeriph_Driver_V1.8.0\src\stm32f4xx_rtc.c 0x00000000   Number         0  stm32f4xx_rtc.o ABSOLUTE
    Code\Driver\Official\STM32F4xx_StdPeriph_Driver_V1.8.0\src\stm32f4xx_spi.c 0x00000000   Number         0  stm32f4xx_spi.o ABSOLUTE
    Code\Driver\Official\STM32F4xx_StdPeriph_Driver_V1.8.0\src\stm32f4xx_syscfg.c 0x00000000   Number         0  stm32f4xx_syscfg.o ABSOLUTE
    Code\Driver\Official\STM32F4xx_StdPeriph_Driver_V1.8.0\src\stm32f4xx_tim.c 0x00000000   Number         0  stm32f4xx_tim.o ABSOLUTE
    Code\Driver\Official\STM32F4xx_StdPeriph_Driver_V1.8.0\src\stm32f4xx_usart.c 0x00000000   Number         0  stm32f4xx_usart.o ABSOLUTE
    Code\Driver\Official\W5500\w5500.c       0x00000000   Number         0  w5500.o ABSOLUTE
    Code\Driver\Official\W5500\wizchip_conf.c 0x00000000   Number         0  wizchip_conf.o ABSOLUTE
    Code\Driver\System\startup_stm32f429_439xx.s 0x00000000   Number         0  startup_stm32f429_439xx.o ABSOLUTE
    Code\Driver\System\system_stm32f4xx.c    0x00000000   Number         0  system_stm32f4xx.o ABSOLUTE
    Code\\Controller\\main.c                 0x00000000   Number         0  main.o ABSOLUTE
    Code\\Driver\\Helper\\AUartAdapter.c     0x00000000   Number         0  auartadapter.o ABSOLUTE
    Code\\Driver\\Helper\\CanAdapter.c       0x00000000   Number         0  canadapter.o ABSOLUTE
    Code\\Driver\\Helper\\DRamAdapter.c      0x00000000   Number         0  dramadapter.o ABSOLUTE
    Code\\Driver\\Helper\\DelayAdapter.c     0x00000000   Number         0  delayadapter.o ABSOLUTE
    Code\\Driver\\Helper\\ExtiAdapter.c      0x00000000   Number         0  extiadapter.o ABSOLUTE
    Code\\Driver\\Helper\\FmcAdapter.c       0x00000000   Number         0  fmcadapter.o ABSOLUTE
    Code\\Driver\\Helper\\LedAdapter.c       0x00000000   Number         0  ledadapter.o ABSOLUTE
    Code\\Driver\\Helper\\SPIAdapter.c       0x00000000   Number         0  spiadapter.o ABSOLUTE
    Code\\Driver\\Helper\\TimAdapter.c       0x00000000   Number         0  timadapter.o ABSOLUTE
    Code\\Driver\\Helper\\UartAdapter.c      0x00000000   Number         0  uartadapter.o ABSOLUTE
    Code\\Driver\\Helper\\UdpAdapter.c       0x00000000   Number         0  udpadapter.o ABSOLUTE
    Code\\Driver\\Official\\STM32F4xx_StdPeriph_Driver_V1.8.0\\src\\misc.c 0x00000000   Number         0  misc.o ABSOLUTE
    Code\\Driver\\Official\\STM32F4xx_StdPeriph_Driver_V1.8.0\\src\\stm32f4xx_can.c 0x00000000   Number         0  stm32f4xx_can.o ABSOLUTE
    Code\\Driver\\Official\\STM32F4xx_StdPeriph_Driver_V1.8.0\\src\\stm32f4xx_dma.c 0x00000000   Number         0  stm32f4xx_dma.o ABSOLUTE
    Code\\Driver\\Official\\STM32F4xx_StdPeriph_Driver_V1.8.0\\src\\stm32f4xx_exti.c 0x00000000   Number         0  stm32f4xx_exti.o ABSOLUTE
    Code\\Driver\\Official\\STM32F4xx_StdPeriph_Driver_V1.8.0\\src\\stm32f4xx_flash.c 0x00000000   Number         0  stm32f4xx_flash.o ABSOLUTE
    Code\\Driver\\Official\\STM32F4xx_StdPeriph_Driver_V1.8.0\\src\\stm32f4xx_fmc.c 0x00000000   Number         0  stm32f4xx_fmc.o ABSOLUTE
    Code\\Driver\\Official\\STM32F4xx_StdPeriph_Driver_V1.8.0\\src\\stm32f4xx_gpio.c 0x00000000   Number         0  stm32f4xx_gpio.o ABSOLUTE
    Code\\Driver\\Official\\STM32F4xx_StdPeriph_Driver_V1.8.0\\src\\stm32f4xx_rcc.c 0x00000000   Number         0  stm32f4xx_rcc.o ABSOLUTE
    Code\\Driver\\Official\\STM32F4xx_StdPeriph_Driver_V1.8.0\\src\\stm32f4xx_rtc.c 0x00000000   Number         0  stm32f4xx_rtc.o ABSOLUTE
    Code\\Driver\\Official\\STM32F4xx_StdPeriph_Driver_V1.8.0\\src\\stm32f4xx_spi.c 0x00000000   Number         0  stm32f4xx_spi.o ABSOLUTE
    Code\\Driver\\Official\\STM32F4xx_StdPeriph_Driver_V1.8.0\\src\\stm32f4xx_syscfg.c 0x00000000   Number         0  stm32f4xx_syscfg.o ABSOLUTE
    Code\\Driver\\Official\\STM32F4xx_StdPeriph_Driver_V1.8.0\\src\\stm32f4xx_tim.c 0x00000000   Number         0  stm32f4xx_tim.o ABSOLUTE
    Code\\Driver\\Official\\STM32F4xx_StdPeriph_Driver_V1.8.0\\src\\stm32f4xx_usart.c 0x00000000   Number         0  stm32f4xx_usart.o ABSOLUTE
    Code\\Driver\\System\\system_stm32f4xx.c 0x00000000   Number         0  system_stm32f4xx.o ABSOLUTE
    dc.s                                     0x00000000   Number         0  dc.o ABSOLUTE
    RESET                                    0x08000000   Section      428  startup_stm32f429_439xx.o(RESET)
    !!!main                                  0x080001ac   Section        8  __main.o(!!!main)
    !!!scatter                               0x080001b4   Section       52  __scatter.o(!!!scatter)
    !!handler_copy                           0x080001e8   Section       26  __scatter_copy.o(!!handler_copy)
    !!handler_zi                             0x08000204   Section       28  __scatter_zi.o(!!handler_zi)
    .ARM.Collect$$libinit$$00000000          0x08000220   Section        2  libinit.o(.ARM.Collect$$libinit$$00000000)
    .ARM.Collect$$libinit$$00000001          0x08000222   Section        4  libinit2.o(.ARM.Collect$$libinit$$00000001)
    .ARM.Collect$$libinit$$00000004          0x08000226   Section        0  libinit2.o(.ARM.Collect$$libinit$$00000004)
    .ARM.Collect$$libinit$$0000000A          0x08000226   Section        0  libinit2.o(.ARM.Collect$$libinit$$0000000A)
    .ARM.Collect$$libinit$$0000000C          0x08000226   Section        0  libinit2.o(.ARM.Collect$$libinit$$0000000C)
    .ARM.Collect$$libinit$$0000000E          0x08000226   Section        0  libinit2.o(.ARM.Collect$$libinit$$0000000E)
    .ARM.Collect$$libinit$$00000011          0x08000226   Section        0  libinit2.o(.ARM.Collect$$libinit$$00000011)
    .ARM.Collect$$libinit$$00000013          0x08000226   Section        0  libinit2.o(.ARM.Collect$$libinit$$00000013)
    .ARM.Collect$$libinit$$00000015          0x08000226   Section        0  libinit2.o(.ARM.Collect$$libinit$$00000015)
    .ARM.Collect$$libinit$$00000017          0x08000226   Section        0  libinit2.o(.ARM.Collect$$libinit$$00000017)
    .ARM.Collect$$libinit$$00000019          0x08000226   Section        0  libinit2.o(.ARM.Collect$$libinit$$00000019)
    .ARM.Collect$$libinit$$0000001B          0x08000226   Section        0  libinit2.o(.ARM.Collect$$libinit$$0000001B)
    .ARM.Collect$$libinit$$0000001D          0x08000226   Section        0  libinit2.o(.ARM.Collect$$libinit$$0000001D)
    .ARM.Collect$$libinit$$0000001F          0x08000226   Section        0  libinit2.o(.ARM.Collect$$libinit$$0000001F)
    .ARM.Collect$$libinit$$00000021          0x08000226   Section        0  libinit2.o(.ARM.Collect$$libinit$$00000021)
    .ARM.Collect$$libinit$$00000023          0x08000226   Section        0  libinit2.o(.ARM.Collect$$libinit$$00000023)
    .ARM.Collect$$libinit$$00000025          0x08000226   Section        0  libinit2.o(.ARM.Collect$$libinit$$00000025)
    .ARM.Collect$$libinit$$0000002C          0x08000226   Section        0  libinit2.o(.ARM.Collect$$libinit$$0000002C)
    .ARM.Collect$$libinit$$0000002E          0x08000226   Section        0  libinit2.o(.ARM.Collect$$libinit$$0000002E)
    .ARM.Collect$$libinit$$00000030          0x08000226   Section        0  libinit2.o(.ARM.Collect$$libinit$$00000030)
    .ARM.Collect$$libinit$$00000032          0x08000226   Section        0  libinit2.o(.ARM.Collect$$libinit$$00000032)
    .ARM.Collect$$libinit$$00000033          0x08000226   Section        2  libinit2.o(.ARM.Collect$$libinit$$00000033)
    .ARM.Collect$$libshutdown$$00000000      0x08000228   Section        2  libshutdown.o(.ARM.Collect$$libshutdown$$00000000)
    .ARM.Collect$$libshutdown$$00000002      0x0800022a   Section        0  libshutdown2.o(.ARM.Collect$$libshutdown$$00000002)
    .ARM.Collect$$libshutdown$$00000004      0x0800022a   Section        0  libshutdown2.o(.ARM.Collect$$libshutdown$$00000004)
    .ARM.Collect$$libshutdown$$00000007      0x0800022a   Section        0  libshutdown2.o(.ARM.Collect$$libshutdown$$00000007)
    .ARM.Collect$$libshutdown$$0000000A      0x0800022a   Section        0  libshutdown2.o(.ARM.Collect$$libshutdown$$0000000A)
    .ARM.Collect$$libshutdown$$0000000C      0x0800022a   Section        0  libshutdown2.o(.ARM.Collect$$libshutdown$$0000000C)
    .ARM.Collect$$libshutdown$$0000000F      0x0800022a   Section        0  libshutdown2.o(.ARM.Collect$$libshutdown$$0000000F)
    .ARM.Collect$$libshutdown$$00000010      0x0800022a   Section        2  libshutdown2.o(.ARM.Collect$$libshutdown$$00000010)
    .ARM.Collect$$rtentry$$00000000          0x0800022c   Section        0  __rtentry.o(.ARM.Collect$$rtentry$$00000000)
    .ARM.Collect$$rtentry$$00000002          0x0800022c   Section        0  __rtentry2.o(.ARM.Collect$$rtentry$$00000002)
    .ARM.Collect$$rtentry$$00000004          0x0800022c   Section        6  __rtentry4.o(.ARM.Collect$$rtentry$$00000004)
    .ARM.Collect$$rtentry$$00000009          0x08000232   Section        0  __rtentry2.o(.ARM.Collect$$rtentry$$00000009)
    .ARM.Collect$$rtentry$$0000000A          0x08000232   Section        4  __rtentry2.o(.ARM.Collect$$rtentry$$0000000A)
    .ARM.Collect$$rtentry$$0000000C          0x08000236   Section        0  __rtentry2.o(.ARM.Collect$$rtentry$$0000000C)
    .ARM.Collect$$rtentry$$0000000D          0x08000236   Section        8  __rtentry2.o(.ARM.Collect$$rtentry$$0000000D)
    .ARM.Collect$$rtexit$$00000000           0x0800023e   Section        2  rtexit.o(.ARM.Collect$$rtexit$$00000000)
    .ARM.Collect$$rtexit$$00000002           0x08000240   Section        0  rtexit2.o(.ARM.Collect$$rtexit$$00000002)
    .ARM.Collect$$rtexit$$00000003           0x08000240   Section        4  rtexit2.o(.ARM.Collect$$rtexit$$00000003)
    .ARM.Collect$$rtexit$$00000004           0x08000244   Section        6  rtexit2.o(.ARM.Collect$$rtexit$$00000004)
    .text                                    0x0800024c   Section       64  startup_stm32f429_439xx.o(.text)
    $v0                                      0x0800024c   Number         0  startup_stm32f429_439xx.o(.text)
    .text                                    0x0800028c   Section      138  rt_memcpy_v6.o(.text)
    .text                                    0x08000316   Section      100  rt_memcpy_w.o(.text)
    .text                                    0x0800037a   Section       68  rt_memclr.o(.text)
    .text                                    0x080003be   Section        0  heapauxi.o(.text)
    .text                                    0x080003c4   Section       78  rt_memclr_w.o(.text)
    .text                                    0x08000412   Section       74  sys_stackheap_outer.o(.text)
    .text                                    0x0800045c   Section        0  exit.o(.text)
    .text                                    0x08000470   Section        8  libspace.o(.text)
    .text                                    0x08000478   Section        0  sys_exit.o(.text)
    .text                                    0x08000484   Section        2  use_no_semi.o(.text)
    .text                                    0x08000486   Section        0  indicate_semi.o(.text)
    i.CAN1_RX0_IRQHandler                    0x08000488   Section        0  canadapter.o(i.CAN1_RX0_IRQHandler)
    i.CAN2_RX0_IRQHandler                    0x080004d8   Section        0  canadapter.o(i.CAN2_RX0_IRQHandler)
    i.CAN_GetFlagStatus                      0x08000528   Section        0  stm32f4xx_can.o(i.CAN_GetFlagStatus)
    i.CAN_Receive                            0x080005a0   Section        0  stm32f4xx_can.o(i.CAN_Receive)
    i.Can_FormatData                         0x08000690   Section        0  canadapter.o(i.Can_FormatData)
    i.DMA2_Stream7_IRQHandler                0x080006dc   Section        0  auartadapter.o(i.DMA2_Stream7_IRQHandler)
    i.DMA_ClearFlag                          0x08000774   Section        0  stm32f4xx_dma.o(i.DMA_ClearFlag)
    i.DMA_Cmd                                0x080007a8   Section        0  stm32f4xx_dma.o(i.DMA_Cmd)
    i.DMA_DeInit                             0x080007c0   Section        0  stm32f4xx_dma.o(i.DMA_DeInit)
    i.DMA_GetCurrDataCounter                 0x08000918   Section        0  stm32f4xx_dma.o(i.DMA_GetCurrDataCounter)
    i.DMA_GetITStatus                        0x08000920   Section        0  stm32f4xx_dma.o(i.DMA_GetITStatus)
    i.DMA_ITConfig                           0x08000984   Section        0  stm32f4xx_dma.o(i.DMA_ITConfig)
    i.DMA_Init                               0x080009c0   Section        0  stm32f4xx_dma.o(i.DMA_Init)
    i.DMA_SetCurrDataCounter                 0x08000a18   Section        0  stm32f4xx_dma.o(i.DMA_SetCurrDataCounter)
    i.Delay_Init                             0x08000a1c   Section        0  delayadapter.o(i.Delay_Init)
    i.EXTI2_IRQHandler                       0x08000a48   Section        0  extiadapter.o(i.EXTI2_IRQHandler)
    i.EXTI_ClearITPendingBit                 0x08000a6c   Section        0  stm32f4xx_exti.o(i.EXTI_ClearITPendingBit)
    i.EXTI_GetITStatus                       0x08000a78   Section        0  stm32f4xx_exti.o(i.EXTI_GetITStatus)
    i.EXTI_Init                              0x08000a90   Section        0  stm32f4xx_exti.o(i.EXTI_Init)
    i.Exti_Init                              0x08000b24   Section        0  extiadapter.o(i.Exti_Init)
    i.FMC_GPIOConfig                         0x08000bb0   Section        0  fmcadapter.o(i.FMC_GPIOConfig)
    i.FMC_Init                               0x08000d84   Section        0  fmcadapter.o(i.FMC_Init)
    i.FMC_NORSRAMCmd                         0x08000e0c   Section        0  stm32f4xx_fmc.o(i.FMC_NORSRAMCmd)
    i.FMC_NORSRAMInit                        0x08000e40   Section        0  stm32f4xx_fmc.o(i.FMC_NORSRAMInit)
    i.FMC_ReadWord                           0x08000f90   Section        0  fmcadapter.o(i.FMC_ReadWord)
    i.FMC_WriteWord                          0x08000faa   Section        0  fmcadapter.o(i.FMC_WriteWord)
    i.FUART_RecvData                         0x08000fc2   Section        0  auartadapter.o(i.FUART_RecvData)
    i.FUART_RxInit                           0x08000fda   Section        0  auartadapter.o(i.FUART_RxInit)
    i.FUART_SendData                         0x08000ff6   Section        0  auartadapter.o(i.FUART_SendData)
    i.FUART_TxInit                           0x0800100a   Section        0  auartadapter.o(i.FUART_TxInit)
    i.GPIO_Init                              0x08001026   Section        0  stm32f4xx_gpio.o(i.GPIO_Init)
    i.GPIO_PinAFConfig                       0x080010b6   Section        0  stm32f4xx_gpio.o(i.GPIO_PinAFConfig)
    i.GPIO_WriteBit                          0x080010fc   Section        0  stm32f4xx_gpio.o(i.GPIO_WriteBit)
    i.GetBaudrate                            0x08001108   Section        0  auartadapter.o(i.GetBaudrate)
    i.GetParityBits                          0x0800117c   Section        0  auartadapter.o(i.GetParityBits)
    i.GetStopBits                            0x080011a2   Section        0  auartadapter.o(i.GetStopBits)
    i.ISR_Main_Int                           0x080011c0   Section        0  main.o(i.ISR_Main_Int)
    i.Led_Blink                              0x08001344   Section        0  ledadapter.o(i.Led_Blink)
    i.NVIC_Init                              0x0800136c   Section        0  misc.o(i.NVIC_Init)
    i.NVIC_PriorityGroupConfig               0x080013e4   Section        0  misc.o(i.NVIC_PriorityGroupConfig)
    i.Peripheral_Init                        0x080013f8   Section        0  main.o(i.Peripheral_Init)
    i.RCC_AHB1PeriphClockCmd                 0x08001448   Section        0  stm32f4xx_rcc.o(i.RCC_AHB1PeriphClockCmd)
    i.RCC_AHB3PeriphClockCmd                 0x08001468   Section        0  stm32f4xx_rcc.o(i.RCC_AHB3PeriphClockCmd)
    i.RCC_APB2PeriphClockCmd                 0x08001488   Section        0  stm32f4xx_rcc.o(i.RCC_APB2PeriphClockCmd)
    i.RCC_GetClocksFreq                      0x080014a8   Section        0  stm32f4xx_rcc.o(i.RCC_GetClocksFreq)
    i.RS485_Ctrl                             0x08001590   Section        0  ledadapter.o(i.RS485_Ctrl)
    i.SYSCFG_EXTILineConfig                  0x080015a8   Section        0  stm32f4xx_syscfg.o(i.SYSCFG_EXTILineConfig)
    i.SetSysClock                            0x080015e8   Section        0  system_stm32f4xx.o(i.SetSysClock)
    SetSysClock                              0x080015e9   Thumb Code   272  system_stm32f4xx.o(i.SetSysClock)
    i.SysTick_CLKSourceConfig                0x08001708   Section        0  misc.o(i.SysTick_CLKSourceConfig)
    i.SystemInit                             0x08001730   Section        0  system_stm32f4xx.o(i.SystemInit)
    i.TIM2_IRQHandler                        0x08001798   Section        0  timadapter.o(i.TIM2_IRQHandler)
    i.TIM3_IRQHandler                        0x080017c8   Section        0  timadapter.o(i.TIM3_IRQHandler)
    i.TIM4_IRQHandler                        0x080017f8   Section        0  timadapter.o(i.TIM4_IRQHandler)
    i.TIM5_IRQHandler                        0x08001828   Section        0  timadapter.o(i.TIM5_IRQHandler)
    i.USART1_DMA_RecvData                    0x08001858   Section        0  auartadapter.o(i.USART1_DMA_RecvData)
    i.USART1_DMA_SendData                    0x08001888   Section        0  auartadapter.o(i.USART1_DMA_SendData)
    i.USART1_IRQHandler                      0x08001994   Section        0  auartadapter.o(i.USART1_IRQHandler)
    i.USART1_Init                            0x080019e0   Section        0  auartadapter.o(i.USART1_Init)
    i.USART1_RX_Finish_IRQ                   0x08001be8   Section        0  auartadapter.o(i.USART1_RX_Finish_IRQ)
    i.USART_Cmd                              0x08001c40   Section        0  stm32f4xx_usart.o(i.USART_Cmd)
    i.USART_DMACmd                           0x08001c58   Section        0  stm32f4xx_usart.o(i.USART_DMACmd)
    i.USART_GetITStatus                      0x08001c6a   Section        0  stm32f4xx_usart.o(i.USART_GetITStatus)
    i.USART_ITConfig                         0x08001cbe   Section        0  stm32f4xx_usart.o(i.USART_ITConfig)
    i.USART_Init                             0x08001d08   Section        0  stm32f4xx_usart.o(i.USART_Init)
    i.Uart_RecvMsg                           0x08001ddc   Section        0  uartadapter.o(i.Uart_RecvMsg)
    i.Uart_RxInit                            0x08001e38   Section        0  uartadapter.o(i.Uart_RxInit)
    i.Uart_SendMsg                           0x08001f24   Section        0  uartadapter.o(i.Uart_SendMsg)
    i.Uart_TxInit                            0x08001f64   Section        0  uartadapter.o(i.Uart_TxInit)
    i.main                                   0x0800203c   Section        0  main.o(i.main)
    x$fpl$fpinit                             0x08002064   Section       10  fpinit.o(x$fpl$fpinit)
    $v0                                      0x08002064   Number         0  fpinit.o(x$fpl$fpinit)
    .data                                    0x20000000   Section        1  delayadapter.o(.data)
    first                                    0x20000000   Data           1  delayadapter.o(.data)
    .data                                    0x20000001   Section        1  ledadapter.o(.data)
    bink_state_led1                          0x20000001   Data           1  ledadapter.o(.data)
    .data                                    0x20000004   Section       16  timadapter.o(.data)
    .data                                    0x20000014   Section        8  canadapter.o(.data)
    .data                                    0x2000001c   Section       16  stm32f4xx_rcc.o(.data)
    APBAHBPrescTable                         0x2000001c   Data          16  stm32f4xx_rcc.o(.data)
    .data                                    0x2000002c   Section       20  main.o(.data)
    .bss                                     0x20000040   Section       80  extiadapter.o(.bss)
    .bss                                     0x20000090   Section     1076  auartadapter.o(.bss)
    .bss                                     0x200004c4   Section      160  main.o(.bss)
    .bss                                     0x20000564   Section       96  libspace.o(.bss)
    HEAP                                     0x200005c8   Section      512  startup_stm32f429_439xx.o(HEAP)
    Heap_Mem                                 0x200005c8   Data         512  startup_stm32f429_439xx.o(HEAP)
    STACK                                    0x200007c8   Section     1024  startup_stm32f429_439xx.o(STACK)
    Stack_Mem                                0x200007c8   Data        1024  startup_stm32f429_439xx.o(STACK)
    __initial_sp                             0x20000bc8   Data           0  startup_stm32f429_439xx.o(STACK)

    Global Symbols

    Symbol Name                              Value     Ov Type        Size  Object(Section)

    BuildAttributes$$THM_ISAv4$E$P$D$K$B$S$7EM$VFPi3$EXTD16$VFPS$VFMA$PE$A:L22UL41UL21$X:L11$S22US41US21$IEEE1$IW$USESV6$~STKCKD$USESV7$~SHL$OSPACE$ROPI$EBA8$UX$STANDARDLIB$REQ8$PRES8$EABIv2 0x00000000   Number         0  anon$$obj.o ABSOLUTE
    __ARM_use_no_argv                        0x00000000   Number         0  main.o ABSOLUTE
    __ARM_exceptions_init                     - Undefined Weak Reference
    __alloca_initialize                       - Undefined Weak Reference
    __arm_preinit_                            - Undefined Weak Reference
    __cpp_initialize__aeabi_                  - Undefined Weak Reference
    __cxa_finalize                            - Undefined Weak Reference
    __rt_locale                               - Undefined Weak Reference
    __sigvec_lookup                           - Undefined Weak Reference
    _atexit_init                              - Undefined Weak Reference
    _call_atexit_fns                          - Undefined Weak Reference
    _clock_init                               - Undefined Weak Reference
    _fp_trap_init                             - Undefined Weak Reference
    _fp_trap_shutdown                         - Undefined Weak Reference
    _get_lc_collate                           - Undefined Weak Reference
    _get_lc_ctype                             - Undefined Weak Reference
    _get_lc_monetary                          - Undefined Weak Reference
    _get_lc_numeric                           - Undefined Weak Reference
    _get_lc_time                              - Undefined Weak Reference
    _getenv_init                              - Undefined Weak Reference
    _handle_redirection                       - Undefined Weak Reference
    _init_alloc                               - Undefined Weak Reference
    _init_user_alloc                          - Undefined Weak Reference
    _initio                                   - Undefined Weak Reference
    _rand_init                                - Undefined Weak Reference
    _signal_finish                            - Undefined Weak Reference
    _signal_init                              - Undefined Weak Reference
    _terminate_alloc                          - Undefined Weak Reference
    _terminate_user_alloc                     - Undefined Weak Reference
    _terminateio                              - Undefined Weak Reference
    __Vectors_Size                           0x000001ac   Number         0  startup_stm32f429_439xx.o ABSOLUTE
    __Vectors                                0x08000000   Data           4  startup_stm32f429_439xx.o(RESET)
    __Vectors_End                            0x080001ac   Data           0  startup_stm32f429_439xx.o(RESET)
    __main                                   0x080001ad   Thumb Code     8  __main.o(!!!main)
    __scatterload                            0x080001b5   Thumb Code     0  __scatter.o(!!!scatter)
    __scatterload_rt2                        0x080001b5   Thumb Code    44  __scatter.o(!!!scatter)
    __scatterload_rt2_thumb_only             0x080001b5   Thumb Code     0  __scatter.o(!!!scatter)
    __scatterload_null                       0x080001c3   Thumb Code     0  __scatter.o(!!!scatter)
    __scatterload_copy                       0x080001e9   Thumb Code    26  __scatter_copy.o(!!handler_copy)
    __scatterload_zeroinit                   0x08000205   Thumb Code    28  __scatter_zi.o(!!handler_zi)
    __rt_lib_init                            0x08000221   Thumb Code     0  libinit.o(.ARM.Collect$$libinit$$00000000)
    __rt_lib_init_fp_1                       0x08000223   Thumb Code     0  libinit2.o(.ARM.Collect$$libinit$$00000001)
    __rt_lib_init_alloca_1                   0x08000227   Thumb Code     0  libinit2.o(.ARM.Collect$$libinit$$0000002E)
    __rt_lib_init_argv_1                     0x08000227   Thumb Code     0  libinit2.o(.ARM.Collect$$libinit$$0000002C)
    __rt_lib_init_atexit_1                   0x08000227   Thumb Code     0  libinit2.o(.ARM.Collect$$libinit$$0000001B)
    __rt_lib_init_clock_1                    0x08000227   Thumb Code     0  libinit2.o(.ARM.Collect$$libinit$$00000021)
    __rt_lib_init_cpp_1                      0x08000227   Thumb Code     0  libinit2.o(.ARM.Collect$$libinit$$00000032)
    __rt_lib_init_exceptions_1               0x08000227   Thumb Code     0  libinit2.o(.ARM.Collect$$libinit$$00000030)
    __rt_lib_init_fp_trap_1                  0x08000227   Thumb Code     0  libinit2.o(.ARM.Collect$$libinit$$0000001F)
    __rt_lib_init_getenv_1                   0x08000227   Thumb Code     0  libinit2.o(.ARM.Collect$$libinit$$00000023)
    __rt_lib_init_heap_1                     0x08000227   Thumb Code     0  libinit2.o(.ARM.Collect$$libinit$$0000000A)
    __rt_lib_init_lc_collate_1               0x08000227   Thumb Code     0  libinit2.o(.ARM.Collect$$libinit$$00000011)
    __rt_lib_init_lc_ctype_1                 0x08000227   Thumb Code     0  libinit2.o(.ARM.Collect$$libinit$$00000013)
    __rt_lib_init_lc_monetary_1              0x08000227   Thumb Code     0  libinit2.o(.ARM.Collect$$libinit$$00000015)
    __rt_lib_init_lc_numeric_1               0x08000227   Thumb Code     0  libinit2.o(.ARM.Collect$$libinit$$00000017)
    __rt_lib_init_lc_time_1                  0x08000227   Thumb Code     0  libinit2.o(.ARM.Collect$$libinit$$00000019)
    __rt_lib_init_preinit_1                  0x08000227   Thumb Code     0  libinit2.o(.ARM.Collect$$libinit$$00000004)
    __rt_lib_init_rand_1                     0x08000227   Thumb Code     0  libinit2.o(.ARM.Collect$$libinit$$0000000E)
    __rt_lib_init_return                     0x08000227   Thumb Code     0  libinit2.o(.ARM.Collect$$libinit$$00000033)
    __rt_lib_init_signal_1                   0x08000227   Thumb Code     0  libinit2.o(.ARM.Collect$$libinit$$0000001D)
    __rt_lib_init_stdio_1                    0x08000227   Thumb Code     0  libinit2.o(.ARM.Collect$$libinit$$00000025)
    __rt_lib_init_user_alloc_1               0x08000227   Thumb Code     0  libinit2.o(.ARM.Collect$$libinit$$0000000C)
    __rt_lib_shutdown                        0x08000229   Thumb Code     0  libshutdown.o(.ARM.Collect$$libshutdown$$00000000)
    __rt_lib_shutdown_cpp_1                  0x0800022b   Thumb Code     0  libshutdown2.o(.ARM.Collect$$libshutdown$$00000002)
    __rt_lib_shutdown_fp_trap_1              0x0800022b   Thumb Code     0  libshutdown2.o(.ARM.Collect$$libshutdown$$00000007)
    __rt_lib_shutdown_heap_1                 0x0800022b   Thumb Code     0  libshutdown2.o(.ARM.Collect$$libshutdown$$0000000F)
    __rt_lib_shutdown_return                 0x0800022b   Thumb Code     0  libshutdown2.o(.ARM.Collect$$libshutdown$$00000010)
    __rt_lib_shutdown_signal_1               0x0800022b   Thumb Code     0  libshutdown2.o(.ARM.Collect$$libshutdown$$0000000A)
    __rt_lib_shutdown_stdio_1                0x0800022b   Thumb Code     0  libshutdown2.o(.ARM.Collect$$libshutdown$$00000004)
    __rt_lib_shutdown_user_alloc_1           0x0800022b   Thumb Code     0  libshutdown2.o(.ARM.Collect$$libshutdown$$0000000C)
    __rt_entry                               0x0800022d   Thumb Code     0  __rtentry.o(.ARM.Collect$$rtentry$$00000000)
    __rt_entry_presh_1                       0x0800022d   Thumb Code     0  __rtentry2.o(.ARM.Collect$$rtentry$$00000002)
    __rt_entry_sh                            0x0800022d   Thumb Code     0  __rtentry4.o(.ARM.Collect$$rtentry$$00000004)
    __rt_entry_li                            0x08000233   Thumb Code     0  __rtentry2.o(.ARM.Collect$$rtentry$$0000000A)
    __rt_entry_postsh_1                      0x08000233   Thumb Code     0  __rtentry2.o(.ARM.Collect$$rtentry$$00000009)
    __rt_entry_main                          0x08000237   Thumb Code     0  __rtentry2.o(.ARM.Collect$$rtentry$$0000000D)
    __rt_entry_postli_1                      0x08000237   Thumb Code     0  __rtentry2.o(.ARM.Collect$$rtentry$$0000000C)
    __rt_exit                                0x0800023f   Thumb Code     0  rtexit.o(.ARM.Collect$$rtexit$$00000000)
    __rt_exit_ls                             0x08000241   Thumb Code     0  rtexit2.o(.ARM.Collect$$rtexit$$00000003)
    __rt_exit_prels_1                        0x08000241   Thumb Code     0  rtexit2.o(.ARM.Collect$$rtexit$$00000002)
    __rt_exit_exit                           0x08000245   Thumb Code     0  rtexit2.o(.ARM.Collect$$rtexit$$00000004)
    Reset_Handler                            0x0800024d   Thumb Code     8  startup_stm32f429_439xx.o(.text)
    NMI_Handler                              0x08000255   Thumb Code     2  startup_stm32f429_439xx.o(.text)
    HardFault_Handler                        0x08000257   Thumb Code     2  startup_stm32f429_439xx.o(.text)
    MemManage_Handler                        0x08000259   Thumb Code     2  startup_stm32f429_439xx.o(.text)
    BusFault_Handler                         0x0800025b   Thumb Code     2  startup_stm32f429_439xx.o(.text)
    UsageFault_Handler                       0x0800025d   Thumb Code     2  startup_stm32f429_439xx.o(.text)
    SVC_Handler                              0x0800025f   Thumb Code     2  startup_stm32f429_439xx.o(.text)
    DebugMon_Handler                         0x08000261   Thumb Code     2  startup_stm32f429_439xx.o(.text)
    PendSV_Handler                           0x08000263   Thumb Code     2  startup_stm32f429_439xx.o(.text)
    SysTick_Handler                          0x08000265   Thumb Code     2  startup_stm32f429_439xx.o(.text)
    ADC_IRQHandler                           0x08000267   Thumb Code     0  startup_stm32f429_439xx.o(.text)
    CAN1_RX1_IRQHandler                      0x08000267   Thumb Code     0  startup_stm32f429_439xx.o(.text)
    CAN1_SCE_IRQHandler                      0x08000267   Thumb Code     0  startup_stm32f429_439xx.o(.text)
    CAN1_TX_IRQHandler                       0x08000267   Thumb Code     0  startup_stm32f429_439xx.o(.text)
    CAN2_RX1_IRQHandler                      0x08000267   Thumb Code     0  startup_stm32f429_439xx.o(.text)
    CAN2_SCE_IRQHandler                      0x08000267   Thumb Code     0  startup_stm32f429_439xx.o(.text)
    CAN2_TX_IRQHandler                       0x08000267   Thumb Code     0  startup_stm32f429_439xx.o(.text)
    CRYP_IRQHandler                          0x08000267   Thumb Code     0  startup_stm32f429_439xx.o(.text)
    DCMI_IRQHandler                          0x08000267   Thumb Code     0  startup_stm32f429_439xx.o(.text)
    DMA1_Stream0_IRQHandler                  0x08000267   Thumb Code     0  startup_stm32f429_439xx.o(.text)
    DMA1_Stream1_IRQHandler                  0x08000267   Thumb Code     0  startup_stm32f429_439xx.o(.text)
    DMA1_Stream2_IRQHandler                  0x08000267   Thumb Code     0  startup_stm32f429_439xx.o(.text)
    DMA1_Stream3_IRQHandler                  0x08000267   Thumb Code     0  startup_stm32f429_439xx.o(.text)
    DMA1_Stream4_IRQHandler                  0x08000267   Thumb Code     0  startup_stm32f429_439xx.o(.text)
    DMA1_Stream5_IRQHandler                  0x08000267   Thumb Code     0  startup_stm32f429_439xx.o(.text)
    DMA1_Stream6_IRQHandler                  0x08000267   Thumb Code     0  startup_stm32f429_439xx.o(.text)
    DMA1_Stream7_IRQHandler                  0x08000267   Thumb Code     0  startup_stm32f429_439xx.o(.text)
    DMA2D_IRQHandler                         0x08000267   Thumb Code     0  startup_stm32f429_439xx.o(.text)
    DMA2_Stream0_IRQHandler                  0x08000267   Thumb Code     0  startup_stm32f429_439xx.o(.text)
    DMA2_Stream1_IRQHandler                  0x08000267   Thumb Code     0  startup_stm32f429_439xx.o(.text)
    DMA2_Stream2_IRQHandler                  0x08000267   Thumb Code     0  startup_stm32f429_439xx.o(.text)
    DMA2_Stream3_IRQHandler                  0x08000267   Thumb Code     0  startup_stm32f429_439xx.o(.text)
    DMA2_Stream4_IRQHandler                  0x08000267   Thumb Code     0  startup_stm32f429_439xx.o(.text)
    DMA2_Stream5_IRQHandler                  0x08000267   Thumb Code     0  startup_stm32f429_439xx.o(.text)
    DMA2_Stream6_IRQHandler                  0x08000267   Thumb Code     0  startup_stm32f429_439xx.o(.text)
    ETH_IRQHandler                           0x08000267   Thumb Code     0  startup_stm32f429_439xx.o(.text)
    ETH_WKUP_IRQHandler                      0x08000267   Thumb Code     0  startup_stm32f429_439xx.o(.text)
    EXTI0_IRQHandler                         0x08000267   Thumb Code     0  startup_stm32f429_439xx.o(.text)
    EXTI15_10_IRQHandler                     0x08000267   Thumb Code     0  startup_stm32f429_439xx.o(.text)
    EXTI1_IRQHandler                         0x08000267   Thumb Code     0  startup_stm32f429_439xx.o(.text)
    EXTI3_IRQHandler                         0x08000267   Thumb Code     0  startup_stm32f429_439xx.o(.text)
    EXTI4_IRQHandler                         0x08000267   Thumb Code     0  startup_stm32f429_439xx.o(.text)
    EXTI9_5_IRQHandler                       0x08000267   Thumb Code     0  startup_stm32f429_439xx.o(.text)
    FLASH_IRQHandler                         0x08000267   Thumb Code     0  startup_stm32f429_439xx.o(.text)
    FMC_IRQHandler                           0x08000267   Thumb Code     0  startup_stm32f429_439xx.o(.text)
    FPU_IRQHandler                           0x08000267   Thumb Code     0  startup_stm32f429_439xx.o(.text)
    HASH_RNG_IRQHandler                      0x08000267   Thumb Code     0  startup_stm32f429_439xx.o(.text)
    I2C1_ER_IRQHandler                       0x08000267   Thumb Code     0  startup_stm32f429_439xx.o(.text)
    I2C1_EV_IRQHandler                       0x08000267   Thumb Code     0  startup_stm32f429_439xx.o(.text)
    I2C2_ER_IRQHandler                       0x08000267   Thumb Code     0  startup_stm32f429_439xx.o(.text)
    I2C2_EV_IRQHandler                       0x08000267   Thumb Code     0  startup_stm32f429_439xx.o(.text)
    I2C3_ER_IRQHandler                       0x08000267   Thumb Code     0  startup_stm32f429_439xx.o(.text)
    I2C3_EV_IRQHandler                       0x08000267   Thumb Code     0  startup_stm32f429_439xx.o(.text)
    LTDC_ER_IRQHandler                       0x08000267   Thumb Code     0  startup_stm32f429_439xx.o(.text)
    LTDC_IRQHandler                          0x08000267   Thumb Code     0  startup_stm32f429_439xx.o(.text)
    OTG_FS_IRQHandler                        0x08000267   Thumb Code     0  startup_stm32f429_439xx.o(.text)
    OTG_FS_WKUP_IRQHandler                   0x08000267   Thumb Code     0  startup_stm32f429_439xx.o(.text)
    OTG_HS_EP1_IN_IRQHandler                 0x08000267   Thumb Code     0  startup_stm32f429_439xx.o(.text)
    OTG_HS_EP1_OUT_IRQHandler                0x08000267   Thumb Code     0  startup_stm32f429_439xx.o(.text)
    OTG_HS_IRQHandler                        0x08000267   Thumb Code     0  startup_stm32f429_439xx.o(.text)
    OTG_HS_WKUP_IRQHandler                   0x08000267   Thumb Code     0  startup_stm32f429_439xx.o(.text)
    PVD_IRQHandler                           0x08000267   Thumb Code     0  startup_stm32f429_439xx.o(.text)
    RCC_IRQHandler                           0x08000267   Thumb Code     0  startup_stm32f429_439xx.o(.text)
    RTC_Alarm_IRQHandler                     0x08000267   Thumb Code     0  startup_stm32f429_439xx.o(.text)
    RTC_WKUP_IRQHandler                      0x08000267   Thumb Code     0  startup_stm32f429_439xx.o(.text)
    SAI1_IRQHandler                          0x08000267   Thumb Code     0  startup_stm32f429_439xx.o(.text)
    SDIO_IRQHandler                          0x08000267   Thumb Code     0  startup_stm32f429_439xx.o(.text)
    SPI1_IRQHandler                          0x08000267   Thumb Code     0  startup_stm32f429_439xx.o(.text)
    SPI2_IRQHandler                          0x08000267   Thumb Code     0  startup_stm32f429_439xx.o(.text)
    SPI3_IRQHandler                          0x08000267   Thumb Code     0  startup_stm32f429_439xx.o(.text)
    SPI4_IRQHandler                          0x08000267   Thumb Code     0  startup_stm32f429_439xx.o(.text)
    SPI5_IRQHandler                          0x08000267   Thumb Code     0  startup_stm32f429_439xx.o(.text)
    SPI6_IRQHandler                          0x08000267   Thumb Code     0  startup_stm32f429_439xx.o(.text)
    TAMP_STAMP_IRQHandler                    0x08000267   Thumb Code     0  startup_stm32f429_439xx.o(.text)
    TIM1_BRK_TIM9_IRQHandler                 0x08000267   Thumb Code     0  startup_stm32f429_439xx.o(.text)
    TIM1_CC_IRQHandler                       0x08000267   Thumb Code     0  startup_stm32f429_439xx.o(.text)
    TIM1_TRG_COM_TIM11_IRQHandler            0x08000267   Thumb Code     0  startup_stm32f429_439xx.o(.text)
    TIM1_UP_TIM10_IRQHandler                 0x08000267   Thumb Code     0  startup_stm32f429_439xx.o(.text)
    TIM6_DAC_IRQHandler                      0x08000267   Thumb Code     0  startup_stm32f429_439xx.o(.text)
    TIM7_IRQHandler                          0x08000267   Thumb Code     0  startup_stm32f429_439xx.o(.text)
    TIM8_BRK_TIM12_IRQHandler                0x08000267   Thumb Code     0  startup_stm32f429_439xx.o(.text)
    TIM8_CC_IRQHandler                       0x08000267   Thumb Code     0  startup_stm32f429_439xx.o(.text)
    TIM8_TRG_COM_TIM14_IRQHandler            0x08000267   Thumb Code     0  startup_stm32f429_439xx.o(.text)
    TIM8_UP_TIM13_IRQHandler                 0x08000267   Thumb Code     0  startup_stm32f429_439xx.o(.text)
    UART4_IRQHandler                         0x08000267   Thumb Code     0  startup_stm32f429_439xx.o(.text)
    UART5_IRQHandler                         0x08000267   Thumb Code     0  startup_stm32f429_439xx.o(.text)
    UART7_IRQHandler                         0x08000267   Thumb Code     0  startup_stm32f429_439xx.o(.text)
    UART8_IRQHandler                         0x08000267   Thumb Code     0  startup_stm32f429_439xx.o(.text)
    USART2_IRQHandler                        0x08000267   Thumb Code     0  startup_stm32f429_439xx.o(.text)
    USART3_IRQHandler                        0x08000267   Thumb Code     0  startup_stm32f429_439xx.o(.text)
    USART6_IRQHandler                        0x08000267   Thumb Code     0  startup_stm32f429_439xx.o(.text)
    WWDG_IRQHandler                          0x08000267   Thumb Code     0  startup_stm32f429_439xx.o(.text)
    __user_initial_stackheap                 0x08000269   Thumb Code     0  startup_stm32f429_439xx.o(.text)
    __aeabi_memcpy                           0x0800028d   Thumb Code     0  rt_memcpy_v6.o(.text)
    __rt_memcpy                              0x0800028d   Thumb Code   138  rt_memcpy_v6.o(.text)
    _memcpy_lastbytes                        0x080002f3   Thumb Code     0  rt_memcpy_v6.o(.text)
    __aeabi_memcpy4                          0x08000317   Thumb Code     0  rt_memcpy_w.o(.text)
    __aeabi_memcpy8                          0x08000317   Thumb Code     0  rt_memcpy_w.o(.text)
    __rt_memcpy_w                            0x08000317   Thumb Code   100  rt_memcpy_w.o(.text)
    _memcpy_lastbytes_aligned                0x0800035f   Thumb Code     0  rt_memcpy_w.o(.text)
    __aeabi_memclr                           0x0800037b   Thumb Code     0  rt_memclr.o(.text)
    __rt_memclr                              0x0800037b   Thumb Code    68  rt_memclr.o(.text)
    _memset                                  0x0800037f   Thumb Code     0  rt_memclr.o(.text)
    __use_two_region_memory                  0x080003bf   Thumb Code     2  heapauxi.o(.text)
    __rt_heap_escrow$2region                 0x080003c1   Thumb Code     2  heapauxi.o(.text)
    __rt_heap_expand$2region                 0x080003c3   Thumb Code     2  heapauxi.o(.text)
    __aeabi_memclr4                          0x080003c5   Thumb Code     0  rt_memclr_w.o(.text)
    __aeabi_memclr8                          0x080003c5   Thumb Code     0  rt_memclr_w.o(.text)
    __rt_memclr_w                            0x080003c5   Thumb Code    78  rt_memclr_w.o(.text)
    _memset_w                                0x080003c9   Thumb Code     0  rt_memclr_w.o(.text)
    __user_setup_stackheap                   0x08000413   Thumb Code    74  sys_stackheap_outer.o(.text)
    exit                                     0x0800045d   Thumb Code    18  exit.o(.text)
    __user_libspace                          0x08000471   Thumb Code     8  libspace.o(.text)
    __user_perproc_libspace                  0x08000471   Thumb Code     0  libspace.o(.text)
    __user_perthread_libspace                0x08000471   Thumb Code     0  libspace.o(.text)
    _sys_exit                                0x08000479   Thumb Code     8  sys_exit.o(.text)
    __I$use$semihosting                      0x08000485   Thumb Code     0  use_no_semi.o(.text)
    __use_no_semihosting_swi                 0x08000485   Thumb Code     2  use_no_semi.o(.text)
    __semihosting_library_function           0x08000487   Thumb Code     0  indicate_semi.o(.text)
    CAN1_RX0_IRQHandler                      0x08000489   Thumb Code    66  canadapter.o(i.CAN1_RX0_IRQHandler)
    CAN2_RX0_IRQHandler                      0x080004d9   Thumb Code    66  canadapter.o(i.CAN2_RX0_IRQHandler)
    CAN_GetFlagStatus                        0x08000529   Thumb Code   120  stm32f4xx_can.o(i.CAN_GetFlagStatus)
    CAN_Receive                              0x080005a1   Thumb Code   240  stm32f4xx_can.o(i.CAN_Receive)
    Can_FormatData                           0x08000691   Thumb Code    74  canadapter.o(i.Can_FormatData)
    DMA2_Stream7_IRQHandler                  0x080006dd   Thumb Code   132  auartadapter.o(i.DMA2_Stream7_IRQHandler)
    DMA_ClearFlag                            0x08000775   Thumb Code    38  stm32f4xx_dma.o(i.DMA_ClearFlag)
    DMA_Cmd                                  0x080007a9   Thumb Code    22  stm32f4xx_dma.o(i.DMA_Cmd)
    DMA_DeInit                               0x080007c1   Thumb Code   324  stm32f4xx_dma.o(i.DMA_DeInit)
    DMA_GetCurrDataCounter                   0x08000919   Thumb Code     8  stm32f4xx_dma.o(i.DMA_GetCurrDataCounter)
    DMA_GetITStatus                          0x08000921   Thumb Code    82  stm32f4xx_dma.o(i.DMA_GetITStatus)
    DMA_ITConfig                             0x08000985   Thumb Code    58  stm32f4xx_dma.o(i.DMA_ITConfig)
    DMA_Init                                 0x080009c1   Thumb Code    82  stm32f4xx_dma.o(i.DMA_Init)
    DMA_SetCurrDataCounter                   0x08000a19   Thumb Code     4  stm32f4xx_dma.o(i.DMA_SetCurrDataCounter)
    Delay_Init                               0x08000a1d   Thumb Code    38  delayadapter.o(i.Delay_Init)
    EXTI2_IRQHandler                         0x08000a49   Thumb Code    30  extiadapter.o(i.EXTI2_IRQHandler)
    EXTI_ClearITPendingBit                   0x08000a6d   Thumb Code     6  stm32f4xx_exti.o(i.EXTI_ClearITPendingBit)
    EXTI_GetITStatus                         0x08000a79   Thumb Code    20  stm32f4xx_exti.o(i.EXTI_GetITStatus)
    EXTI_Init                                0x08000a91   Thumb Code   142  stm32f4xx_exti.o(i.EXTI_Init)
    Exti_Init                                0x08000b25   Thumb Code   132  extiadapter.o(i.Exti_Init)
    FMC_GPIOConfig                           0x08000bb1   Thumb Code   452  fmcadapter.o(i.FMC_GPIOConfig)
    FMC_Init                                 0x08000d85   Thumb Code   134  fmcadapter.o(i.FMC_Init)
    FMC_NORSRAMCmd                           0x08000e0d   Thumb Code    46  stm32f4xx_fmc.o(i.FMC_NORSRAMCmd)
    FMC_NORSRAMInit                          0x08000e41   Thumb Code   328  stm32f4xx_fmc.o(i.FMC_NORSRAMInit)
    FMC_ReadWord                             0x08000f91   Thumb Code    26  fmcadapter.o(i.FMC_ReadWord)
    FMC_WriteWord                            0x08000fab   Thumb Code    24  fmcadapter.o(i.FMC_WriteWord)
    FUART_RecvData                           0x08000fc3   Thumb Code    24  auartadapter.o(i.FUART_RecvData)
    FUART_RxInit                             0x08000fdb   Thumb Code    28  auartadapter.o(i.FUART_RxInit)
    FUART_SendData                           0x08000ff7   Thumb Code    20  auartadapter.o(i.FUART_SendData)
    FUART_TxInit                             0x0800100b   Thumb Code    28  auartadapter.o(i.FUART_TxInit)
    GPIO_Init                                0x08001027   Thumb Code   144  stm32f4xx_gpio.o(i.GPIO_Init)
    GPIO_PinAFConfig                         0x080010b7   Thumb Code    70  stm32f4xx_gpio.o(i.GPIO_PinAFConfig)
    GPIO_WriteBit                            0x080010fd   Thumb Code    10  stm32f4xx_gpio.o(i.GPIO_WriteBit)
    GetBaudrate                              0x08001109   Thumb Code   108  auartadapter.o(i.GetBaudrate)
    GetParityBits                            0x0800117d   Thumb Code    38  auartadapter.o(i.GetParityBits)
    GetStopBits                              0x080011a3   Thumb Code    28  auartadapter.o(i.GetStopBits)
    ISR_Main_Int                             0x080011c1   Thumb Code   370  main.o(i.ISR_Main_Int)
    Led_Blink                                0x08001345   Thumb Code    32  ledadapter.o(i.Led_Blink)
    NVIC_Init                                0x0800136d   Thumb Code   106  misc.o(i.NVIC_Init)
    NVIC_PriorityGroupConfig                 0x080013e5   Thumb Code    10  misc.o(i.NVIC_PriorityGroupConfig)
    Peripheral_Init                          0x080013f9   Thumb Code    80  main.o(i.Peripheral_Init)
    RCC_AHB1PeriphClockCmd                   0x08001449   Thumb Code    26  stm32f4xx_rcc.o(i.RCC_AHB1PeriphClockCmd)
    RCC_AHB3PeriphClockCmd                   0x08001469   Thumb Code    26  stm32f4xx_rcc.o(i.RCC_AHB3PeriphClockCmd)
    RCC_APB2PeriphClockCmd                   0x08001489   Thumb Code    26  stm32f4xx_rcc.o(i.RCC_APB2PeriphClockCmd)
    RCC_GetClocksFreq                        0x080014a9   Thumb Code   214  stm32f4xx_rcc.o(i.RCC_GetClocksFreq)
    RS485_Ctrl                               0x08001591   Thumb Code    18  ledadapter.o(i.RS485_Ctrl)
    SYSCFG_EXTILineConfig                    0x080015a9   Thumb Code    60  stm32f4xx_syscfg.o(i.SYSCFG_EXTILineConfig)
    SysTick_CLKSourceConfig                  0x08001709   Thumb Code    40  misc.o(i.SysTick_CLKSourceConfig)
    SystemInit                               0x08001731   Thumb Code    88  system_stm32f4xx.o(i.SystemInit)
    TIM2_IRQHandler                          0x08001799   Thumb Code    44  timadapter.o(i.TIM2_IRQHandler)
    TIM3_IRQHandler                          0x080017c9   Thumb Code    38  timadapter.o(i.TIM3_IRQHandler)
    TIM4_IRQHandler                          0x080017f9   Thumb Code    38  timadapter.o(i.TIM4_IRQHandler)
    TIM5_IRQHandler                          0x08001829   Thumb Code    38  timadapter.o(i.TIM5_IRQHandler)
    USART1_DMA_RecvData                      0x08001859   Thumb Code    44  auartadapter.o(i.USART1_DMA_RecvData)
    USART1_DMA_SendData                      0x08001889   Thumb Code   254  auartadapter.o(i.USART1_DMA_SendData)
    USART1_IRQHandler                        0x08001995   Thumb Code    66  auartadapter.o(i.USART1_IRQHandler)
    USART1_Init                              0x080019e1   Thumb Code   504  auartadapter.o(i.USART1_Init)
    USART1_RX_Finish_IRQ                     0x08001be9   Thumb Code    74  auartadapter.o(i.USART1_RX_Finish_IRQ)
    USART_Cmd                                0x08001c41   Thumb Code    24  stm32f4xx_usart.o(i.USART_Cmd)
    USART_DMACmd                             0x08001c59   Thumb Code    18  stm32f4xx_usart.o(i.USART_DMACmd)
    USART_GetITStatus                        0x08001c6b   Thumb Code    84  stm32f4xx_usart.o(i.USART_GetITStatus)
    USART_ITConfig                           0x08001cbf   Thumb Code    74  stm32f4xx_usart.o(i.USART_ITConfig)
    USART_Init                               0x08001d09   Thumb Code   204  stm32f4xx_usart.o(i.USART_Init)
    Uart_RecvMsg                             0x08001ddd   Thumb Code    90  uartadapter.o(i.Uart_RecvMsg)
    Uart_RxInit                              0x08001e39   Thumb Code   232  uartadapter.o(i.Uart_RxInit)
    Uart_SendMsg                             0x08001f25   Thumb Code    62  uartadapter.o(i.Uart_SendMsg)
    Uart_TxInit                              0x08001f65   Thumb Code   212  uartadapter.o(i.Uart_TxInit)
    main                                     0x0800203d   Thumb Code    36  main.o(i.main)
    _fp_init                                 0x08002065   Thumb Code    10  fpinit.o(x$fpl$fpinit)
    __fplib_config_fpu_vfp                   0x0800206d   Thumb Code     0  fpinit.o(x$fpl$fpinit)
    __fplib_config_pureend_doubles           0x0800206d   Thumb Code     0  fpinit.o(x$fpl$fpinit)
    Region$$Table$$Base                      0x08002070   Number         0  anon$$obj.o(Region$$Table)
    Region$$Table$$Limit                     0x08002090   Number         0  anon$$obj.o(Region$$Table)
    g_Hander_TImer2                          0x20000004   Data           4  timadapter.o(.data)
    g_Hander_TImer3                          0x20000008   Data           4  timadapter.o(.data)
    g_Hander_TImer4                          0x2000000c   Data           4  timadapter.o(.data)
    g_Hander_TImer5                          0x20000010   Data           4  timadapter.o(.data)
    g_can_IntHandler                         0x20000014   Data           8  canadapter.o(.data)
    g_counter_main                           0x2000002c   Data           4  main.o(.data)
    b_485                                    0x20000030   Data           1  main.o(.data)
    test_io                                  0x20000032   Data           2  main.o(.data)
    count_1S                                 0x20000034   Data           2  main.o(.data)
    fpgaBuf                                  0x20000036   Data          10  main.o(.data)
    g_exti_hander                            0x20000040   Data          80  extiadapter.o(.bss)
    g_UartData                               0x20000090   Data        1076  auartadapter.o(.bss)
    g_SendBuff                               0x200004c4   Data          60  main.o(.bss)
    fpga_rxbuffer                            0x20000500   Data         100  main.o(.bss)
    __libspace_start                         0x20000564   Data          96  libspace.o(.bss)
    __temporary_stack_top$libspace           0x200005c4   Data           0  libspace.o(.bss)



==============================================================================

Memory Map of the image

  Image Entry point : 0x080001ad

  Load Region LR_IROM1 (Base: 0x08000000, Size: 0x000020d0, Max: 0x00100000, ABSOLUTE)

    Execution Region ER_IROM1 (Base: 0x08000000, Size: 0x00002090, Max: 0x00100000, ABSOLUTE)

    Base Addr    Size         Type   Attr      Idx    E Section Name        Object

    0x08000000   0x000001ac   Data   RO            3    RESET               startup_stm32f429_439xx.o
    0x080001ac   0x00000008   Code   RO         3922  * !!!main             c_w.l(__main.o)
    0x080001b4   0x00000034   Code   RO         4091    !!!scatter          c_w.l(__scatter.o)
    0x080001e8   0x0000001a   Code   RO         4093    !!handler_copy      c_w.l(__scatter_copy.o)
    0x08000202   0x00000002   PAD
    0x08000204   0x0000001c   Code   RO         4095    !!handler_zi        c_w.l(__scatter_zi.o)
    0x08000220   0x00000002   Code   RO         3961    .ARM.Collect$$libinit$$00000000  c_w.l(libinit.o)
    0x08000222   0x00000004   Code   RO         3973    .ARM.Collect$$libinit$$00000001  c_w.l(libinit2.o)
    0x08000226   0x00000000   Code   RO         3976    .ARM.Collect$$libinit$$00000004  c_w.l(libinit2.o)
    0x08000226   0x00000000   Code   RO         3979    .ARM.Collect$$libinit$$0000000A  c_w.l(libinit2.o)
    0x08000226   0x00000000   Code   RO         3981    .ARM.Collect$$libinit$$0000000C  c_w.l(libinit2.o)
    0x08000226   0x00000000   Code   RO         3983    .ARM.Collect$$libinit$$0000000E  c_w.l(libinit2.o)
    0x08000226   0x00000000   Code   RO         3986    .ARM.Collect$$libinit$$00000011  c_w.l(libinit2.o)
    0x08000226   0x00000000   Code   RO         3988    .ARM.Collect$$libinit$$00000013  c_w.l(libinit2.o)
    0x08000226   0x00000000   Code   RO         3990    .ARM.Collect$$libinit$$00000015  c_w.l(libinit2.o)
    0x08000226   0x00000000   Code   RO         3992    .ARM.Collect$$libinit$$00000017  c_w.l(libinit2.o)
    0x08000226   0x00000000   Code   RO         3994    .ARM.Collect$$libinit$$00000019  c_w.l(libinit2.o)
    0x08000226   0x00000000   Code   RO         3996    .ARM.Collect$$libinit$$0000001B  c_w.l(libinit2.o)
    0x08000226   0x00000000   Code   RO         3998    .ARM.Collect$$libinit$$0000001D  c_w.l(libinit2.o)
    0x08000226   0x00000000   Code   RO         4000    .ARM.Collect$$libinit$$0000001F  c_w.l(libinit2.o)
    0x08000226   0x00000000   Code   RO         4002    .ARM.Collect$$libinit$$00000021  c_w.l(libinit2.o)
    0x08000226   0x00000000   Code   RO         4004    .ARM.Collect$$libinit$$00000023  c_w.l(libinit2.o)
    0x08000226   0x00000000   Code   RO         4006    .ARM.Collect$$libinit$$00000025  c_w.l(libinit2.o)
    0x08000226   0x00000000   Code   RO         4010    .ARM.Collect$$libinit$$0000002C  c_w.l(libinit2.o)
    0x08000226   0x00000000   Code   RO         4012    .ARM.Collect$$libinit$$0000002E  c_w.l(libinit2.o)
    0x08000226   0x00000000   Code   RO         4014    .ARM.Collect$$libinit$$00000030  c_w.l(libinit2.o)
    0x08000226   0x00000000   Code   RO         4016    .ARM.Collect$$libinit$$00000032  c_w.l(libinit2.o)
    0x08000226   0x00000002   Code   RO         4017    .ARM.Collect$$libinit$$00000033  c_w.l(libinit2.o)
    0x08000228   0x00000002   Code   RO         4048    .ARM.Collect$$libshutdown$$00000000  c_w.l(libshutdown.o)
    0x0800022a   0x00000000   Code   RO         4074    .ARM.Collect$$libshutdown$$00000002  c_w.l(libshutdown2.o)
    0x0800022a   0x00000000   Code   RO         4076    .ARM.Collect$$libshutdown$$00000004  c_w.l(libshutdown2.o)
    0x0800022a   0x00000000   Code   RO         4079    .ARM.Collect$$libshutdown$$00000007  c_w.l(libshutdown2.o)
    0x0800022a   0x00000000   Code   RO         4082    .ARM.Collect$$libshutdown$$0000000A  c_w.l(libshutdown2.o)
    0x0800022a   0x00000000   Code   RO         4084    .ARM.Collect$$libshutdown$$0000000C  c_w.l(libshutdown2.o)
    0x0800022a   0x00000000   Code   RO         4087    .ARM.Collect$$libshutdown$$0000000F  c_w.l(libshutdown2.o)
    0x0800022a   0x00000002   Code   RO         4088    .ARM.Collect$$libshutdown$$00000010  c_w.l(libshutdown2.o)
    0x0800022c   0x00000000   Code   RO         3924    .ARM.Collect$$rtentry$$00000000  c_w.l(__rtentry.o)
    0x0800022c   0x00000000   Code   RO         3932    .ARM.Collect$$rtentry$$00000002  c_w.l(__rtentry2.o)
    0x0800022c   0x00000006   Code   RO         3944    .ARM.Collect$$rtentry$$00000004  c_w.l(__rtentry4.o)
    0x08000232   0x00000000   Code   RO         3934    .ARM.Collect$$rtentry$$00000009  c_w.l(__rtentry2.o)
    0x08000232   0x00000004   Code   RO         3935    .ARM.Collect$$rtentry$$0000000A  c_w.l(__rtentry2.o)
    0x08000236   0x00000000   Code   RO         3937    .ARM.Collect$$rtentry$$0000000C  c_w.l(__rtentry2.o)
    0x08000236   0x00000008   Code   RO         3938    .ARM.Collect$$rtentry$$0000000D  c_w.l(__rtentry2.o)
    0x0800023e   0x00000002   Code   RO         3965    .ARM.Collect$$rtexit$$00000000  c_w.l(rtexit.o)
    0x08000240   0x00000000   Code   RO         4021    .ARM.Collect$$rtexit$$00000002  c_w.l(rtexit2.o)
    0x08000240   0x00000004   Code   RO         4022    .ARM.Collect$$rtexit$$00000003  c_w.l(rtexit2.o)
    0x08000244   0x00000006   Code   RO         4023    .ARM.Collect$$rtexit$$00000004  c_w.l(rtexit2.o)
    0x0800024a   0x00000002   PAD
    0x0800024c   0x00000040   Code   RO            4    .text               startup_stm32f429_439xx.o
    0x0800028c   0x0000008a   Code   RO         3914    .text               c_w.l(rt_memcpy_v6.o)
    0x08000316   0x00000064   Code   RO         3916    .text               c_w.l(rt_memcpy_w.o)
    0x0800037a   0x00000044   Code   RO         3918    .text               c_w.l(rt_memclr.o)
    0x080003be   0x00000006   Code   RO         3920    .text               c_w.l(heapauxi.o)
    0x080003c4   0x0000004e   Code   RO         3929    .text               c_w.l(rt_memclr_w.o)
    0x08000412   0x0000004a   Code   RO         3948    .text               c_w.l(sys_stackheap_outer.o)
    0x0800045c   0x00000012   Code   RO         3950    .text               c_w.l(exit.o)
    0x0800046e   0x00000002   PAD
    0x08000470   0x00000008   Code   RO         3962    .text               c_w.l(libspace.o)
    0x08000478   0x0000000c   Code   RO         4018    .text               c_w.l(sys_exit.o)
    0x08000484   0x00000002   Code   RO         4037    .text               c_w.l(use_no_semi.o)
    0x08000486   0x00000000   Code   RO         4039    .text               c_w.l(indicate_semi.o)
    0x08000486   0x00000002   PAD
    0x08000488   0x00000050   Code   RO          405    i.CAN1_RX0_IRQHandler  canadapter.o
    0x080004d8   0x00000050   Code   RO          406    i.CAN2_RX0_IRQHandler  canadapter.o
    0x08000528   0x00000078   Code   RO          909    i.CAN_GetFlagStatus  stm32f4xx_can.o
    0x080005a0   0x000000f0   Code   RO          918    i.CAN_Receive       stm32f4xx_can.o
    0x08000690   0x0000004a   Code   RO          410    i.Can_FormatData    canadapter.o
    0x080006da   0x00000002   PAD
    0x080006dc   0x00000098   Code   RO          761    i.DMA2_Stream7_IRQHandler  auartadapter.o
    0x08000774   0x00000034   Code   RO         1117    i.DMA_ClearFlag     stm32f4xx_dma.o
    0x080007a8   0x00000016   Code   RO         1119    i.DMA_Cmd           stm32f4xx_dma.o
    0x080007be   0x00000002   PAD
    0x080007c0   0x00000158   Code   RO         1120    i.DMA_DeInit        stm32f4xx_dma.o
    0x08000918   0x00000008   Code   RO         1125    i.DMA_GetCurrDataCounter  stm32f4xx_dma.o
    0x08000920   0x00000064   Code   RO         1129    i.DMA_GetITStatus   stm32f4xx_dma.o
    0x08000984   0x0000003a   Code   RO         1130    i.DMA_ITConfig      stm32f4xx_dma.o
    0x080009be   0x00000002   PAD
    0x080009c0   0x00000058   Code   RO         1131    i.DMA_Init          stm32f4xx_dma.o
    0x08000a18   0x00000004   Code   RO         1134    i.DMA_SetCurrDataCounter  stm32f4xx_dma.o
    0x08000a1c   0x0000002c   Code   RO          164    i.Delay_Init        delayadapter.o
    0x08000a48   0x00000024   Code   RO          502    i.EXTI2_IRQHandler  extiadapter.o
    0x08000a6c   0x0000000c   Code   RO         2949    i.EXTI_ClearITPendingBit  stm32f4xx_exti.o
    0x08000a78   0x00000018   Code   RO         2953    i.EXTI_GetITStatus  stm32f4xx_exti.o
    0x08000a90   0x00000094   Code   RO         2954    i.EXTI_Init         stm32f4xx_exti.o
    0x08000b24   0x0000008c   Code   RO          503    i.Exti_Init         extiadapter.o
    0x08000bb0   0x000001d4   Code   RO          538    i.FMC_GPIOConfig    fmcadapter.o
    0x08000d84   0x00000086   Code   RO          539    i.FMC_Init          fmcadapter.o
    0x08000e0a   0x00000002   PAD
    0x08000e0c   0x00000034   Code   RO         1519    i.FMC_NORSRAMCmd    stm32f4xx_fmc.o
    0x08000e40   0x00000150   Code   RO         1521    i.FMC_NORSRAMInit   stm32f4xx_fmc.o
    0x08000f90   0x0000001a   Code   RO          541    i.FMC_ReadWord      fmcadapter.o
    0x08000faa   0x00000018   Code   RO          543    i.FMC_WriteWord     fmcadapter.o
    0x08000fc2   0x00000018   Code   RO          762    i.FUART_RecvData    auartadapter.o
    0x08000fda   0x0000001c   Code   RO          763    i.FUART_RxInit      auartadapter.o
    0x08000ff6   0x00000014   Code   RO          764    i.FUART_SendData    auartadapter.o
    0x0800100a   0x0000001c   Code   RO          765    i.FUART_TxInit      auartadapter.o
    0x08001026   0x00000090   Code   RO         1691    i.GPIO_Init         stm32f4xx_gpio.o
    0x080010b6   0x00000046   Code   RO         1692    i.GPIO_PinAFConfig  stm32f4xx_gpio.o
    0x080010fc   0x0000000a   Code   RO         1703    i.GPIO_WriteBit     stm32f4xx_gpio.o
    0x08001106   0x00000002   PAD
    0x08001108   0x00000074   Code   RO          766    i.GetBaudrate       auartadapter.o
    0x0800117c   0x00000026   Code   RO          767    i.GetParityBits     auartadapter.o
    0x080011a2   0x0000001c   Code   RO          768    i.GetStopBits       auartadapter.o
    0x080011be   0x00000002   PAD
    0x080011c0   0x00000184   Code   RO         3838    i.ISR_Main_Int      main.o
    0x08001344   0x00000028   Code   RO          236    i.Led_Blink         ledadapter.o
    0x0800136c   0x00000078   Code   RO         1069    i.NVIC_Init         misc.o
    0x080013e4   0x00000014   Code   RO         1070    i.NVIC_PriorityGroupConfig  misc.o
    0x080013f8   0x00000050   Code   RO         3839    i.Peripheral_Init   main.o
    0x08001448   0x00000020   Code   RO         1792    i.RCC_AHB1PeriphClockCmd  stm32f4xx_rcc.o
    0x08001468   0x00000020   Code   RO         1798    i.RCC_AHB3PeriphClockCmd  stm32f4xx_rcc.o
    0x08001488   0x00000020   Code   RO         1804    i.RCC_APB2PeriphClockCmd  stm32f4xx_rcc.o
    0x080014a8   0x000000e8   Code   RO         1813    i.RCC_GetClocksFreq  stm32f4xx_rcc.o
    0x08001590   0x00000018   Code   RO          239    i.RS485_Ctrl        ledadapter.o
    0x080015a8   0x00000040   Code   RO         2133    i.SYSCFG_EXTILineConfig  stm32f4xx_syscfg.o
    0x080015e8   0x00000120   Code   RO           13    i.SetSysClock       system_stm32f4xx.o
    0x08001708   0x00000028   Code   RO         1073    i.SysTick_CLKSourceConfig  misc.o
    0x08001730   0x00000068   Code   RO           15    i.SystemInit        system_stm32f4xx.o
    0x08001798   0x00000030   Code   RO          282    i.TIM2_IRQHandler   timadapter.o
    0x080017c8   0x00000030   Code   RO          283    i.TIM3_IRQHandler   timadapter.o
    0x080017f8   0x00000030   Code   RO          284    i.TIM4_IRQHandler   timadapter.o
    0x08001828   0x00000030   Code   RO          285    i.TIM5_IRQHandler   timadapter.o
    0x08001858   0x00000030   Code   RO          769    i.USART1_DMA_RecvData  auartadapter.o
    0x08001888   0x0000010c   Code   RO          770    i.USART1_DMA_SendData  auartadapter.o
    0x08001994   0x0000004c   Code   RO          771    i.USART1_IRQHandler  auartadapter.o
    0x080019e0   0x00000208   Code   RO          772    i.USART1_Init       auartadapter.o
    0x08001be8   0x00000058   Code   RO          773    i.USART1_RX_Finish_IRQ  auartadapter.o
    0x08001c40   0x00000018   Code   RO         2194    i.USART_Cmd         stm32f4xx_usart.o
    0x08001c58   0x00000012   Code   RO         2195    i.USART_DMACmd      stm32f4xx_usart.o
    0x08001c6a   0x00000054   Code   RO         2198    i.USART_GetITStatus  stm32f4xx_usart.o
    0x08001cbe   0x0000004a   Code   RO         2200    i.USART_ITConfig    stm32f4xx_usart.o
    0x08001d08   0x000000d4   Code   RO         2201    i.USART_Init        stm32f4xx_usart.o
    0x08001ddc   0x0000005a   Code   RO          340    i.Uart_RecvMsg      uartadapter.o
    0x08001e36   0x00000002   PAD
    0x08001e38   0x000000ec   Code   RO          341    i.Uart_RxInit       uartadapter.o
    0x08001f24   0x0000003e   Code   RO          342    i.Uart_SendMsg      uartadapter.o
    0x08001f62   0x00000002   PAD
    0x08001f64   0x000000d8   Code   RO          343    i.Uart_TxInit       uartadapter.o
    0x0800203c   0x00000028   Code   RO         3840    i.main              main.o
    0x08002064   0x0000000a   Code   RO         4033    x$fpl$fpinit        fz_wm.l(fpinit.o)
    0x0800206e   0x00000002   PAD
    0x08002070   0x00000020   Data   RO         4089    Region$$Table       anon$$obj.o


    Execution Region RW_IRAM1 (Base: 0x20000000, Size: 0x00000bc8, Max: 0x00030000, ABSOLUTE)

    Base Addr    Size         Type   Attr      Idx    E Section Name        Object

    0x20000000   0x00000001   Data   RW          168    .data               delayadapter.o
    0x20000001   0x00000001   Data   RW          240    .data               ledadapter.o
    0x20000002   0x00000002   PAD
    0x20000004   0x00000010   Data   RW          287    .data               timadapter.o
    0x20000014   0x00000008   Data   RW          418    .data               canadapter.o
    0x2000001c   0x00000010   Data   RW         1845    .data               stm32f4xx_rcc.o
    0x2000002c   0x00000014   Data   RW         3842    .data               main.o
    0x20000040   0x00000050   Zero   RW          504    .bss                extiadapter.o
    0x20000090   0x00000434   Zero   RW          774    .bss                auartadapter.o
    0x200004c4   0x000000a0   Zero   RW         3841    .bss                main.o
    0x20000564   0x00000060   Zero   RW         3963    .bss                c_w.l(libspace.o)
    0x200005c4   0x00000004   PAD
    0x200005c8   0x00000200   Zero   RW            2    HEAP                startup_stm32f429_439xx.o
    0x200007c8   0x00000400   Zero   RW            1    STACK               startup_stm32f429_439xx.o


==============================================================================

Image component sizes


      Code (inc. data)   RO Data    RW Data    ZI Data      Debug   Object Name

      1434        100          0          0       1076       9944   auartadapter.o
       234         28          0          8          0       3360   canadapter.o
        44          6          0          1          0     256201   delayadapter.o
       176         14          0          0         80       2299   extiadapter.o
       652         16          0          0          0       3319   fmcadapter.o
        64         14          0          1          0       1465   ledadapter.o
       508         22          0         20        160       3941   main.o
       180         24          0          0          0       2381   misc.o
        64         26        428          0       1536        872   startup_stm32f429_439xx.o
       360          0          0          0          0       2534   stm32f4xx_can.o
       676         58          0          0          0       6905   stm32f4xx_dma.o
       184         16          0          0          0       2392   stm32f4xx_exti.o
       388         14          0          0          0       2431   stm32f4xx_fmc.o
       224          0          0          0          0       2663   stm32f4xx_gpio.o
       328         36          0         16          0       5031   stm32f4xx_rcc.o
        64          4          0          0          0        716   stm32f4xx_syscfg.o
       412          8          0          0          0       4725   stm32f4xx_usart.o
       392         32          0          0          0      61693   system_stm32f4xx.o
       192         34          0         16          0       2810   timadapter.o
       604          8          0          0          0       5950   uartadapter.o

    ----------------------------------------------------------------------
      7196        460        460         64       2852     381632   Object Totals
         0          0         32          0          0          0   (incl. Generated)
        16          0          0          2          0          0   (incl. Padding)

    ----------------------------------------------------------------------

      Code (inc. data)   RO Data    RW Data    ZI Data      Debug   Library Member Name

         8          0          0          0          0         68   __main.o
         0          0          0          0          0          0   __rtentry.o
        12          0          0          0          0          0   __rtentry2.o
         6          0          0          0          0          0   __rtentry4.o
        52          8          0          0          0          0   __scatter.o
        26          0          0          0          0          0   __scatter_copy.o
        28          0          0          0          0          0   __scatter_zi.o
        18          0          0          0          0         80   exit.o
         6          0          0          0          0        152   heapauxi.o
         0          0          0          0          0          0   indicate_semi.o
         2          0          0          0          0          0   libinit.o
         6          0          0          0          0          0   libinit2.o
         2          0          0          0          0          0   libshutdown.o
         2          0          0          0          0          0   libshutdown2.o
         8          4          0          0         96         68   libspace.o
        68          0          0          0          0         68   rt_memclr.o
        78          0          0          0          0         80   rt_memclr_w.o
       138          0          0          0          0         68   rt_memcpy_v6.o
       100          0          0          0          0         80   rt_memcpy_w.o
         2          0          0          0          0          0   rtexit.o
        10          0          0          0          0          0   rtexit2.o
        12          4          0          0          0         68   sys_exit.o
        74          0          0          0          0         80   sys_stackheap_outer.o
         2          0          0          0          0         68   use_no_semi.o
        10          0          0          0          0        116   fpinit.o

    ----------------------------------------------------------------------
       680         16          0          0        100        996   Library Totals
        10          0          0          0          4          0   (incl. Padding)

    ----------------------------------------------------------------------

      Code (inc. data)   RO Data    RW Data    ZI Data      Debug   Library Name

       660         16          0          0         96        880   c_w.l
        10          0          0          0          0        116   fz_wm.l

    ----------------------------------------------------------------------
       680         16          0          0        100        996   Library Totals

    ----------------------------------------------------------------------

==============================================================================


      Code (inc. data)   RO Data    RW Data    ZI Data      Debug   

      7876        476        460         64       2952     375764   Grand Totals
      7876        476        460         64       2952     375764   ELF Image Totals
      7876        476        460         64          0          0   ROM Totals

==============================================================================

    Total RO  Size (Code + RO Data)                 8336 (   8.14kB)
    Total RW  Size (RW Data + ZI Data)              3016 (   2.95kB)
    Total ROM Size (Code + RO Data + RW Data)       8400 (   8.20kB)

==============================================================================

