Component: ARM Compiler 5.06 update 4 (build 422) Tool: armlink [4d35d2]

==============================================================================

Section Cross References

    main.o(i.fpga_int_hdr) refers to main.o(.data) for fpga_syn
    main.o(i.gpio_init) refers to drv_gpio.o(i.gd32_pin_mode) for gd32_pin_mode
    main.o(i.gpio_init) refers to drv_gpio.o(i.gd32_pin_write) for gd32_pin_write
    main.o(i.gpio_init) refers to drv_gpio.o(i.pin_irq_install) for pin_irq_install
    main.o(i.gpio_init) refers to main.o(.constdata) for .constdata
    main.o(i.gpio_init) refers to main.o(i.fpga_int_hdr) for fpga_int_hdr
    main.o(i.main) refers to main.o(i.prvSetupHardware) for prvSetupHardware
    main.o(i.main) refers to main.o(i.peripherals_init) for peripherals_init
    main.o(i.main) refers to tasks.o(i.xTaskCreate) for xTaskCreate
    main.o(i.main) refers to tasks.o(i.vTaskStartScheduler) for vTaskStartScheduler
    main.o(i.main) refers to main.o(.data) for task_start_handler
    main.o(i.main) refers to main.o(i.start_task) for start_task
    main.o(i.peripherals_init) refers to exmc_sram.o(i.exmc_sram_init) for exmc_sram_init
    main.o(i.peripherals_init) refers to uartadapter.o(i.Uart_TxInit) for Uart_TxInit
    main.o(i.peripherals_init) refers to uartadapter.o(i.Uart_RxInit) for Uart_RxInit
    main.o(i.peripherals_init) refers to drv_usart.o(i.gd32_hw_usart_init) for gd32_hw_usart_init
    main.o(i.peripherals_init) refers to main.o(i.gpio_init) for gpio_init
    main.o(i.peripherals_init) refers to drv_can.o(i.gd32_bxcan_init) for gd32_bxcan_init
    main.o(i.peripherals_init) refers to drv_timer.o(i.gd32_timer_init) for gd32_timer_init
    main.o(i.prvSetupHardware) refers to system_gd32f4xx.o(i.SystemInit) for SystemInit
    main.o(i.prvSetupHardware) refers to system_gd32f4xx.o(i.SystemCoreClockUpdate) for SystemCoreClockUpdate
    main.o(i.prvSetupHardware) refers to gd32f4xx_misc.o(i.nvic_priority_group_set) for nvic_priority_group_set
    main.o(i.prvSetupHardware) refers to systick.o(i.systick_config) for systick_config
    main.o(i.start_task) refers to port.o(i.vPortEnterCritical) for vPortEnterCritical
    main.o(i.start_task) refers to ch378.o(i.ch378_init) for ch378_init
    main.o(i.start_task) refers to tasks.o(i.vTaskDelete) for vTaskDelete
    main.o(i.start_task) refers to port.o(i.vPortExitCritical) for vPortExitCritical
    main.o(i.start_task) refers to main.o(.data) for task_start_handler
    main.o(i.vTimerCallback) refers to timers.o(i.pvTimerGetTimerID) for pvTimerGetTimerID
    main.o(i.vTimerCallback) refers to timers.o(i.vTimerSetTimerID) for vTimerSetTimerID
    main.o(i.vTimerCallback) refers to gd32f4xx_gpio.o(i.gpio_bit_toggle) for gpio_bit_toggle
    systick.o(i.delay_1ms) refers to systick.o(.data) for delay
    systick.o(i.delay_decrement) refers to systick.o(.data) for delay
    systick.o(i.systick_config) refers to systick.o(i.NVIC_SetPriority) for NVIC_SetPriority
    systick.o(i.systick_config) refers to system_gd32f4xx.o(.data) for SystemCoreClock
    system_gd32f4xx.o(i.SystemCoreClockUpdate) refers to system_gd32f4xx.o(.data) for SystemCoreClock
    system_gd32f4xx.o(i.SystemInit) refers to system_gd32f4xx.o(i.system_clock_config) for system_clock_config
    system_gd32f4xx.o(i.system_clock_config) refers to system_gd32f4xx.o(i.system_clock_200m_25m_hxtal) for system_clock_200m_25m_hxtal
    startup_gd32f450_470.o(RESET) refers to startup_gd32f450_470.o(STACK) for __initial_sp
    startup_gd32f450_470.o(RESET) refers to startup_gd32f450_470.o(.text) for Reset_Handler
    startup_gd32f450_470.o(RESET) refers to gd32f4xx_it.o(i.NMI_Handler) for NMI_Handler
    startup_gd32f450_470.o(RESET) refers to gd32f4xx_it.o(i.HardFault_Handler) for HardFault_Handler
    startup_gd32f450_470.o(RESET) refers to gd32f4xx_it.o(i.MemManage_Handler) for MemManage_Handler
    startup_gd32f450_470.o(RESET) refers to gd32f4xx_it.o(i.BusFault_Handler) for BusFault_Handler
    startup_gd32f450_470.o(RESET) refers to gd32f4xx_it.o(i.UsageFault_Handler) for UsageFault_Handler
    startup_gd32f450_470.o(RESET) refers to port.o(.emb_text) for SVC_Handler
    startup_gd32f450_470.o(RESET) refers to gd32f4xx_it.o(i.DebugMon_Handler) for DebugMon_Handler
    startup_gd32f450_470.o(RESET) refers to port.o(i.SysTick_Handler) for SysTick_Handler
    startup_gd32f450_470.o(RESET) refers to drv_gpio.o(i.EXTI0_IRQHandler) for EXTI0_IRQHandler
    startup_gd32f450_470.o(RESET) refers to drv_gpio.o(i.EXTI1_IRQHandler) for EXTI1_IRQHandler
    startup_gd32f450_470.o(RESET) refers to drv_gpio.o(i.EXTI2_IRQHandler) for EXTI2_IRQHandler
    startup_gd32f450_470.o(RESET) refers to drv_gpio.o(i.EXTI3_IRQHandler) for EXTI3_IRQHandler
    startup_gd32f450_470.o(RESET) refers to drv_gpio.o(i.EXTI4_IRQHandler) for EXTI4_IRQHandler
    startup_gd32f450_470.o(RESET) refers to drv_can.o(i.CAN0_TX_IRQHandler) for CAN0_TX_IRQHandler
[...]
    i.prvIsQueueEmpty                        0x080031c0   Section        0  queue.o(i.prvIsQueueEmpty)
    prvIsQueueEmpty                          0x080031c1   Thumb Code    26  queue.o(i.prvIsQueueEmpty)
    i.prvIsQueueFull                         0x080031da   Section        0  queue.o(i.prvIsQueueFull)
    prvIsQueueFull                           0x080031db   Thumb Code    30  queue.o(i.prvIsQueueFull)
    i.prvNotifyQueueSetContainer             0x080031f8   Section        0  queue.o(i.prvNotifyQueueSetContainer)
    prvNotifyQueueSetContainer               0x080031f9   Thumb Code   138  queue.o(i.prvNotifyQueueSetContainer)
    i.prvProcessExpiredTimer                 0x08003284   Section        0  timers.o(i.prvProcessExpiredTimer)
    prvProcessExpiredTimer                   0x08003285   Thumb Code   110  timers.o(i.prvProcessExpiredTimer)
    i.prvProcessReceivedCommands             0x080032f8   Section        0  timers.o(i.prvProcessReceivedCommands)
    prvProcessReceivedCommands               0x080032f9   Thumb Code   350  timers.o(i.prvProcessReceivedCommands)
    i.prvProcessTimerOrBlockTask             0x0800345c   Section        0  timers.o(i.prvProcessTimerOrBlockTask)
    prvProcessTimerOrBlockTask               0x0800345d   Thumb Code   102  timers.o(i.prvProcessTimerOrBlockTask)
    i.prvResetNextTaskUnblockTime            0x080034d0   Section        0  tasks.o(i.prvResetNextTaskUnblockTime)
    prvResetNextTaskUnblockTime              0x080034d1   Thumb Code    42  tasks.o(i.prvResetNextTaskUnblockTime)
    i.prvSampleTimeNow                       0x08003504   Section        0  timers.o(i.prvSampleTimeNow)
    prvSampleTimeNow                         0x08003505   Thumb Code    40  timers.o(i.prvSampleTimeNow)
    i.prvSetupHardware                       0x08003530   Section        0  main.o(i.prvSetupHardware)
    prvSetupHardware                         0x08003531   Thumb Code    24  main.o(i.prvSetupHardware)
    i.prvSwitchTimerLists                    0x08003548   Section        0  timers.o(i.prvSwitchTimerLists)
    prvSwitchTimerLists                      0x08003549   Thumb Code   154  timers.o(i.prvSwitchTimerLists)
    i.prvTaskExitError                       0x080035ec   Section        0  port.o(i.prvTaskExitError)
    prvTaskExitError                         0x080035ed   Thumb Code    60  port.o(i.prvTaskExitError)
    i.prvTimerTask                           0x0800362c   Section        0  timers.o(i.prvTimerTask)
    prvTimerTask                             0x0800362d   Thumb Code    26  timers.o(i.prvTimerTask)
    i.prvUnlockQueue                         0x08003646   Section        0  queue.o(i.prvUnlockQueue)
    prvUnlockQueue                           0x08003647   Thumb Code   144  queue.o(i.prvUnlockQueue)
    i.pvPortMalloc                           0x080036d8   Section        0  heap_4.o(i.pvPortMalloc)
    i.pxPortInitialiseStack                  0x0800382c   Section        0  port.o(i.pxPortInitialiseStack)
    i.rcc_configuration                      0x08003858   Section        0  drv_usart.o(i.rcc_configuration)
    rcc_configuration                        0x08003859   Thumb Code    28  drv_usart.o(i.rcc_configuration)
    i.rcu_clock_freq_get                     0x08003874   Section        0  gd32f4xx_rcu.o(i.rcu_clock_freq_get)
    i.rcu_periph_clock_enable                0x08003998   Section        0  gd32f4xx_rcu.o(i.rcu_periph_clock_enable)
    i.rcu_periph_reset_disable               0x080039bc   Section        0  gd32f4xx_rcu.o(i.rcu_periph_reset_disable)
    i.rcu_periph_reset_enable                0x080039e0   Section        0  gd32f4xx_rcu.o(i.rcu_periph_reset_enable)
    i.rcu_timer_clock_prescaler_config       0x08003a04   Section        0  gd32f4xx_rcu.o(i.rcu_timer_clock_prescaler_config)
    i.spi_configure                          0x08003a28   Section        0  drv_spi.o(i.spi_configure)
    spi_configure                            0x08003a29   Thumb Code   270  drv_spi.o(i.spi_configure)
    i.spi_crc_off                            0x08003b40   Section        0  gd32f4xx_spi.o(i.spi_crc_off)
    i.spi_enable                             0x08003b4a   Section        0  gd32f4xx_spi.o(i.spi_enable)
    i.spi_i2s_data_receive                   0x08003b54   Section        0  gd32f4xx_spi.o(i.spi_i2s_data_receive)
    i.spi_i2s_data_transmit                  0x08003b5c   Section        0  gd32f4xx_spi.o(i.spi_i2s_data_transmit)
    i.spi_i2s_flag_get                       0x08003b60   Section        0  gd32f4xx_spi.o(i.spi_i2s_flag_get)
    i.spi_init                               0x08003b70   Section        0  gd32f4xx_spi.o(i.spi_init)
    i.spi_recv                               0x08003ba4   Section        0  drv_spi.o(i.spi_recv)
    i.spi_send                               0x08003be4   Section        0  drv_spi.o(i.spi_send)
    i.spi_xfer                               0x08003c24   Section        0  drv_spi.o(i.spi_xfer)
    i.start_task                             0x08003cc0   Section        0  main.o(i.start_task)
    i.syscfg_exti_line_config                0x08003ce0   Section        0  gd32f4xx_syscfg.o(i.syscfg_exti_line_config)
    i.system_clock_200m_25m_hxtal            0x08003d8c   Section        0  system_gd32f4xx.o(i.system_clock_200m_25m_hxtal)
    system_clock_200m_25m_hxtal              0x08003d8d   Thumb Code   240  system_gd32f4xx.o(i.system_clock_200m_25m_hxtal)
    i.system_clock_config                    0x08003e88   Section        0  system_gd32f4xx.o(i.system_clock_config)
    system_clock_config                      0x08003e89   Thumb Code     8  system_gd32f4xx.o(i.system_clock_config)
    i.systick_config                         0x08003e90   Section        0  systick.o(i.systick_config)
    i.timer3_init                            0x08003ee0   Section        0  drv_timer.o(i.timer3_init)
    i.timer_auto_reload_shadow_enable        0x08003f54   Section        0  gd32f4xx_timer.o(i.timer_auto_reload_shadow_enable)
    i.timer_channel_capture_value_register_read 0x08003f5e   Section        0  gd32f4xx_timer.o(i.timer_channel_capture_value_register_read)
    i.timer_deinit                           0x08003f88   Section        0  gd32f4xx_timer.o(i.timer_deinit)
    i.timer_enable                           0x0800410c   Section        0  gd32f4xx_timer.o(i.timer_enable)
    i.timer_init                             0x08004118   Section        0  gd32f4xx_timer.o(i.timer_init)
    i.timer_interrupt_enable                 0x080041b0   Section        0  gd32f4xx_timer.o(i.timer_interrupt_enable)
    i.timer_interrupt_flag_clear             0x080041b8   Section        0  gd32f4xx_timer.o(i.timer_interrupt_flag_clear)
    i.timer_interrupt_flag_get               0x080041be   Section        0  gd32f4xx_timer.o(i.timer_interrupt_flag_get)
    i.timer_update_source_config             0x080041d6   Section        0  gd32f4xx_timer.o(i.timer_update_source_config)
    i.uart4_rx_finish_irq                    0x080041f0   Section        0  drv_usart.o(i.uart4_rx_finish_irq)
    i.ug_serial_open                         0x08004240   Section        0  serial.o(i.ug_serial_open)
    ug_serial_open                           0x08004241   Thumb Code   232  serial.o(i.ug_serial_open)
    i.usart_baudrate_set                     0x08004328   Section        0  gd32f4xx_usart.o(i.usart_baudrate_set)
    i.usart_data_receive                     0x08004410   Section        0  gd32f4xx_usart.o(i.usart_data_receive)
    i.usart_data_transmit                    0x0800441a   Section        0  gd32f4xx_usart.o(i.usart_data_transmit)
    i.usart_deinit                           0x08004424   Section        0  gd32f4xx_usart.o(i.usart_deinit)
    i.usart_dma_receive_config               0x08004500   Section        0  gd32f4xx_usart.o(i.usart_dma_receive_config)
    i.usart_dma_transmit_config              0x08004510   Section        0  gd32f4xx_usart.o(i.usart_dma_transmit_config)
    i.usart_enable                           0x08004520   Section        0  gd32f4xx_usart.o(i.usart_enable)
    i.usart_flag_clear                       0x0800452a   Section        0  gd32f4xx_usart.o(i.usart_flag_clear)
    i.usart_flag_get                         0x08004544   Section        0  gd32f4xx_usart.o(i.usart_flag_get)
    i.usart_interrupt_disable                0x08004562   Section        0  gd32f4xx_usart.o(i.usart_interrupt_disable)
    i.usart_interrupt_enable                 0x0800457c   Section        0  gd32f4xx_usart.o(i.usart_interrupt_enable)
    i.usart_interrupt_flag_clear             0x08004596   Section        0  gd32f4xx_usart.o(i.usart_interrupt_flag_clear)
    i.usart_interrupt_flag_get               0x080045b0   Section        0  gd32f4xx_usart.o(i.usart_interrupt_flag_get)
    i.usart_parity_config                    0x080045e8   Section        0  gd32f4xx_usart.o(i.usart_parity_config)
    i.usart_receive_config                   0x080045f8   Section        0  gd32f4xx_usart.o(i.usart_receive_config)
    i.usart_stop_bit_set                     0x08004608   Section        0  gd32f4xx_usart.o(i.usart_stop_bit_set)
    i.usart_transmit_config                  0x08004618   Section        0  gd32f4xx_usart.o(i.usart_transmit_config)
    i.usart_word_length_set                  0x08004628   Section        0  gd32f4xx_usart.o(i.usart_word_length_set)
    i.uxListRemove                           0x08004638   Section        0  list.o(i.uxListRemove)
    i.vApplicationIdleHook                   0x08004660   Section        0  main.o(i.vApplicationIdleHook)
    i.vApplicationMallocFailedHook           0x08004662   Section        0  main.o(i.vApplicationMallocFailedHook)
    i.vApplicationStackOverflowHook          0x08004678   Section        0  main.o(i.vApplicationStackOverflowHook)
    i.vApplicationTickHook                   0x0800468e   Section        0  main.o(i.vApplicationTickHook)
    i.vListInitialise                        0x08004690   Section        0  list.o(i.vListInitialise)
    i.vListInitialiseItem                    0x080046aa   Section        0  list.o(i.vListInitialiseItem)
    i.vListInsert                            0x080046b0   Section        0  list.o(i.vListInsert)
    i.vListInsertEnd                         0x080046e4   Section        0  list.o(i.vListInsertEnd)
    i.vPortEnterCritical                     0x080046fc   Section        0  port.o(i.vPortEnterCritical)
    i.vPortExitCritical                      0x08004750   Section        0  port.o(i.vPortExitCritical)
    i.vPortFree                              0x0800478c   Section        0  heap_4.o(i.vPortFree)
    i.vPortSetupTimerInterrupt               0x08004830   Section        0  port.o(i.vPortSetupTimerInterrupt)
    i.vPortSuppressTicksAndSleep             0x08004898   Section        0  port.o(i.vPortSuppressTicksAndSleep)
    i.vPortValidateInterruptPriority         0x080049f0   Section        0  port.o(i.vPortValidateInterruptPriority)
    i.vQueueAddToRegistry                    0x08004a68   Section        0  queue.o(i.vQueueAddToRegistry)
    i.vQueueWaitForMessageRestricted         0x08004a94   Section        0  queue.o(i.vQueueWaitForMessageRestricted)
    i.vTaskDelete                            0x08004ae0   Section        0  tasks.o(i.vTaskDelete)
    i.vTaskInternalSetTimeOutState           0x08004bd4   Section        0  tasks.o(i.vTaskInternalSetTimeOutState)
    i.vTaskMissedYield                       0x08004bec   Section        0  tasks.o(i.vTaskMissedYield)
    i.vTaskPlaceOnEventList                  0x08004bf8   Section        0  tasks.o(i.vTaskPlaceOnEventList)
    i.vTaskPlaceOnEventListRestricted        0x08004c30   Section        0  tasks.o(i.vTaskPlaceOnEventListRestricted)
    i.vTaskStartScheduler                    0x08004c70   Section        0  tasks.o(i.vTaskStartScheduler)
    i.vTaskStepTick                          0x08004d04   Section        0  tasks.o(i.vTaskStepTick)
    i.vTaskSuspendAll                        0x08004d44   Section        0  tasks.o(i.vTaskSuspendAll)
    i.vTaskSwitchContext                     0x08004d54   Section        0  tasks.o(i.vTaskSwitchContext)
    i.xPortStartScheduler                    0x08004dfc   Section        0  port.o(i.xPortStartScheduler)
    i.xQueueGenericCreate                    0x08004f64   Section        0  queue.o(i.xQueueGenericCreate)
    i.xQueueGenericReset                     0x08004fb8   Section        0  queue.o(i.xQueueGenericReset)
    i.xQueueGenericSend                      0x08005050   Section        0  queue.o(i.xQueueGenericSend)
    i.xQueueGenericSendFromISR               0x08005228   Section        0  queue.o(i.xQueueGenericSendFromISR)
    i.xQueueReceive                          0x0800533c   Section        0  queue.o(i.xQueueReceive)
    i.xTaskCheckForTimeOut                   0x080054a4   Section        0  tasks.o(i.xTaskCheckForTimeOut)
    i.xTaskCreate                            0x08005530   Section        0  tasks.o(i.xTaskCreate)
    i.xTaskGetSchedulerState                 0x08005590   Section        0  tasks.o(i.xTaskGetSchedulerState)
    i.xTaskGetTickCount                      0x080055b0   Section        0  tasks.o(i.xTaskGetTickCount)
    i.xTaskIncrementTick                     0x080055bc   Section        0  tasks.o(i.xTaskIncrementTick)
    i.xTaskPriorityDisinherit                0x08005714   Section        0  tasks.o(i.xTaskPriorityDisinherit)
    i.xTaskRemoveFromEventList               0x080057dc   Section        0  tasks.o(i.xTaskRemoveFromEventList)
    i.xTaskResumeAll                         0x08005878   Section        0  tasks.o(i.xTaskResumeAll)
    i.xTimerCreateTimerTask                  0x0800597c   Section        0  timers.o(i.xTimerCreateTimerTask)
    i.xTimerGenericCommand                   0x080059d0   Section        0  timers.o(i.xTimerGenericCommand)
    .constdata                               0x08005a54   Section        2  main.o(.constdata)
    .constdata                               0x08005a58   Section     2912  drv_gpio.o(.constdata)
    pins                                     0x08005a58   Data        2848  drv_gpio.o(.constdata)
    pin_irq_map                              0x08006578   Data          64  drv_gpio.o(.constdata)
    .constdata                               0x080065b8   Section       20  drv_usart.o(.constdata)
    gd32_usart_ops                           0x080065b8   Data          20  drv_usart.o(.constdata)
    .constdata                               0x080065cc   Section       64  drv_can.o(.constdata)
    bxcan_baud_rate_tab                      0x080065cc   Data          64  drv_can.o(.constdata)
    .constdata                               0x0800660c   Section        2  ch378.o(.constdata)
    .data                                    0x20000000   Section       12  main.o(.data)
    .data                                    0x2000000c   Section        4  system_gd32f4xx.o(.data)
    .data                                    0x20000010   Section       60  tasks.o(.data)
    pxDelayedTaskList                        0x20000014   Data           4  tasks.o(.data)
    pxOverflowDelayedTaskList                0x20000018   Data           4  tasks.o(.data)
    uxDeletedTasksWaitingCleanUp             0x2000001c   Data           4  tasks.o(.data)
    uxCurrentNumberOfTasks                   0x20000020   Data           4  tasks.o(.data)
    xTickCount                               0x20000024   Data           4  tasks.o(.data)
    uxTopReadyPriority                       0x20000028   Data           4  tasks.o(.data)
    xSchedulerRunning                        0x2000002c   Data           4  tasks.o(.data)
    xPendedTicks                             0x20000030   Data           4  tasks.o(.data)
    xYieldPending                            0x20000034   Data           4  tasks.o(.data)
    xNumOfOverflows                          0x20000038   Data           4  tasks.o(.data)
    uxTaskNumber                             0x2000003c   Data           4  tasks.o(.data)
    xNextTaskUnblockTime                     0x20000040   Data           4  tasks.o(.data)
    xIdleTaskHandle                          0x20000044   Data           4  tasks.o(.data)
    uxSchedulerSuspended                     0x20000048   Data           4  tasks.o(.data)
    .data                                    0x2000004c   Section       20  timers.o(.data)
    pxCurrentTimerList                       0x2000004c   Data           4  timers.o(.data)
    pxOverflowTimerList                      0x20000050   Data           4  timers.o(.data)
    xTimerQueue                              0x20000054   Data           4  timers.o(.data)
    xTimerTaskHandle                         0x20000058   Data           4  timers.o(.data)
    xLastTime                                0x2000005c   Data           4  timers.o(.data)
    .data                                    0x20000060   Section       32  heap_4.o(.data)
    xStart                                   0x20000060   Data           8  heap_4.o(.data)
    pxEnd                                    0x20000068   Data           4  heap_4.o(.data)
    xFreeBytesRemaining                      0x2000006c   Data           4  heap_4.o(.data)
    xMinimumEverFreeBytesRemaining           0x20000070   Data           4  heap_4.o(.data)
    xNumberOfSuccessfulAllocations           0x20000074   Data           4  heap_4.o(.data)
    xNumberOfSuccessfulFrees                 0x20000078   Data           4  heap_4.o(.data)
    xBlockAllocatedBit                       0x2000007c   Data           4  heap_4.o(.data)
    .data                                    0x20000080   Section       24  port.o(.data)
    uxCriticalNesting                        0x20000080   Data           4  port.o(.data)
    ulTimerCountsForOneTick                  0x20000084   Data           4  port.o(.data)
    xMaximumPossibleSuppressedTicks          0x20000088   Data           4  port.o(.data)
    ulStoppedTimerCompensation               0x2000008c   Data           4  port.o(.data)
    ucMaxSysCallPriority                     0x20000090   Data           1  port.o(.data)
    ulMaxPRIGROUPValue                       0x20000094   Data           4  port.o(.data)
    .data                                    0x20000098   Section      256  drv_gpio.o(.data)
    .data                                    0x20000198   Section       20  drv_spi.o(.data)
    spi_cfg                                  0x20000198   Data           8  drv_spi.o(.data)
    spi_cs                                   0x200001a0   Data          12  drv_spi.o(.data)
    .data                                    0x200001ac   Section       32  drv_usart.o(.data)
    .data                                    0x200001cc   Section      284  drv_can.o(.data)
    .data                                    0x200002e8   Section       24  drv_timer.o(.data)
    tim3Couter                               0x200002fc   Data           4  drv_timer.o(.data)
    .data                                    0x20000300   Section       16  ch378.o(.data)
    .data                                    0x20000310   Section        4  mvars.o(.data)
    .data                                    0x20000314   Section        4  mvars.o(.data)
    .bss                                     0x20000318   Section       64  queue.o(.bss)
    .bss                                     0x20000358   Section      300  tasks.o(.bss)
    pxReadyTasksLists                        0x20000358   Data         200  tasks.o(.bss)
    xDelayedTaskList1                        0x20000420   Data          20  tasks.o(.bss)
    xDelayedTaskList2                        0x20000434   Data          20  tasks.o(.bss)
    xPendingReadyList                        0x20000448   Data          20  tasks.o(.bss)
    xTasksWaitingTermination                 0x2000045c   Data          20  tasks.o(.bss)
    xSuspendedTaskList                       0x20000470   Data          20  tasks.o(.bss)
    .bss                                     0x20000484   Section       40  timers.o(.bss)
    xActiveTimerList1                        0x20000484   Data          20  timers.o(.bss)
    xActiveTimerList2                        0x20000498   Data          20  timers.o(.bss)
    .bss                                     0x200004ac   Section    51200  heap_4.o(.bss)
    ucHeap                                   0x200004ac   Data       51200  heap_4.o(.bss)
    .bss                                     0x2000ccac   Section     1075  drv_usart.o(.bss)
    .bss                                     0x2000d0df   Section       64  ch378.o(.bss)
    HEAP                                     0x2000d120   Section     1024  startup_gd32f450_470.o(HEAP)
    STACK                                    0x2000d520   Section     1024  startup_gd32f450_470.o(STACK)

    Global Symbols

    Symbol Name                              Value     Ov Type        Size  Object(Section)

    BuildAttributes$$THM_ISAv4$E$P$D$K$B$S$7EM$VFPi3$EXTD16$VFPS$VFMA$PE$A:L22UL41UL21$X:L11$S22US41US21$IEEE1$IW$USESV6$~STKCKD$USESV7$~SHL$OTIME$ROPI$IEEEX$EBA8$MICROLIB$REQ8$PRES8$EABIv2 0x00000000   Number         0  anon$$obj.o ABSOLUTE
    __ARM_use_no_argv                        0x00000000   Number         0  main.o ABSOLUTE
    _printf_a                                0x00000000   Number         0  stubs.o ABSOLUTE
    _printf_c                                0x00000000   Number         0  stubs.o ABSOLUTE
    _printf_charcount                        0x00000000   Number         0  stubs.o ABSOLUTE
    _printf_d                                0x00000000   Number         0  stubs.o ABSOLUTE
    _printf_e                                0x00000000   Number         0  stubs.o ABSOLUTE
    _printf_f                                0x00000000   Number         0  stubs.o ABSOLUTE
    _printf_flags                            0x00000000   Number         0  stubs.o ABSOLUTE
    _printf_fp_dec                           0x00000000   Number         0  stubs.o ABSOLUTE
    _printf_fp_hex                           0x00000000   Number         0  stubs.o ABSOLUTE
    _printf_g                                0x00000000   Number         0  stubs.o ABSOLUTE
    _printf_i                                0x00000000   Number         0  stubs.o ABSOLUTE
    _printf_int_dec                          0x00000000   Number         0  stubs.o ABSOLUTE
    _printf_l                                0x00000000   Number         0  stubs.o ABSOLUTE
    _printf_lc                               0x00000000   Number         0  stubs.o ABSOLUTE
    _printf_ll                               0x00000000   Number         0  stubs.o ABSOLUTE
    _printf_lld                              0x00000000   Number         0  stubs.o ABSOLUTE
    _printf_lli                              0x00000000   Number         0  stubs.o ABSOLUTE
    _printf_llo                              0x00000000   Number         0  stubs.o ABSOLUTE
    _printf_llu                              0x00000000   Number         0  stubs.o ABSOLUTE
    _printf_llx                              0x00000000   Number         0  stubs.o ABSOLUTE
    _printf_longlong_dec                     0x00000000   Number         0  stubs.o ABSOLUTE
    _printf_longlong_hex                     0x00000000   Number         0  stubs.o ABSOLUTE
    _printf_longlong_oct                     0x00000000   Number         0  stubs.o ABSOLUTE
    _printf_ls                               0x00000000   Number         0  stubs.o ABSOLUTE
    _printf_mbtowc                           0x00000000   Number         0  stubs.o ABSOLUTE
    _printf_n                                0x00000000   Number         0  stubs.o ABSOLUTE
    _printf_o                                0x00000000   Number         0  stubs.o ABSOLUTE
    _printf_p                                0x00000000   Number         0  stubs.o ABSOLUTE
    _printf_percent                          0x00000000   Number         0  stubs.o ABSOLUTE
    _printf_pre_padding                      0x00000000   Number         0  stubs.o ABSOLUTE
    _printf_return_value                     0x00000000   Number         0  stubs.o ABSOLUTE
    _printf_s                                0x00000000   Number         0  stubs.o ABSOLUTE
    _printf_sizespec                         0x00000000   Number         0  stubs.o ABSOLUTE
    _printf_str                              0x00000000   Number         0  stubs.o ABSOLUTE
    _printf_truncate_signed                  0x00000000   Number         0  stubs.o ABSOLUTE
    _printf_truncate_unsigned                0x00000000   Number         0  stubs.o ABSOLUTE
    _printf_u                                0x00000000   Number         0  stubs.o ABSOLUTE
    _printf_wc                               0x00000000   Number         0  stubs.o ABSOLUTE
    _printf_wctomb                           0x00000000   Number         0  stubs.o ABSOLUTE
    _printf_widthprec                        0x00000000   Number         0  stubs.o ABSOLUTE
    _printf_x                                0x00000000   Number         0  stubs.o ABSOLUTE
    __cpp_initialize__aeabi_                  - Undefined Weak Reference
    __cxa_finalize                            - Undefined Weak Reference
    _clock_init                               - Undefined Weak Reference
    _microlib_exit                            - Undefined Weak Reference
    _scanf_int                                - Undefined Weak Reference
    _scanf_longlong                           - Undefined Weak Reference
    _scanf_string                             - Undefined Weak Reference
    __Vectors_Size                           0x000001ac   Number         0  startup_gd32f450_470.o ABSOLUTE
    __Vectors                                0x08000000   Data           4  startup_gd32f450_470.o(RESET)
    __Vectors_End                            0x080001ac   Data           0  startup_gd32f450_470.o(RESET)
    __main                                   0x080001ad   Thumb Code     0  entry.o(.ARM.Collect$$$$00000000)
    _main_stk                                0x080001ad   Thumb Code     0  entry2.o(.ARM.Collect$$$$00000001)
    _main_scatterload                        0x080001b1   Thumb Code     0  entry5.o(.ARM.Collect$$$$00000004)
    __main_after_scatterload                 0x080001b5   Thumb Code     0  entry5.o(.ARM.Collect$$$$00000004)
    _main_clock                              0x080001b5   Thumb Code     0  entry7b.o(.ARM.Collect$$$$00000008)
    _main_cpp_init                           0x080001b5   Thumb Code     0  entry8b.o(.ARM.Collect$$$$0000000A)
    _main_init                               0x080001b5   Thumb Code     0  entry9a.o(.ARM.Collect$$$$0000000B)
    __rt_final_cpp                           0x080001bd   Thumb Code     0  entry10a.o(.ARM.Collect$$$$0000000D)
    __rt_final_exit                          0x080001bd   Thumb Code     0  entry11a.o(.ARM.Collect$$$$0000000F)
    SVC_Handler                              0x080001c1   Thumb Code    28  port.o(.emb_text)
    __asm___6_port_c_39a90d8d__prvStartFirstTask 0x080001e1   Thumb Code    36  port.o(.emb_text)
    __asm___6_port_c_39a90d8d__prvEnableVFP  0x08000209   Thumb Code    16  port.o(.emb_text)
    PendSV_Handler                           0x0800021d   Thumb Code    88  port.o(.emb_text)
    vPortGetIPSR                             0x08000279   Thumb Code     6  port.o(.emb_text)
    Reset_Handler                            0x08000281   Thumb Code     8  startup_gd32f450_470.o(.text)
    ADC_IRQHandler                           0x0800029b   Thumb Code     0  startup_gd32f450_470.o(.text)
    CAN0_EWMC_IRQHandler                     0x0800029b   Thumb Code     0  startup_gd32f450_470.o(.text)
    CAN0_RX1_IRQHandler                      0x0800029b   Thumb Code     0  startup_gd32f450_470.o(.text)
    CAN1_EWMC_IRQHandler                     0x0800029b   Thumb Code     0  startup_gd32f450_470.o(.text)
    CAN1_RX1_IRQHandler                      0x0800029b   Thumb Code     0  startup_gd32f450_470.o(.text)
    CAN1_TX_IRQHandler                       0x0800029b   Thumb Code     0  startup_gd32f450_470.o(.text)
    DCI_IRQHandler                           0x0800029b   Thumb Code     0  startup_gd32f450_470.o(.text)
    DMA0_Channel0_IRQHandler                 0x0800029b   Thumb Code     0  startup_gd32f450_470.o(.text)
    DMA0_Channel1_IRQHandler                 0x0800029b   Thumb Code     0  startup_gd32f450_470.o(.text)
    DMA0_Channel2_IRQHandler                 0x0800029b   Thumb Code     0  startup_gd32f450_470.o(.text)
    DMA0_Channel3_IRQHandler                 0x0800029b   Thumb Code     0  startup_gd32f450_470.o(.text)
    DMA0_Channel4_IRQHandler                 0x0800029b   Thumb Code     0  startup_gd32f450_470.o(.text)
    DMA0_Channel5_IRQHandler                 0x0800029b   Thumb Code     0  startup_gd32f450_470.o(.text)
    DMA0_Channel6_IRQHandler                 0x0800029b   Thumb Code     0  startup_gd32f450_470.o(.text)
    DMA1_Channel0_IRQHandler                 0x0800029b   Thumb Code     0  startup_gd32f450_470.o(.text)
    DMA1_Channel1_IRQHandler                 0x0800029b   Thumb Code     0  startup_gd32f450_470.o(.text)
    DMA1_Channel2_IRQHandler                 0x0800029b   Thumb Code     0  startup_gd32f450_470.o(.text)
    DMA1_Channel3_IRQHandler                 0x0800029b   Thumb Code     0  startup_gd32f450_470.o(.text)
    DMA1_Channel4_IRQHandler                 0x0800029b   Thumb Code     0  startup_gd32f450_470.o(.text)
    DMA1_Channel5_IRQHandler                 0x0800029b   Thumb Code     0  startup_gd32f450_470.o(.text)
    DMA1_Channel6_IRQHandler                 0x0800029b   Thumb Code     0  startup_gd32f450_470.o(.text)
    DMA1_Channel7_IRQHandler                 0x0800029b   Thumb Code     0  startup_gd32f450_470.o(.text)
    ENET_IRQHandler                          0x0800029b   Thumb Code     0  startup_gd32f450_470.o(.text)
    ENET_WKUP_IRQHandler                     0x0800029b   Thumb Code     0  startup_gd32f450_470.o(.text)
    EXMC_IRQHandler                          0x0800029b   Thumb Code     0  startup_gd32f450_470.o(.text)
    FMC_IRQHandler                           0x0800029b   Thumb Code     0  startup_gd32f450_470.o(.text)
    FPU_IRQHandler                           0x0800029b   Thumb Code     0  startup_gd32f450_470.o(.text)
    I2C0_ER_IRQHandler                       0x0800029b   Thumb Code     0  startup_gd32f450_470.o(.text)
    I2C0_EV_IRQHandler                       0x0800029b   Thumb Code     0  startup_gd32f450_470.o(.text)
    I2C1_ER_IRQHandler                       0x0800029b   Thumb Code     0  startup_gd32f450_470.o(.text)
    I2C1_EV_IRQHandler                       0x0800029b   Thumb Code     0  startup_gd32f450_470.o(.text)
    I2C2_ER_IRQHandler                       0x0800029b   Thumb Code     0  startup_gd32f450_470.o(.text)
    I2C2_EV_IRQHandler                       0x0800029b   Thumb Code     0  startup_gd32f450_470.o(.text)
    IPA_IRQHandler                           0x0800029b   Thumb Code     0  startup_gd32f450_470.o(.text)
    LVD_IRQHandler                           0x0800029b   Thumb Code     0  startup_gd32f450_470.o(.text)
    RCU_CTC_IRQHandler                       0x0800029b   Thumb Code     0  startup_gd32f450_470.o(.text)
    RTC_Alarm_IRQHandler                     0x0800029b   Thumb Code     0  startup_gd32f450_470.o(.text)
    RTC_WKUP_IRQHandler                      0x0800029b   Thumb Code     0  startup_gd32f450_470.o(.text)
    SDIO_IRQHandler                          0x0800029b   Thumb Code     0  startup_gd32f450_470.o(.text)
    SPI0_IRQHandler                          0x0800029b   Thumb Code     0  startup_gd32f450_470.o(.text)
    SPI1_IRQHandler                          0x0800029b   Thumb Code     0  startup_gd32f450_470.o(.text)
    SPI2_IRQHandler                          0x0800029b   Thumb Code     0  startup_gd32f450_470.o(.text)
    SPI3_IRQHandler                          0x0800029b   Thumb Code     0  startup_gd32f450_470.o(.text)
    SPI4_IRQHandler                          0x0800029b   Thumb Code     0  startup_gd32f450_470.o(.text)
    SPI5_IRQHandler                          0x0800029b   Thumb Code     0  startup_gd32f450_470.o(.text)
    TAMPER_STAMP_IRQHandler                  0x0800029b   Thumb Code     0  startup_gd32f450_470.o(.text)
    TIMER0_BRK_TIMER8_IRQHandler             0x0800029b   Thumb Code     0  startup_gd32f450_470.o(.text)
    TIMER0_Channel_IRQHandler                0x0800029b   Thumb Code     0  startup_gd32f450_470.o(.text)
    TIMER0_TRG_CMT_TIMER10_IRQHandler        0x0800029b   Thumb Code     0  startup_gd32f450_470.o(.text)
    TIMER0_UP_TIMER9_IRQHandler              0x0800029b   Thumb Code     0  startup_gd32f450_470.o(.text)
    TIMER2_IRQHandler                        0x0800029b   Thumb Code     0  startup_gd32f450_470.o(.text)
    TIMER4_IRQHandler                        0x0800029b   Thumb Code     0  startup_gd32f450_470.o(.text)
    TIMER5_DAC_IRQHandler                    0x0800029b   Thumb Code     0  startup_gd32f450_470.o(.text)
    TIMER6_IRQHandler                        0x0800029b   Thumb Code     0  startup_gd32f450_470.o(.text)
    TIMER7_BRK_TIMER11_IRQHandler            0x0800029b   Thumb Code     0  startup_gd32f450_470.o(.text)
    TIMER7_Channel_IRQHandler                0x0800029b   Thumb Code     0  startup_gd32f450_470.o(.text)
    TIMER7_TRG_CMT_TIMER13_IRQHandler        0x0800029b   Thumb Code     0  startup_gd32f450_470.o(.text)
    TIMER7_UP_TIMER12_IRQHandler             0x0800029b   Thumb Code     0  startup_gd32f450_470.o(.text)
    TLI_ER_IRQHandler                        0x0800029b   Thumb Code     0  startup_gd32f450_470.o(.text)
    TLI_IRQHandler                           0x0800029b   Thumb Code     0  startup_gd32f450_470.o(.text)
    TRNG_IRQHandler                          0x0800029b   Thumb Code     0  startup_gd32f450_470.o(.text)
    UART3_IRQHandler                         0x0800029b   Thumb Code     0  startup_gd32f450_470.o(.text)
    UART6_IRQHandler                         0x0800029b   Thumb Code     0  startup_gd32f450_470.o(.text)
    UART7_IRQHandler                         0x0800029b   Thumb Code     0  startup_gd32f450_470.o(.text)
    USART0_IRQHandler                        0x0800029b   Thumb Code     0  startup_gd32f450_470.o(.text)
    USART1_IRQHandler                        0x0800029b   Thumb Code     0  startup_gd32f450_470.o(.text)
    USART2_IRQHandler                        0x0800029b   Thumb Code     0  startup_gd32f450_470.o(.text)
    USART5_IRQHandler                        0x0800029b   Thumb Code     0  startup_gd32f450_470.o(.text)
    USBFS_IRQHandler                         0x0800029b   Thumb Code     0  startup_gd32f450_470.o(.text)
    USBFS_WKUP_IRQHandler                    0x0800029b   Thumb Code     0  startup_gd32f450_470.o(.text)
    USBHS_EP1_In_IRQHandler                  0x0800029b   Thumb Code     0  startup_gd32f450_470.o(.text)
    USBHS_EP1_Out_IRQHandler                 0x0800029b   Thumb Code     0  startup_gd32f450_470.o(.text)
    USBHS_IRQHandler                         0x0800029b   Thumb Code     0  startup_gd32f450_470.o(.text)
    USBHS_WKUP_IRQHandler                    0x0800029b   Thumb Code     0  startup_gd32f450_470.o(.text)
    WWDGT_IRQHandler                         0x0800029b   Thumb Code     0  startup_gd32f450_470.o(.text)
    __aeabi_memcpy                           0x080002a5   Thumb Code    36  memcpya.o(.text)
    __aeabi_memcpy4                          0x080002a5   Thumb Code     0  memcpya.o(.text)
    __aeabi_memcpy8                          0x080002a5   Thumb Code     0  memcpya.o(.text)
    __aeabi_memset                           0x080002c9   Thumb Code    14  memseta.o(.text)
    __aeabi_memset4                          0x080002c9   Thumb Code     0  memseta.o(.text)
    __aeabi_memset8                          0x080002c9   Thumb Code     0  memseta.o(.text)
    __aeabi_memclr                           0x080002d7   Thumb Code     4  memseta.o(.text)
    __aeabi_memclr4                          0x080002d7   Thumb Code     0  memseta.o(.text)
    __aeabi_memclr8                          0x080002d7   Thumb Code     0  memseta.o(.text)
    _memset$wrapper                          0x080002db   Thumb Code    18  memseta.o(.text)
    strlen                                   0x080002ed   Thumb Code    14  strlen.o(.text)
    __scatterload                            0x080002fd   Thumb Code    28  init.o(.text)
    __scatterload_rt2                        0x080002fd   Thumb Code     0  init.o(.text)
    __decompress                             0x08000321   Thumb Code     0  __dczerorl2.o(.text)
    __decompress1                            0x08000321   Thumb Code    86  __dczerorl2.o(.text)
    BusFault_Handler                         0x08000377   Thumb Code     4  gd32f4xx_it.o(i.BusFault_Handler)
    CAN0_RX0_IRQHandler                      0x0800037d   Thumb Code    76  drv_can.o(i.CAN0_RX0_IRQHandler)
    CAN0_TX_IRQHandler                       0x080003cd   Thumb Code     2  drv_can.o(i.CAN0_TX_IRQHandler)
    CAN1_RX0_IRQHandler                      0x080003d1   Thumb Code    76  drv_can.o(i.CAN1_RX0_IRQHandler)
    DMA0_Channel7_IRQHandler                 0x08000425   Thumb Code   134  drv_usart.o(i.DMA0_Channel7_IRQHandler)
    DebugMon_Handler                         0x080004bd   Thumb Code     2  gd32f4xx_it.o(i.DebugMon_Handler)
    EXTI0_IRQHandler                         0x080004bf   Thumb Code    10  drv_gpio.o(i.EXTI0_IRQHandler)
    EXTI10_15_IRQHandler                     0x080004c9   Thumb Code    40  drv_gpio.o(i.EXTI10_15_IRQHandler)
    EXTI1_IRQHandler                         0x080004f1   Thumb Code    10  drv_gpio.o(i.EXTI1_IRQHandler)
    EXTI2_IRQHandler                         0x080004fb   Thumb Code    10  drv_gpio.o(i.EXTI2_IRQHandler)
    EXTI3_IRQHandler                         0x08000505   Thumb Code    10  drv_gpio.o(i.EXTI3_IRQHandler)
    EXTI4_IRQHandler                         0x08000511   Thumb Code    48  drv_gpio.o(i.EXTI4_IRQHandler)
    EXTI5_9_IRQHandler                       0x0800054d   Thumb Code    34  drv_gpio.o(i.EXTI5_9_IRQHandler)
    GD32_GPIO_EXTI_IRQHandler                0x08000571   Thumb Code    60  drv_gpio.o(i.GD32_GPIO_EXTI_IRQHandler)
    HardFault_Handler                        0x080005b1   Thumb Code     4  gd32f4xx_it.o(i.HardFault_Handler)
    MemManage_Handler                        0x080005b5   Thumb Code     4  gd32f4xx_it.o(i.MemManage_Handler)
    NMI_Handler                              0x080005b9   Thumb Code     2  gd32f4xx_it.o(i.NMI_Handler)
    OS_PostSleepProcessing                   0x080005e5   Thumb Code     2  main.o(i.OS_PostSleepProcessing)
    OS_PreSleepProcessing                    0x080005e7   Thumb Code     2  main.o(i.OS_PreSleepProcessing)
    SysTick_Handler                          0x080005e9   Thumb Code    46  port.o(i.SysTick_Handler)
    SystemCoreClockUpdate                    0x0800061d   Thumb Code   238  system_gd32f4xx.o(i.SystemCoreClockUpdate)
    SystemInit                               0x0800072d   Thumb Code   184  system_gd32f4xx.o(i.SystemInit)
    TIMER1_IRQHandler                        0x080007f5   Thumb Code   156  drv_timer.o(i.TIMER1_IRQHandler)
    TIMER3_IRQHandler                        0x080008a9   Thumb Code    40  drv_timer.o(i.TIMER3_IRQHandler)
    UART4_IRQHandler                         0x080008d9   Thumb Code   108  drv_usart.o(i.UART4_IRQHandler)
    Uart_RxInit                              0x08000955   Thumb Code   254  uartadapter.o(i.Uart_RxInit)
    Uart_TxInit                              0x08000a59   Thumb Code   238  uartadapter.o(i.Uart_TxInit)
    UsageFault_Handler                       0x08000b4d   Thumb Code     4  gd32f4xx_it.o(i.UsageFault_Handler)
    __scatterload_copy                       0x08000b51   Thumb Code    14  handlers.o(i.__scatterload_copy)
    __scatterload_null                       0x08000b5f   Thumb Code     2  handlers.o(i.__scatterload_null)
    __scatterload_zeroinit                   0x08000b61   Thumb Code    14  handlers.o(i.__scatterload_zeroinit)
    bxcan_filter_config                      0x08000ca9   Thumb Code   400  drv_can.o(i.bxcan_filter_config)
    bxcan_format_data                        0x08000e41   Thumb Code    74  drv_can.o(i.bxcan_format_data)
    bxcan_format_filter                      0x08000e8b   Thumb Code    14  drv_can.o(i.bxcan_format_filter)
    bxcan_send_data                          0x08000f91   Thumb Code   126  drv_can.o(i.bxcan_send_data)
    can_deinit                               0x08001019   Thumb Code    46  gd32f4xx_can.o(i.can_deinit)
    can_error_get                            0x0800104d   Thumb Code    12  gd32f4xx_can.o(i.can_error_get)
    can_filter_init                          0x08001059   Thumb Code   262  gd32f4xx_can.o(i.can_filter_init)
    can_init                                 0x08001169   Thumb Code   286  gd32f4xx_can.o(i.can_init)
    can_interrupt_enable                     0x08001287   Thumb Code     8  gd32f4xx_can.o(i.can_interrupt_enable)
    can_interrupt_flag_clear                 0x0800128f   Thumb Code    16  gd32f4xx_can.o(i.can_interrupt_flag_clear)
    can_interrupt_flag_get                   0x080012a1   Thumb Code   108  gd32f4xx_can.o(i.can_interrupt_flag_get)
    can_message_receive                      0x08001315   Thumb Code   228  gd32f4xx_can.o(i.can_message_receive)
    can_message_transmit                     0x080013f9   Thumb Code   332  gd32f4xx_can.o(i.can_message_transmit)
    can_receive_message_length_get           0x08001549   Thumb Code    26  gd32f4xx_can.o(i.can_receive_message_length_get)
    ch378_dir_create                         0x08001565   Thumb Code    40  ch378.o(i.ch378_dir_create)
    ch378_disk_connect                       0x08001591   Thumb Code    26  ch378.o(i.ch378_disk_connect)
    ch378_disk_mount                         0x080015b1   Thumb Code    26  ch378.o(i.ch378_disk_mount)
    ch378_filename_is_valid                  0x080015d1   Thumb Code    60  ch378.o(i.ch378_filename_is_valid)
    ch378_get_ic_vere                        0x0800160d   Thumb Code    36  ch378.o(i.ch378_get_ic_vere)
    ch378_get_intStatus                      0x08001631   Thumb Code    24  ch378.o(i.ch378_get_intStatus)
    ch378_init                               0x08001649   Thumb Code    24  ch378.o(i.ch378_init)
    ch378_port_init                          0x08001675   Thumb Code    52  ch378.o(i.ch378_port_init)
    ch378_read_block                         0x080016b1   Thumb Code    70  ch378.o(i.ch378_read_block)
    ch378_set_filename                       0x080016f7   Thumb Code    56  ch378.o(i.ch378_set_filename)
    ch378_task                               0x08001731   Thumb Code   246  ch378.o(i.ch378_task)
    delay_1us                                0x08001845   Thumb Code    16  drv_timer.o(i.delay_1us)
    dma_channel_disable                      0x08001859   Thumb Code    32  gd32f4xx_dma.o(i.dma_channel_disable)
    dma_channel_enable                       0x08001879   Thumb Code    32  gd32f4xx_dma.o(i.dma_channel_enable)
    dma_channel_subperipheral_select         0x08001899   Thumb Code    38  gd32f4xx_dma.o(i.dma_channel_subperipheral_select)
    dma_circulation_disable                  0x080018bf   Thumb Code    32  gd32f4xx_dma.o(i.dma_circulation_disable)
    dma_config                               0x080018e1   Thumb Code   190  drv_usart.o(i.dma_config)
    dma_deinit                               0x080019ad   Thumb Code   164  gd32f4xx_dma.o(i.dma_deinit)
    dma_interrupt_enable                     0x08001a51   Thumb Code    62  gd32f4xx_dma.o(i.dma_interrupt_enable)
    dma_interrupt_flag_clear                 0x08001a8f   Thumb Code    62  gd32f4xx_dma.o(i.dma_interrupt_flag_clear)
    dma_interrupt_flag_get                   0x08001acd   Thumb Code   516  gd32f4xx_dma.o(i.dma_interrupt_flag_get)
    dma_nvic_config                          0x08001cd1   Thumb Code    14  drv_usart.o(i.dma_nvic_config)
    dma_single_data_mode_init                0x08001ce1   Thumb Code   340  gd32f4xx_dma.o(i.dma_single_data_mode_init)
    dma_single_data_para_struct_init         0x08001e39   Thumb Code    34  gd32f4xx_dma.o(i.dma_single_data_para_struct_init)
    dma_transfer_number_config               0x08001e5b   Thumb Code    16  gd32f4xx_dma.o(i.dma_transfer_number_config)
    dma_transfer_number_get                  0x08001e6b   Thumb Code    16  gd32f4xx_dma.o(i.dma_transfer_number_get)
    eTaskConfirmSleepModeStatus              0x08001e7d   Thumb Code    42  tasks.o(i.eTaskConfirmSleepModeStatus)
    exmc_norsram_enable                      0x08001eb9   Thumb Code    22  gd32f4xx_exmc.o(i.exmc_norsram_enable)
    exmc_norsram_init                        0x08001ed1   Thumb Code   224  gd32f4xx_exmc.o(i.exmc_norsram_init)
    exmc_sram_init                           0x08001fb5   Thumb Code   352  exmc_sram.o(i.exmc_sram_init)
    exti_init                                0x08002125   Thumb Code   184  gd32f4xx_exti.o(i.exti_init)
    exti_interrupt_flag_clear                0x080021e1   Thumb Code     6  gd32f4xx_exti.o(i.exti_interrupt_flag_clear)
    exti_interrupt_flag_get                  0x080021ed   Thumb Code    32  gd32f4xx_exti.o(i.exti_interrupt_flag_get)
    fpga_int_hdr                             0x08002211   Thumb Code     8  main.o(i.fpga_int_hdr)
    gd32_bxcan_init                          0x0800221d   Thumb Code   148  drv_can.o(i.gd32_bxcan_init)
    gd32_hw_usart_init                       0x080022b9   Thumb Code    22  drv_usart.o(i.gd32_hw_usart_init)
    gd32_pin_attach_irq                      0x080022d5   Thumb Code   196  drv_gpio.o(i.gd32_pin_attach_irq)
    gd32_pin_irq_enable                      0x0800239d   Thumb Code   236  drv_gpio.o(i.gd32_pin_irq_enable)
    gd32_pin_mode                            0x08002491   Thumb Code   194  drv_gpio.o(i.gd32_pin_mode)
    gd32_pin_write                           0x08002553   Thumb Code    32  drv_gpio.o(i.gd32_pin_write)
    gd32_timer_init                          0x08002573   Thumb Code     8  drv_timer.o(i.gd32_timer_init)
    gd32_usart_dma_init                      0x08002669   Thumb Code    20  drv_usart.o(i.gd32_usart_dma_init)
    get_pin                                  0x080026c1   Thumb Code    28  drv_gpio.o(i.get_pin)
    gpio_af_set                              0x080026e1   Thumb Code    94  gd32f4xx_gpio.o(i.gpio_af_set)
    gpio_bit_reset                           0x0800273f   Thumb Code     4  gd32f4xx_gpio.o(i.gpio_bit_reset)
    gpio_bit_set                             0x08002743   Thumb Code     4  gd32f4xx_gpio.o(i.gpio_bit_set)
    gpio_bit_write                           0x08002747   Thumb Code    10  gd32f4xx_gpio.o(i.gpio_bit_write)
    gpio_init                                0x080027a9   Thumb Code   182  main.o(i.gpio_init)
    gpio_mode_set                            0x08002869   Thumb Code    78  gd32f4xx_gpio.o(i.gpio_mode_set)
    gpio_output_options_set                  0x080028b7   Thumb Code    66  gd32f4xx_gpio.o(i.gpio_output_options_set)
    hw_serial_register                       0x080028f9   Thumb Code    58  serial.o(i.hw_serial_register)
    hw_spi_init                              0x08002935   Thumb Code   108  drv_spi.o(i.hw_spi_init)
    main                                     0x080029a9   Thumb Code    46  main.o(i.main)
    malloc                                   0x080029ed   Thumb Code    92  malloc.o(i.malloc)
    nvic_irq_disable                         0x08002a59   Thumb Code    18  gd32f4xx_misc.o(i.nvic_irq_disable)
    nvic_irq_enable                          0x08002a71   Thumb Code   186  gd32f4xx_misc.o(i.nvic_irq_enable)
    nvic_priority_group_set                  0x08002b35   Thumb Code    10  gd32f4xx_misc.o(i.nvic_priority_group_set)
    pin_irq_install                          0x08002b81   Thumb Code    52  drv_gpio.o(i.pin_irq_install)
    pvPortMalloc                             0x080036d9   Thumb Code   316  heap_4.o(i.pvPortMalloc)
    pxPortInitialiseStack                    0x0800382d   Thumb Code    38  port.o(i.pxPortInitialiseStack)
    rcu_clock_freq_get                       0x08003875   Thumb Code   264  gd32f4xx_rcu.o(i.rcu_clock_freq_get)
    rcu_periph_clock_enable                  0x08003999   Thumb Code    32  gd32f4xx_rcu.o(i.rcu_periph_clock_enable)
    rcu_periph_reset_disable                 0x080039bd   Thumb Code    32  gd32f4xx_rcu.o(i.rcu_periph_reset_disable)
    rcu_periph_reset_enable                  0x080039e1   Thumb Code    32  gd32f4xx_rcu.o(i.rcu_periph_reset_enable)
    rcu_timer_clock_prescaler_config         0x08003a05   Thumb Code    32  gd32f4xx_rcu.o(i.rcu_timer_clock_prescaler_config)
    spi_crc_off                              0x08003b41   Thumb Code    10  gd32f4xx_spi.o(i.spi_crc_off)
    spi_enable                               0x08003b4b   Thumb Code    10  gd32f4xx_spi.o(i.spi_enable)
    spi_i2s_data_receive                     0x08003b55   Thumb Code     8  gd32f4xx_spi.o(i.spi_i2s_data_receive)
    spi_i2s_data_transmit                    0x08003b5d   Thumb Code     4  gd32f4xx_spi.o(i.spi_i2s_data_transmit)
    spi_i2s_flag_get                         0x08003b61   Thumb Code    16  gd32f4xx_spi.o(i.spi_i2s_flag_get)
    spi_init                                 0x08003b71   Thumb Code    50  gd32f4xx_spi.o(i.spi_init)
    spi_recv                                 0x08003ba5   Thumb Code    54  drv_spi.o(i.spi_recv)
    spi_send                                 0x08003be5   Thumb Code    54  drv_spi.o(i.spi_send)
    spi_xfer                                 0x08003c25   Thumb Code   156  drv_spi.o(i.spi_xfer)
    start_task                               0x08003cc1   Thumb Code    26  main.o(i.start_task)
    syscfg_exti_line_config                  0x08003ce1   Thumb Code   166  gd32f4xx_syscfg.o(i.syscfg_exti_line_config)
    systick_config                           0x08003e91   Thumb Code    74  systick.o(i.systick_config)
    timer3_init                              0x08003ee1   Thumb Code   110  drv_timer.o(i.timer3_init)
    timer_auto_reload_shadow_enable          0x08003f55   Thumb Code    10  gd32f4xx_timer.o(i.timer_auto_reload_shadow_enable)
    timer_channel_capture_value_register_read 0x08003f5f   Thumb Code    42  gd32f4xx_timer.o(i.timer_channel_capture_value_register_read)
    timer_deinit                             0x08003f89   Thumb Code   374  gd32f4xx_timer.o(i.timer_deinit)
    timer_enable                             0x0800410d   Thumb Code    10  gd32f4xx_timer.o(i.timer_enable)
    timer_init                               0x08004119   Thumb Code   122  gd32f4xx_timer.o(i.timer_init)
    timer_interrupt_enable                   0x080041b1   Thumb Code     8  gd32f4xx_timer.o(i.timer_interrupt_enable)
    timer_interrupt_flag_clear               0x080041b9   Thumb Code     6  gd32f4xx_timer.o(i.timer_interrupt_flag_clear)
    timer_interrupt_flag_get                 0x080041bf   Thumb Code    24  gd32f4xx_timer.o(i.timer_interrupt_flag_get)
    timer_update_source_config               0x080041d7   Thumb Code    26  gd32f4xx_timer.o(i.timer_update_source_config)
    uart4_rx_finish_irq                      0x080041f1   Thumb Code    68  drv_usart.o(i.uart4_rx_finish_irq)
    usart_baudrate_set                       0x08004329   Thumb Code   224  gd32f4xx_usart.o(i.usart_baudrate_set)
    usart_data_receive                       0x08004411   Thumb Code    10  gd32f4xx_usart.o(i.usart_data_receive)
    usart_data_transmit                      0x0800441b   Thumb Code     8  gd32f4xx_usart.o(i.usart_data_transmit)
    usart_deinit                             0x08004425   Thumb Code   210  gd32f4xx_usart.o(i.usart_deinit)
    usart_dma_receive_config                 0x08004501   Thumb Code    16  gd32f4xx_usart.o(i.usart_dma_receive_config)
    usart_dma_transmit_config                0x08004511   Thumb Code    16  gd32f4xx_usart.o(i.usart_dma_transmit_config)
    usart_enable                             0x08004521   Thumb Code    10  gd32f4xx_usart.o(i.usart_enable)
    usart_flag_clear                         0x0800452b   Thumb Code    26  gd32f4xx_usart.o(i.usart_flag_clear)
    usart_flag_get                           0x08004545   Thumb Code    30  gd32f4xx_usart.o(i.usart_flag_get)
    usart_interrupt_disable                  0x08004563   Thumb Code    26  gd32f4xx_usart.o(i.usart_interrupt_disable)
    usart_interrupt_enable                   0x0800457d   Thumb Code    26  gd32f4xx_usart.o(i.usart_interrupt_enable)
    usart_interrupt_flag_clear               0x08004597   Thumb Code    26  gd32f4xx_usart.o(i.usart_interrupt_flag_clear)
    usart_interrupt_flag_get                 0x080045b1   Thumb Code    56  gd32f4xx_usart.o(i.usart_interrupt_flag_get)
    usart_parity_config                      0x080045e9   Thumb Code    16  gd32f4xx_usart.o(i.usart_parity_config)
    usart_receive_config                     0x080045f9   Thumb Code    16  gd32f4xx_usart.o(i.usart_receive_config)
    usart_stop_bit_set                       0x08004609   Thumb Code    16  gd32f4xx_usart.o(i.usart_stop_bit_set)
    usart_transmit_config                    0x08004619   Thumb Code    16  gd32f4xx_usart.o(i.usart_transmit_config)
    usart_word_length_set                    0x08004629   Thumb Code    16  gd32f4xx_usart.o(i.usart_word_length_set)
    uxListRemove                             0x08004639   Thumb Code    40  list.o(i.uxListRemove)
    vApplicationIdleHook                     0x08004661   Thumb Code     2  main.o(i.vApplicationIdleHook)
    vApplicationMallocFailedHook             0x08004663   Thumb Code    22  main.o(i.vApplicationMallocFailedHook)
    vApplicationStackOverflowHook            0x08004679   Thumb Code    22  main.o(i.vApplicationStackOverflowHook)
    vApplicationTickHook                     0x0800468f   Thumb Code     2  main.o(i.vApplicationTickHook)
    vListInitialise                          0x08004691   Thumb Code    26  list.o(i.vListInitialise)
    vListInitialiseItem                      0x080046ab   Thumb Code     6  list.o(i.vListInitialiseItem)
    vListInsert                              0x080046b1   Thumb Code    52  list.o(i.vListInsert)
    vListInsertEnd                           0x080046e5   Thumb Code    24  list.o(i.vListInsertEnd)
    vPortEnterCritical                       0x080046fd   Thumb Code    76  port.o(i.vPortEnterCritical)
    vPortExitCritical                        0x08004751   Thumb Code    56  port.o(i.vPortExitCritical)
    vPortFree                                0x0800478d   Thumb Code   150  heap_4.o(i.vPortFree)
    vPortSetupTimerInterrupt                 0x08004831   Thumb Code    86  port.o(i.vPortSetupTimerInterrupt)
    vPortSuppressTicksAndSleep               0x08004899   Thumb Code   332  port.o(i.vPortSuppressTicksAndSleep)
    vPortValidateInterruptPriority           0x080049f1   Thumb Code   106  port.o(i.vPortValidateInterruptPriority)
    vQueueAddToRegistry                      0x08004a69   Thumb Code    38  queue.o(i.vQueueAddToRegistry)
    vQueueWaitForMessageRestricted           0x08004a95   Thumb Code    74  queue.o(i.vQueueWaitForMessageRestricted)
    vTaskDelete                              0x08004ae1   Thumb Code   202  tasks.o(i.vTaskDelete)
    vTaskInternalSetTimeOutState             0x08004bd5   Thumb Code    14  tasks.o(i.vTaskInternalSetTimeOutState)
    vTaskMissedYield                         0x08004bed   Thumb Code     8  tasks.o(i.vTaskMissedYield)
    vTaskPlaceOnEventList                    0x08004bf9   Thumb Code    52  tasks.o(i.vTaskPlaceOnEventList)
    vTaskPlaceOnEventListRestricted          0x08004c31   Thumb Code    60  tasks.o(i.vTaskPlaceOnEventListRestricted)
    vTaskStartScheduler                      0x08004c71   Thumb Code   120  tasks.o(i.vTaskStartScheduler)
    vTaskStepTick                            0x08004d05   Thumb Code    56  tasks.o(i.vTaskStepTick)
    vTaskSuspendAll                          0x08004d45   Thumb Code    12  tasks.o(i.vTaskSuspendAll)
    vTaskSwitchContext                       0x08004d55   Thumb Code   148  tasks.o(i.vTaskSwitchContext)
    xPortStartScheduler                      0x08004dfd   Thumb Code   330  port.o(i.xPortStartScheduler)
    xQueueGenericCreate                      0x08004f65   Thumb Code    84  queue.o(i.xQueueGenericCreate)
    xQueueGenericReset                       0x08004fb9   Thumb Code   146  queue.o(i.xQueueGenericReset)
    xQueueGenericSend                        0x08005051   Thumb Code   466  queue.o(i.xQueueGenericSend)
    xQueueGenericSendFromISR                 0x08005229   Thumb Code   274  queue.o(i.xQueueGenericSendFromISR)
    xQueueReceive                            0x0800533d   Thumb Code   356  queue.o(i.xQueueReceive)
    xTaskCheckForTimeOut                     0x080054a5   Thumb Code   132  tasks.o(i.xTaskCheckForTimeOut)
    xTaskCreate                              0x08005531   Thumb Code    96  tasks.o(i.xTaskCreate)
    xTaskGetSchedulerState                   0x08005591   Thumb Code    24  tasks.o(i.xTaskGetSchedulerState)
    xTaskGetTickCount                        0x080055b1   Thumb Code     6  tasks.o(i.xTaskGetTickCount)
    xTaskIncrementTick                       0x080055bd   Thumb Code   298  tasks.o(i.xTaskIncrementTick)
    xTaskPriorityDisinherit                  0x08005715   Thumb Code   188  tasks.o(i.xTaskPriorityDisinherit)
    xTaskRemoveFromEventList                 0x080057dd   Thumb Code   132  tasks.o(i.xTaskRemoveFromEventList)
    xTaskResumeAll                           0x08005879   Thumb Code   224  tasks.o(i.xTaskResumeAll)
    xTimerCreateTimerTask                    0x0800597d   Thumb Code    64  timers.o(i.xTimerCreateTimerTask)
    xTimerGenericCommand                     0x080059d1   Thumb Code   128  timers.o(i.xTimerGenericCommand)
    Region$$Table$$Base                      0x08006610   Number         0  anon$$obj.o(Region$$Table)
    Region$$Table$$Limit                     0x08006630   Number         0  anon$$obj.o(Region$$Table)
    task_start_handler                       0x20000000   Data           4  main.o(.data)
    fpga_syn                                 0x20000004   Data           1  main.o(.data)
    m_Timer                                  0x20000008   Data           4  main.o(.data)
    SystemCoreClock                          0x2000000c   Data           4  system_gd32f4xx.o(.data)
    pxCurrentTCB                             0x20000010   Data           4  tasks.o(.data)
    pin_irq_hdr_tab                          0x20000098   Data         256  drv_gpio.o(.data)
    usart4                                   0x200001ac   Data           8  drv_usart.o(.data)
    serial4                                  0x200001b4   Data          24  drv_usart.o(.data)
    can0_config                              0x200001cc   Data         120  drv_can.o(.data)
    can1_config                              0x20000244   Data         120  drv_can.o(.data)
    StdIdArray                               0x200002bc   Data          20  drv_can.o(.data)
    ExtIdArray                               0x200002d0   Data          24  drv_can.o(.data)
    ccnumber                                 0x200002e8   Data           1  drv_timer.o(.data)
    ic1value                                 0x200002ec   Data           4  drv_timer.o(.data)
    ic2value                                 0x200002f0   Data           4  drv_timer.o(.data)
    dutycycle                                0x200002f4   Data           2  drv_timer.o(.data)
    frequency                                0x200002f6   Data           2  drv_timer.o(.data)
    count                                    0x200002f8   Data           2  drv_timer.o(.data)
    task_ch378_handler                       0x20000300   Data           4  ch378.o(.data)
    xCh378Semaphore                          0x20000304   Data           4  ch378.o(.data)
    xCh378Queue                              0x20000308   Data           4  ch378.o(.data)
    dataLen                                  0x2000030c   Data           2  ch378.o(.data)
    disk_status                              0x2000030e   Data           1  ch378.o(.data)
    ch378Status                              0x2000030f   Data           1  ch378.o(.data)
    __microlib_freelist                      0x20000310   Data           4  mvars.o(.data)
    __microlib_freelist_initialised          0x20000314   Data           4  mvars.o(.data)
    xQueueRegistry                           0x20000318   Data          64  queue.o(.bss)
    g_UartData                               0x2000ccac   Data        1075  drv_usart.o(.bss)
    product_info                             0x2000d0df   Data          64  ch378.o(.bss)
    __heap_base                              0x2000d120   Data           0  startup_gd32f450_470.o(HEAP)
    __heap_limit                             0x2000d520   Data           0  startup_gd32f450_470.o(HEAP)
    __initial_sp                             0x2000d920   Data           0  startup_gd32f450_470.o(STACK)



==============================================================================

Memory Map of the image

  Image Entry point : 0x080001ad

  Load Region LR_IROM1 (Base: 0x08000000, Size: 0x00006948, Max: 0x00200000, ABSOLUTE, COMPRESSED[0x00006694])

    Execution Region ER_IROM1 (Base: 0x08000000, Size: 0x00006630, Max: 0x00200000, ABSOLUTE)

    Base Addr    Size         Type   Attr      Idx    E Section Name        Object

    0x08000000   0x000001ac   Data   RO          536    RESET               startup_gd32f450_470.o
    0x080001ac   0x00000000   Code   RO         6503  * .ARM.Collect$$$$00000000  mc_w.l(entry.o)
    0x080001ac   0x00000004   Code   RO         6884    .ARM.Collect$$$$00000001  mc_w.l(entry2.o)
    0x080001b0   0x00000004   Code   RO         6887    .ARM.Collect$$$$00000004  mc_w.l(entry5.o)
    0x080001b4   0x00000000   Code   RO         6889    .ARM.Collect$$$$00000008  mc_w.l(entry7b.o)
    0x080001b4   0x00000000   Code   RO         6891    .ARM.Collect$$$$0000000A  mc_w.l(entry8b.o)
    0x080001b4   0x00000008   Code   RO         6892    .ARM.Collect$$$$0000000B  mc_w.l(entry9a.o)
    0x080001bc   0x00000000   Code   RO         6894    .ARM.Collect$$$$0000000D  mc_w.l(entry10a.o)
    0x080001bc   0x00000000   Code   RO         6896    .ARM.Collect$$$$0000000F  mc_w.l(entry11a.o)
    0x080001bc   0x00000004   Code   RO         6885    .ARM.Collect$$$$00002712  mc_w.l(entry2.o)
    0x080001c0   0x000000be   Code   RO         5122    .emb_text           port.o
    0x0800027e   0x00000002   PAD
    0x08000280   0x00000024   Code   RO          537    .text               startup_gd32f450_470.o
    0x080002a4   0x00000024   Code   RO         6506    .text               mc_w.l(memcpya.o)
    0x080002c8   0x00000024   Code   RO         6508    .text               mc_w.l(memseta.o)
    0x080002ec   0x0000000e   Code   RO         6514    .text               mc_w.l(strlen.o)
    0x080002fa   0x00000002   PAD
    0x080002fc   0x00000024   Code   RO         6941    .text               mc_w.l(init.o)
    0x08000320   0x00000056   Code   RO         6994    .text               mc_w.l(__dczerorl2.o)
    0x08000376   0x00000004   Code   RO          356    i.BusFault_Handler  gd32f4xx_it.o
    0x0800037a   0x00000002   PAD
    0x0800037c   0x00000050   Code   RO         5548    i.CAN0_RX0_IRQHandler  drv_can.o
    0x080003cc   0x00000002   Code   RO         5549    i.CAN0_TX_IRQHandler  drv_can.o
    0x080003ce   0x00000002   PAD
    0x080003d0   0x00000054   Code   RO         5550    i.CAN1_RX0_IRQHandler  drv_can.o
    0x08000424   0x00000098   Code   RO         5390    i.DMA0_Channel7_IRQHandler  drv_usart.o
    0x080004bc   0x00000002   Code   RO          357    i.DebugMon_Handler  gd32f4xx_it.o
    0x080004be   0x0000000a   Code   RO         5207    i.EXTI0_IRQHandler  drv_gpio.o
    0x080004c8   0x00000028   Code   RO         5208    i.EXTI10_15_IRQHandler  drv_gpio.o
    0x080004f0   0x0000000a   Code   RO         5209    i.EXTI1_IRQHandler  drv_gpio.o
    0x080004fa   0x0000000a   Code   RO         5210    i.EXTI2_IRQHandler  drv_gpio.o
    0x08000504   0x0000000a   Code   RO         5211    i.EXTI3_IRQHandler  drv_gpio.o
    0x0800050e   0x00000002   PAD
    0x08000510   0x0000003c   Code   RO         5212    i.EXTI4_IRQHandler  drv_gpio.o
    0x0800054c   0x00000022   Code   RO         5213    i.EXTI5_9_IRQHandler  drv_gpio.o
    0x0800056e   0x00000002   PAD
    0x08000570   0x00000040   Code   RO         5214    i.GD32_GPIO_EXTI_IRQHandler  drv_gpio.o
    0x080005b0   0x00000004   Code   RO          358    i.HardFault_Handler  gd32f4xx_it.o
    0x080005b4   0x00000004   Code   RO          359    i.MemManage_Handler  gd32f4xx_it.o
    0x080005b8   0x00000002   Code   RO          360    i.NMI_Handler       gd32f4xx_it.o
    0x080005ba   0x00000002   PAD
    0x080005bc   0x00000028   Code   RO          304    i.NVIC_SetPriority  systick.o
    0x080005e4   0x00000002   Code   RO            3    i.OS_PostSleepProcessing  main.o
    0x080005e6   0x00000002   Code   RO            4    i.OS_PreSleepProcessing  main.o
    0x080005e8   0x00000034   Code   RO         5123    i.SysTick_Handler   port.o
    0x0800061c   0x00000110   Code   RO          494    i.SystemCoreClockUpdate  system_gd32f4xx.o
    0x0800072c   0x000000c8   Code   RO          495    i.SystemInit        system_gd32f4xx.o
    0x080007f4   0x000000b4   Code   RO         5664    i.TIMER1_IRQHandler  drv_timer.o
    0x080008a8   0x00000030   Code   RO         5665    i.TIMER3_IRQHandler  drv_timer.o
    0x080008d8   0x0000007c   Code   RO         5391    i.UART4_IRQHandler  drv_usart.o
    0x08000954   0x00000104   Code   RO         6056    i.Uart_RxInit       uartadapter.o
    0x08000a58   0x000000f4   Code   RO         6058    i.Uart_TxInit       uartadapter.o
    0x08000b4c   0x00000004   Code   RO          364    i.UsageFault_Handler  gd32f4xx_it.o
    0x08000b50   0x0000000e   Code   RO         6988    i.__scatterload_copy  mc_w.l(handlers.o)
    0x08000b5e   0x00000002   Code   RO         6989    i.__scatterload_null  mc_w.l(handlers.o)
    0x08000b60   0x0000000e   Code   RO         6990    i.__scatterload_zeroinit  mc_w.l(handlers.o)
    0x08000b6e   0x00000020   Code   RO         5215    i.bit2bitno         drv_gpio.o
    0x08000b8e   0x00000002   PAD
    0x08000b90   0x0000008c   Code   RO         5552    i.bxcan0_hw_init    drv_can.o
    0x08000c1c   0x0000008c   Code   RO         5553    i.bxcan1_hw_init    drv_can.o
    0x08000ca8   0x00000198   Code   RO         5554    i.bxcan_filter_config  drv_can.o
    0x08000e40   0x0000004a   Code   RO         5555    i.bxcan_format_data  drv_can.o
    0x08000e8a   0x0000000e   Code   RO         5556    i.bxcan_format_filter  drv_can.o
    0x08000e98   0x00000044   Code   RO         5557    i.bxcan_get_baud_index  drv_can.o
    0x08000edc   0x000000b4   Code   RO         5558    i.bxcan_init        drv_can.o
    0x08000f90   0x00000088   Code   RO         5561    i.bxcan_send_data   drv_can.o
    0x08001018   0x00000034   Code   RO          546    i.can_deinit        gd32f4xx_can.o
    0x0800104c   0x0000000c   Code   RO          547    i.can_error_get     gd32f4xx_can.o
    0x08001058   0x00000110   Code   RO          549    i.can_filter_init   gd32f4xx_can.o
    0x08001168   0x0000011e   Code   RO          552    i.can_init          gd32f4xx_can.o
    0x08001286   0x00000008   Code   RO          554    i.can_interrupt_enable  gd32f4xx_can.o
    0x0800128e   0x00000010   Code   RO          555    i.can_interrupt_flag_clear  gd32f4xx_can.o
    0x0800129e   0x00000002   PAD
    0x080012a0   0x00000074   Code   RO          556    i.can_interrupt_flag_get  gd32f4xx_can.o
    0x08001314   0x000000e4   Code   RO          557    i.can_message_receive  gd32f4xx_can.o
    0x080013f8   0x00000150   Code   RO          558    i.can_message_transmit  gd32f4xx_can.o
    0x08001548   0x0000001a   Code   RO          560    i.can_receive_message_length_get  gd32f4xx_can.o
    0x08001562   0x00000002   PAD
    0x08001564   0x0000002c   Code   RO         5725    i.ch378_dir_create  ch378.o
    0x08001590   0x00000020   Code   RO         5726    i.ch378_disk_connect  ch378.o
    0x080015b0   0x00000020   Code   RO         5727    i.ch378_disk_mount  ch378.o
    0x080015d0   0x0000003c   Code   RO         5731    i.ch378_filename_is_valid  ch378.o
    0x0800160c   0x00000024   Code   RO         5733    i.ch378_get_ic_vere  ch378.o
    0x08001630   0x00000018   Code   RO         5734    i.ch378_get_intStatus  ch378.o
    0x08001648   0x0000002c   Code   RO         5735    i.ch378_init        ch378.o
    0x08001674   0x0000003c   Code   RO         5736    i.ch378_port_init   ch378.o
    0x080016b0   0x00000046   Code   RO         5738    i.ch378_read_block  ch378.o
    0x080016f6   0x00000038   Code   RO         5740    i.ch378_set_filename  ch378.o
    0x0800172e   0x00000002   PAD
    0x08001730   0x00000114   Code   RO         5741    i.ch378_task        ch378.o
    0x08001844   0x00000014   Code   RO         5666    i.delay_1us         drv_timer.o
    0x08001858   0x00000020   Code   RO          775    i.dma_channel_disable  gd32f4xx_dma.o
    0x08001878   0x00000020   Code   RO          776    i.dma_channel_enable  gd32f4xx_dma.o
    0x08001898   0x00000026   Code   RO          777    i.dma_channel_subperipheral_select  gd32f4xx_dma.o
    0x080018be   0x00000020   Code   RO          778    i.dma_circulation_disable  gd32f4xx_dma.o
    0x080018de   0x00000002   PAD
    0x080018e0   0x000000cc   Code   RO         5392    i.dma_config        drv_usart.o
    0x080019ac   0x000000a4   Code   RO          780    i.dma_deinit        gd32f4xx_dma.o
    0x08001a50   0x0000003e   Code   RO          786    i.dma_interrupt_enable  gd32f4xx_dma.o
    0x08001a8e   0x0000003e   Code   RO          787    i.dma_interrupt_flag_clear  gd32f4xx_dma.o
    0x08001acc   0x00000204   Code   RO          788    i.dma_interrupt_flag_get  gd32f4xx_dma.o
    0x08001cd0   0x0000000e   Code   RO         5393    i.dma_nvic_config   drv_usart.o
    0x08001cde   0x00000002   PAD
    0x08001ce0   0x00000158   Code   RO          800    i.dma_single_data_mode_init  gd32f4xx_dma.o
    0x08001e38   0x00000022   Code   RO          801    i.dma_single_data_para_struct_init  gd32f4xx_dma.o
    0x08001e5a   0x00000010   Code   RO          805    i.dma_transfer_number_config  gd32f4xx_dma.o
    0x08001e6a   0x00000010   Code   RO          806    i.dma_transfer_number_get  gd32f4xx_dma.o
    0x08001e7a   0x00000002   PAD
    0x08001e7c   0x0000003c   Code   RO         4568    i.eTaskConfirmSleepModeStatus  tasks.o
    0x08001eb8   0x00000016   Code   RO         1524    i.exmc_norsram_enable  gd32f4xx_exmc.o
    0x08001ece   0x00000002   PAD
    0x08001ed0   0x000000e4   Code   RO         1525    i.exmc_norsram_init  gd32f4xx_exmc.o
    0x08001fb4   0x00000170   Code   RO         5943    i.exmc_sram_init    exmc_sram.o
    0x08002124   0x000000bc   Code   RO         1797    i.exti_init         gd32f4xx_exti.o
    0x080021e0   0x0000000c   Code   RO         1800    i.exti_interrupt_flag_clear  gd32f4xx_exti.o
    0x080021ec   0x00000024   Code   RO         1801    i.exti_interrupt_flag_get  gd32f4xx_exti.o
    0x08002210   0x0000000c   Code   RO            5    i.fpga_int_hdr      main.o
    0x0800221c   0x0000009c   Code   RO         5563    i.gd32_bxcan_init   drv_can.o
    0x080022b8   0x0000001c   Code   RO         5394    i.gd32_hw_usart_init  drv_usart.o
    0x080022d4   0x000000c8   Code   RO         5216    i.gd32_pin_attach_irq  drv_gpio.o
    0x0800239c   0x000000f4   Code   RO         5218    i.gd32_pin_irq_enable  drv_gpio.o
    0x08002490   0x000000c2   Code   RO         5219    i.gd32_pin_mode     drv_gpio.o
    0x08002552   0x00000020   Code   RO         5221    i.gd32_pin_write    drv_gpio.o
    0x08002572   0x00000008   Code   RO         5667    i.gd32_timer_init   drv_timer.o
    0x0800257a   0x00000002   PAD
    0x0800257c   0x0000008c   Code   RO         5395    i.gd32_usart_configure  drv_usart.o
    0x08002608   0x00000060   Code   RO         5396    i.gd32_usart_control  drv_usart.o
    0x08002668   0x00000014   Code   RO         5397    i.gd32_usart_dma_init  drv_usart.o
    0x0800267c   0x00000020   Code   RO         5398    i.gd32_usart_getc   drv_usart.o
    0x0800269c   0x00000022   Code   RO         5399    i.gd32_usart_putc   drv_usart.o
    0x080026be   0x00000002   PAD
    0x080026c0   0x00000020   Code   RO         5222    i.get_pin           drv_gpio.o
    0x080026e0   0x0000005e   Code   RO         2164    i.gpio_af_set       gd32f4xx_gpio.o
    0x0800273e   0x00000004   Code   RO         2165    i.gpio_bit_reset    gd32f4xx_gpio.o
    0x08002742   0x00000004   Code   RO         2166    i.gpio_bit_set      gd32f4xx_gpio.o
    0x08002746   0x0000000a   Code   RO         2168    i.gpio_bit_write    gd32f4xx_gpio.o
    0x08002750   0x00000058   Code   RO         5403    i.gpio_configuration  drv_usart.o
    0x080027a8   0x000000c0   Code   RO            6    i.gpio_init         main.o
    0x08002868   0x0000004e   Code   RO         2172    i.gpio_mode_set     gd32f4xx_gpio.o
    0x080028b6   0x00000042   Code   RO         2174    i.gpio_output_options_set  gd32f4xx_gpio.o
    0x080028f8   0x0000003a   Code   RO         5877    i.hw_serial_register  serial.o
    0x08002932   0x00000002   PAD
    0x08002934   0x00000074   Code   RO         5330    i.hw_spi_init       drv_spi.o
    0x080029a8   0x00000044   Code   RO            7    i.main              main.o
    0x080029ec   0x0000006c   Code   RO         6792    i.malloc            mc_w.l(malloc.o)
    0x08002a58   0x00000018   Code   RO         2268    i.nvic_irq_disable  gd32f4xx_misc.o
    0x08002a70   0x000000c4   Code   RO         2269    i.nvic_irq_enable   gd32f4xx_misc.o
    0x08002b34   0x00000014   Code   RO         2270    i.nvic_priority_group_set  gd32f4xx_misc.o
    0x08002b48   0x00000038   Code   RO            8    i.peripherals_init  main.o
    0x08002b80   0x00000034   Code   RO         5223    i.pin_irq_install   drv_gpio.o
    0x08002bb4   0x00000098   Code   RO         4570    i.prvAddCurrentTaskToDelayedList  tasks.o
    0x08002c4c   0x000000b4   Code   RO         4571    i.prvAddNewTaskToReadyList  tasks.o
    0x08002d00   0x00000064   Code   RO         4922    i.prvCheckForValidListAndQueue  timers.o
    0x08002d64   0x00000048   Code   RO         4572    i.prvCheckTasksWaitingTermination  tasks.o
    0x08002dac   0x0000002a   Code   RO         4338    i.prvCopyDataFromQueue  queue.o
    0x08002dd6   0x0000007e   Code   RO         4339    i.prvCopyDataToQueue  queue.o
    0x08002e54   0x00000012   Code   RO         4573    i.prvDeleteTCB      tasks.o
    0x08002e66   0x00000002   PAD
    0x08002e68   0x0000004c   Code   RO         4574    i.prvGetExpectedIdleTime  tasks.o
    0x08002eb4   0x00000028   Code   RO         4923    i.prvGetNextExpireTime  timers.o
    0x08002edc   0x0000007c   Code   RO         5067    i.prvHeapInit       heap_4.o
    0x08002f58   0x00000060   Code   RO         4575    i.prvIdleTask       tasks.o
    0x08002fb8   0x0000002a   Code   RO         4342    i.prvInitialiseNewQueue  queue.o
    0x08002fe2   0x000000b4   Code   RO         4576    i.prvInitialiseNewTask  tasks.o
    0x08003096   0x00000002   PAD
    0x08003098   0x00000068   Code   RO         4577    i.prvInitialiseTaskLists  tasks.o
    0x08003100   0x00000068   Code   RO         5068    i.prvInsertBlockIntoFreeList  heap_4.o
    0x08003168   0x00000058   Code   RO         4925    i.prvInsertTimerInActiveList  timers.o
    0x080031c0   0x0000001a   Code   RO         4343    i.prvIsQueueEmpty   queue.o
    0x080031da   0x0000001e   Code   RO         4344    i.prvIsQueueFull    queue.o
    0x080031f8   0x0000008a   Code   RO         4345    i.prvNotifyQueueSetContainer  queue.o
    0x08003282   0x00000002   PAD
    0x08003284   0x00000074   Code   RO         4926    i.prvProcessExpiredTimer  timers.o
    0x080032f8   0x00000164   Code   RO         4927    i.prvProcessReceivedCommands  timers.o
    0x0800345c   0x00000074   Code   RO         4928    i.prvProcessTimerOrBlockTask  timers.o
    0x080034d0   0x00000034   Code   RO         4578    i.prvResetNextTaskUnblockTime  tasks.o
    0x08003504   0x0000002c   Code   RO         4929    i.prvSampleTimeNow  timers.o
    0x08003530   0x00000018   Code   RO            9    i.prvSetupHardware  main.o
    0x08003548   0x000000a4   Code   RO         4930    i.prvSwitchTimerLists  timers.o
    0x080035ec   0x00000040   Code   RO         5124    i.prvTaskExitError  port.o
    0x0800362c   0x0000001a   Code   RO         4931    i.prvTimerTask      timers.o
    0x08003646   0x00000090   Code   RO         4346    i.prvUnlockQueue    queue.o
    0x080036d6   0x00000002   PAD
    0x080036d8   0x00000154   Code   RO         5069    i.pvPortMalloc      heap_4.o
    0x0800382c   0x0000002c   Code   RO         5125    i.pxPortInitialiseStack  port.o
    0x08003858   0x0000001c   Code   RO         5404    i.rcc_configuration  drv_usart.o
    0x08003874   0x00000124   Code   RO         2474    i.rcu_clock_freq_get  gd32f4xx_rcu.o
    0x08003998   0x00000024   Code   RO         2493    i.rcu_periph_clock_enable  gd32f4xx_rcu.o
    0x080039bc   0x00000024   Code   RO         2496    i.rcu_periph_reset_disable  gd32f4xx_rcu.o
    0x080039e0   0x00000024   Code   RO         2497    i.rcu_periph_reset_enable  gd32f4xx_rcu.o
    0x08003a04   0x00000024   Code   RO         2509    i.rcu_timer_clock_prescaler_config  gd32f4xx_rcu.o
    0x08003a28   0x00000118   Code   RO         5331    i.spi_configure     drv_spi.o
    0x08003b40   0x0000000a   Code   RO         2776    i.spi_crc_off       gd32f4xx_spi.o
    0x08003b4a   0x0000000a   Code   RO         2783    i.spi_enable        gd32f4xx_spi.o
    0x08003b54   0x00000008   Code   RO         2785    i.spi_i2s_data_receive  gd32f4xx_spi.o
    0x08003b5c   0x00000004   Code   RO         2786    i.spi_i2s_data_transmit  gd32f4xx_spi.o
    0x08003b60   0x00000010   Code   RO         2788    i.spi_i2s_flag_get  gd32f4xx_spi.o
    0x08003b70   0x00000032   Code   RO         2792    i.spi_init          gd32f4xx_spi.o
    0x08003ba2   0x00000002   PAD
    0x08003ba4   0x00000040   Code   RO         5332    i.spi_recv          drv_spi.o
    0x08003be4   0x00000040   Code   RO         5333    i.spi_send          drv_spi.o
    0x08003c24   0x0000009c   Code   RO         5334    i.spi_xfer          drv_spi.o
    0x08003cc0   0x00000020   Code   RO           10    i.start_task        main.o
    0x08003ce0   0x000000ac   Code   RO         3014    i.syscfg_exti_line_config  gd32f4xx_syscfg.o
    0x08003d8c   0x000000fc   Code   RO          496    i.system_clock_200m_25m_hxtal  system_gd32f4xx.o
    0x08003e88   0x00000008   Code   RO          497    i.system_clock_config  system_gd32f4xx.o
    0x08003e90   0x00000050   Code   RO          307    i.systick_config    systick.o
    0x08003ee0   0x00000074   Code   RO         5669    i.timer3_init       drv_timer.o
    0x08003f54   0x0000000a   Code   RO         3072    i.timer_auto_reload_shadow_enable  gd32f4xx_timer.o
    0x08003f5e   0x0000002a   Code   RO         3080    i.timer_channel_capture_value_register_read  gd32f4xx_timer.o
    0x08003f88   0x00000184   Code   RO         3103    i.timer_deinit      gd32f4xx_timer.o
    0x0800410c   0x0000000a   Code   RO         3108    i.timer_enable      gd32f4xx_timer.o
    0x08004116   0x00000002   PAD
    0x08004118   0x00000098   Code   RO         3118    i.timer_init        gd32f4xx_timer.o
    0x080041b0   0x00000008   Code   RO         3125    i.timer_interrupt_enable  gd32f4xx_timer.o
    0x080041b8   0x00000006   Code   RO         3126    i.timer_interrupt_flag_clear  gd32f4xx_timer.o
    0x080041be   0x00000018   Code   RO         3127    i.timer_interrupt_flag_get  gd32f4xx_timer.o
    0x080041d6   0x0000001a   Code   RO         3141    i.timer_update_source_config  gd32f4xx_timer.o
    0x080041f0   0x00000050   Code   RO         5407    i.uart4_rx_finish_irq  drv_usart.o
    0x08004240   0x000000e8   Code   RO         5878    i.ug_serial_open    serial.o
    0x08004328   0x000000e8   Code   RO         3518    i.usart_baudrate_set  gd32f4xx_usart.o
    0x08004410   0x0000000a   Code   RO         3522    i.usart_data_receive  gd32f4xx_usart.o
    0x0800441a   0x00000008   Code   RO         3523    i.usart_data_transmit  gd32f4xx_usart.o
    0x08004422   0x00000002   PAD
    0x08004424   0x000000dc   Code   RO         3524    i.usart_deinit      gd32f4xx_usart.o
    0x08004500   0x00000010   Code   RO         3526    i.usart_dma_receive_config  gd32f4xx_usart.o
    0x08004510   0x00000010   Code   RO         3527    i.usart_dma_transmit_config  gd32f4xx_usart.o
    0x08004520   0x0000000a   Code   RO         3528    i.usart_enable      gd32f4xx_usart.o
    0x0800452a   0x0000001a   Code   RO         3529    i.usart_flag_clear  gd32f4xx_usart.o
    0x08004544   0x0000001e   Code   RO         3530    i.usart_flag_get    gd32f4xx_usart.o
    0x08004562   0x0000001a   Code   RO         3537    i.usart_interrupt_disable  gd32f4xx_usart.o
    0x0800457c   0x0000001a   Code   RO         3538    i.usart_interrupt_enable  gd32f4xx_usart.o
    0x08004596   0x0000001a   Code   RO         3539    i.usart_interrupt_flag_clear  gd32f4xx_usart.o
    0x080045b0   0x00000038   Code   RO         3540    i.usart_interrupt_flag_get  gd32f4xx_usart.o
    0x080045e8   0x00000010   Code   RO         3553    i.usart_parity_config  gd32f4xx_usart.o
    0x080045f8   0x00000010   Code   RO         3555    i.usart_receive_config  gd32f4xx_usart.o
    0x08004608   0x00000010   Code   RO         3566    i.usart_stop_bit_set  gd32f4xx_usart.o
    0x08004618   0x00000010   Code   RO         3570    i.usart_transmit_config  gd32f4xx_usart.o
    0x08004628   0x00000010   Code   RO         3571    i.usart_word_length_set  gd32f4xx_usart.o
    0x08004638   0x00000028   Code   RO         4301    i.uxListRemove      list.o
    0x08004660   0x00000002   Code   RO           11    i.vApplicationIdleHook  main.o
    0x08004662   0x00000016   Code   RO           12    i.vApplicationMallocFailedHook  main.o
    0x08004678   0x00000016   Code   RO           13    i.vApplicationStackOverflowHook  main.o
    0x0800468e   0x00000002   Code   RO           14    i.vApplicationTickHook  main.o
    0x08004690   0x0000001a   Code   RO         4302    i.vListInitialise   list.o
    0x080046aa   0x00000006   Code   RO         4303    i.vListInitialiseItem  list.o
    0x080046b0   0x00000034   Code   RO         4304    i.vListInsert       list.o
    0x080046e4   0x00000018   Code   RO         4305    i.vListInsertEnd    list.o
    0x080046fc   0x00000054   Code   RO         5127    i.vPortEnterCritical  port.o
    0x08004750   0x0000003c   Code   RO         5128    i.vPortExitCritical  port.o
    0x0800478c   0x000000a4   Code   RO         5070    i.vPortFree         heap_4.o
    0x08004830   0x00000068   Code   RO         5129    i.vPortSetupTimerInterrupt  port.o
    0x08004898   0x00000158   Code   RO         5130    i.vPortSuppressTicksAndSleep  port.o
    0x080049f0   0x00000078   Code   RO         5131    i.vPortValidateInterruptPriority  port.o
    0x08004a68   0x0000002c   Code   RO         4350    i.vQueueAddToRegistry  queue.o
    0x08004a94   0x0000004a   Code   RO         4353    i.vQueueWaitForMessageRestricted  queue.o
    0x08004ade   0x00000002   PAD
    0x08004ae0   0x000000f4   Code   RO         4590    i.vTaskDelete       tasks.o
    0x08004bd4   0x00000018   Code   RO         4592    i.vTaskInternalSetTimeOutState  tasks.o
    0x08004bec   0x0000000c   Code   RO         4593    i.vTaskMissedYield  tasks.o
    0x08004bf8   0x00000038   Code   RO         4595    i.vTaskPlaceOnEventList  tasks.o
    0x08004c30   0x00000040   Code   RO         4596    i.vTaskPlaceOnEventListRestricted  tasks.o
    0x08004c70   0x00000094   Code   RO         4603    i.vTaskStartScheduler  tasks.o
    0x08004d04   0x00000040   Code   RO         4604    i.vTaskStepTick     tasks.o
    0x08004d44   0x00000010   Code   RO         4606    i.vTaskSuspendAll   tasks.o
    0x08004d54   0x000000a8   Code   RO         4607    i.vTaskSwitchContext  tasks.o
    0x08004dfc   0x00000168   Code   RO         5132    i.xPortStartScheduler  port.o
    0x08004f64   0x00000054   Code   RO         4358    i.xQueueGenericCreate  queue.o
    0x08004fb8   0x00000098   Code   RO         4359    i.xQueueGenericReset  queue.o
    0x08005050   0x000001d8   Code   RO         4360    i.xQueueGenericSend  queue.o
    0x08005228   0x00000112   Code   RO         4361    i.xQueueGenericSendFromISR  queue.o
    0x0800533a   0x00000002   PAD
    0x0800533c   0x00000168   Code   RO         4368    i.xQueueReceive     queue.o
    0x080054a4   0x0000008c   Code   RO         4609    i.xTaskCheckForTimeOut  tasks.o
    0x08005530   0x00000060   Code   RO         4610    i.xTaskCreate       tasks.o
    0x08005590   0x00000020   Code   RO         4615    i.xTaskGetSchedulerState  tasks.o
    0x080055b0   0x0000000c   Code   RO         4616    i.xTaskGetTickCount  tasks.o
    0x080055bc   0x00000158   Code   RO         4618    i.xTaskIncrementTick  tasks.o
    0x08005714   0x000000c8   Code   RO         4621    i.xTaskPriorityDisinherit  tasks.o
    0x080057dc   0x0000009c   Code   RO         4623    i.xTaskRemoveFromEventList  tasks.o
    0x08005878   0x00000104   Code   RO         4624    i.xTaskResumeAll    tasks.o
    0x0800597c   0x00000054   Code   RO         4937    i.xTimerCreateTimerTask  timers.o
    0x080059d0   0x00000084   Code   RO         4938    i.xTimerGenericCommand  timers.o
    0x08005a54   0x00000002   Data   RO           16    .constdata          main.o
    0x08005a56   0x00000002   PAD
    0x08005a58   0x00000b60   Data   RO         5224    .constdata          drv_gpio.o
    0x080065b8   0x00000014   Data   RO         5411    .constdata          drv_usart.o
    0x080065cc   0x00000040   Data   RO         5564    .constdata          drv_can.o
    0x0800660c   0x00000002   Data   RO         5744    .constdata          ch378.o
    0x0800660e   0x00000002   PAD
    0x08006610   0x00000020   Data   RO         6986    Region$$Table       anon$$obj.o


    Execution Region RW_IRAM1 (Base: 0x20000000, Size: 0x0000d920, Max: 0x00070000, ABSOLUTE, COMPRESSED[0x00000064])

    Base Addr    Size         Type   Attr      Idx    E Section Name        Object

    0x20000000   0x0000000c   Data   RW           17    .data               main.o
    0x2000000c   0x00000004   Data   RW          498    .data               system_gd32f4xx.o
    0x20000010   0x0000003c   Data   RW         4627    .data               tasks.o
    0x2000004c   0x00000014   Data   RW         4946    .data               timers.o
    0x20000060   0x00000020   Data   RW         5076    .data               heap_4.o
    0x20000080   0x00000018   Data   RW         5133    .data               port.o
    0x20000098   0x00000100   Data   RW         5225    .data               drv_gpio.o
    0x20000198   0x00000014   Data   RW         5337    .data               drv_spi.o
    0x200001ac   0x00000020   Data   RW         5412    .data               drv_usart.o
    0x200001cc   0x0000011c   Data   RW         5565    .data               drv_can.o
    0x200002e8   0x00000018   Data   RW         5670    .data               drv_timer.o
    0x20000300   0x00000010   Data   RW         5745    .data               ch378.o
    0x20000310   0x00000004   Data   RW         6911    .data               mc_w.l(mvars.o)
    0x20000314   0x00000004   Data   RW         6912    .data               mc_w.l(mvars.o)
    0x20000318   0x00000040   Zero   RW         4375    .bss                queue.o
    0x20000358   0x0000012c   Zero   RW         4626    .bss                tasks.o
    0x20000484   0x00000028   Zero   RW         4945    .bss                timers.o
    0x200004ac   0x0000c800   Zero   RW         5075    .bss                heap_4.o
    0x2000ccac   0x00000433   Zero   RW         5410    .bss                drv_usart.o
    0x2000d0df   0x00000040   Zero   RW         5743    .bss                ch378.o
    0x2000d11f   0x00000001   PAD
    0x2000d120   0x00000400   Zero   RW          535    HEAP                startup_gd32f450_470.o
    0x2000d520   0x00000400   Zero   RW          534    STACK               startup_gd32f450_470.o


==============================================================================

Image component sizes


      Code (inc. data)   RO Data    RW Data    ZI Data      Debug   Object Name

       734         82          2         16         64       7589   ch378.o
         0          0          0          0          0       2576   croutine.o
      1482         76         64        284          0       9605   drv_can.o
      1024         40       2912        256          0      12624   drv_gpio.o
       680         38          0         20          0       5923   drv_spi.o
       372         42          0         24          0       3383   drv_timer.o
      1040         86         20         32       1075      40037   drv_usart.o
         0          0          0          0          0       8124   event_groups.o
       368         16          0          0          0        765   exmc_sram.o
      1352         28          0          0          0       8443   gd32f4xx_can.o
      1348          4          0          0          0       9854   gd32f4xx_dma.o
       250          4          0          0          0       4454   gd32f4xx_exmc.o
       236         14          0          0          0       2254   gd32f4xx_exti.o
       256          0          0          0          0       4701   gd32f4xx_gpio.o
        20          0          0          0          0     120405   gd32f4xx_it.o
       240         26          0          0          0       2247   gd32f4xx_misc.o
       436         44          0          0          0       4595   gd32f4xx_rcu.o
        98          0          0          0          0       4764   gd32f4xx_spi.o
       172          6          0          0          0        842   gd32f4xx_syscfg.o
       666         44          0          0          0       7127   gd32f4xx_timer.o
       782         18          0          0          0      13234   gd32f4xx_usart.o
       732         72          0         32      51200       4503   heap_4.o
       148          0          0          0          0       3170   list.o
       436         42          2         12          0      41079   main.o
      1422        118          0         24          0      12558   port.o
      2008         22          0          0         64      16714   queue.o
       290          0          0          0          0       2289   serial.o
        36          8        428          0       2048        940   startup_gd32f450_470.o
       732         62          0          4          0       3879   system_gd32f4xx.o
       120         14          0          0          0      30128   systick.o
      3026        424          0         60        300      25873   tasks.o
      1266        114          0         20         40      12139   timers.o
       504         12          0          0          0       1680   uartadapter.o

    ----------------------------------------------------------------------
     22328       1456       3464        784      54792     428498   Object Totals
         0          0         32          0          0          0   (incl. Generated)
        52          0          4          0          1          0   (incl. Padding)

    ----------------------------------------------------------------------

      Code (inc. data)   RO Data    RW Data    ZI Data      Debug   Library Member Name

        86          0          0          0          0          0   __dczerorl2.o
         0          0          0          0          0          0   entry.o
         0          0          0          0          0          0   entry10a.o
         0          0          0          0          0          0   entry11a.o
         8          4          0          0          0          0   entry2.o
         4          0          0          0          0          0   entry5.o
         0          0          0          0          0          0   entry7b.o
         0          0          0          0          0          0   entry8b.o
         8          4          0          0          0          0   entry9a.o
        30          0          0          0          0          0   handlers.o
        36          8          0          0          0         68   init.o
       108         16          0          0          0         84   malloc.o
        36          0          0          0          0         68   memcpya.o
        36          0          0          0          0        108   memseta.o
         0          0          0          8          0          0   mvars.o
        14          0          0          0          0         68   strlen.o

    ----------------------------------------------------------------------
       368         32          0          8          0        396   Library Totals
         2          0          0          0          0          0   (incl. Padding)

    ----------------------------------------------------------------------

      Code (inc. data)   RO Data    RW Data    ZI Data      Debug   Library Name

       366         32          0          8          0        396   mc_w.l

    ----------------------------------------------------------------------
       368         32          0          8          0        396   Library Totals

    ----------------------------------------------------------------------

==============================================================================


      Code (inc. data)   RO Data    RW Data    ZI Data      Debug   

     22696       1488       3464        792      54792     406074   Grand Totals
     22696       1488       3464        100      54792     406074   ELF Image Totals (compressed)
     22696       1488       3464        100          0          0   ROM Totals

==============================================================================

    Total RO  Size (Code + RO Data)                26160 (  25.55kB)
    Total RW  Size (RW Data + ZI Data)             55584 (  54.28kB)
    Total ROM Size (Code + RO Data + RW Data)      26260 (  25.64kB)

==============================================================================

